******************************************************************************
                  TI ARM Linker PC v18.12.1                    
******************************************************************************
>> Linked Fri Oct 25 15:16:59 2019

OUTPUT FILE NAME:   <SMARTlockProject.out>
ENTRY POINT SYMBOL: "_c_int00_noargs"  address: 00000e79


MEMORY CONFIGURATION

         name            origin    length      used     unused   attr    fill
----------------------  --------  ---------  --------  --------  ----  --------
  MAIN                  00000000   00040000  00000f4e  0003f0b2  R  X
  INFO                  00200000   00004000  00000000  00004000  R  X
  SRAM_CODE             01000000   00010000  00000218  0000fde8  RW X
  SRAM_DATA             20000000   00010000  00000218  0000fde8  RW  


SEGMENT ALLOCATION MAP

run origin  load origin   length   init length attrs members
----------  ----------- ---------- ----------- ----- -------
00000000    00000000    00000f50   00000f50    r-x
  00000000    00000000    000000e4   000000e4    r-- .intvecs
  000000e4    000000e4    00000e2a   00000e2a    r-x .text
  00000f10    00000f10    00000040   00000040    r-- .cinit
20000000    20000000    00000018   00000000    rw-
  20000000    20000000    00000010   00000000    rw- .data
  20000010    20000010    00000008   00000000    rw- .bss
2000fe00    2000fe00    00000200   00000000    rw-
  2000fe00    2000fe00    00000200   00000000    rw- .stack


SECTION ALLOCATION MAP

 output                                  attributes/
section   page    origin      length       input sections
--------  ----  ----------  ----------   ----------------
.intvecs   0    00000000    000000e4     
                  00000000    000000e4     startup_msp432p401r_ccs.obj (.intvecs:retain)

.text      0    000000e4    00000e2a     
                  000000e4    00000460     lcd16.obj (.text)
                  00000544    000003a8     keypad.obj (.text)
                  000008ec    00000334     system_msp432p401r.obj (.text)
                  00000c20    0000009c     main.obj (.text)
                  00000cbc    0000009c     rtsv7M4_T_le_v4SPD16_eabi.lib : memcpy_t2.asm.obj (.text)
                  00000d58    00000074     infrared.obj (.text)
                  00000dcc    00000068     rtsv7M4_T_le_v4SPD16_eabi.lib : copy_decompress_lzss.c.obj (.text:decompress:lzss:__TI_decompress_lzss)
                  00000e34    00000044                                   : autoinit.c.obj (.text:__TI_auto_init_nobinit_nopinit:__TI_auto_init_nobinit_nopinit)
                  00000e78    00000034                                   : boot_cortex_m.c.obj (.text:_c_int00_noargs:_c_int00_noargs)
                  00000eac    0000002c     relay.obj (.text)
                  00000ed8    00000012     rtsv7M4_T_le_v4SPD16_eabi.lib : copy_zero_init.c.obj (.text:decompress:ZI:__TI_zero_init_nomemset:__TI_zero_init_nomemset)
                  00000eea    0000000e                                   : copy_decompress_none.c.obj (.text:decompress:none:__TI_decompress_none)
                  00000ef8    0000000e     startup_msp432p401r_ccs.obj (.text)
                  00000f06    00000004     rtsv7M4_T_le_v4SPD16_eabi.lib : pre_init.c.obj (.text:_system_pre_init)
                  00000f0a    00000004                                   : exit.c.obj (.text:abort:abort)

.cinit     0    00000f10    00000040     
                  00000f10    00000016     (.cinit..data.load) [load image, compression = lzss]
                  00000f26    00000002     --HOLE-- [fill = 0]
                  00000f28    0000000c     (__TI_handler_table)
                  00000f34    00000004     --HOLE-- [fill = 0]
                  00000f38    00000008     (.cinit..bss.load) [load image, compression = zero_init]
                  00000f40    00000010     (__TI_cinit_table)

.init_array 
*          0    00000000    00000000     UNINITIALIZED

.binit     0    00000000    00000000     

.data      0    20000000    00000010     UNINITIALIZED
                  20000000    0000000c     keypad.obj (.data)
                  2000000c    00000004     system_msp432p401r.obj (.data)

.bss       0    20000010    00000008     UNINITIALIZED
                  20000010    00000008     (.common:password)

.stack     0    2000fe00    00000200     UNINITIALIZED
                  2000fe00    00000004     rtsv7M4_T_le_v4SPD16_eabi.lib : boot_cortex_m.c.obj (.stack)
                  2000fe04    000001fc     --HOLE--

MODULE SUMMARY

       Module                        code   ro data   rw data
       ------                        ----   -------   -------
    .\
       lcd16.obj                     1120   0         0      
       keypad.obj                    936    0         40     
       system_msp432p401r.obj        820    0         8      
       startup_msp432p401r_ccs.obj   14     228       0      
       main.obj                      156    0         0      
       infrared.obj                  116    0         0      
       relay.obj                     44     0         0      
    +--+-----------------------------+------+---------+---------+
       Total:                        3206   228       48     
                                                             
    C:\ti\ccs901\ccs\tools\compiler\ti-cgt-arm_18.12.1.LTS\lib\rtsv7M4_T_le_v4SPD16_eabi.lib
       memcpy_t2.asm.obj             156    0         0      
       copy_decompress_lzss.c.obj    104    0         0      
       autoinit.c.obj                68     0         0      
       boot_cortex_m.c.obj           52     0         0      
       copy_zero_init.c.obj          18     0         0      
       copy_decompress_none.c.obj    14     0         0      
       exit.c.obj                    4      0         0      
       pre_init.c.obj                4      0         0      
    +--+-----------------------------+------+---------+---------+
       Total:                        420    0         0      
                                                             
       Stack:                        0      0         1024   
       Linker Generated:             0      58        0      
    +--+-----------------------------+------+---------+---------+
       Grand Total:                  3626   286       1072   


LINKER GENERATED COPY TABLES

__TI_cinit_table @ 00000f40 records: 2, size/record: 8, table size: 16
	.data: load addr=00000f10, load size=00000016 bytes, run addr=20000000, run size=00000010 bytes, compression=lzss
	.bss: load addr=00000f38, load size=00000008 bytes, run addr=20000010, run size=00000008 bytes, compression=zero_init


LINKER GENERATED HANDLER TABLE

__TI_handler_table @ 00000f28 records: 3, size/record: 4, table size: 12
	index: 0, handler: __TI_decompress_lzss
	index: 1, handler: __TI_decompress_none
	index: 2, handler: __TI_zero_init


GLOBAL SYMBOLS: SORTED ALPHABETICALLY BY Name 

address   name                          
-------   ----                          
00000f05  ADC14_IRQHandler              
00000f05  AES256_IRQHandler             
00000f05  BusFault_Handler              
00000f0b  C$$EXIT                       
00000f05  COMP_E0_IRQHandler            
00000f05  COMP_E1_IRQHandler            
00000f05  CS_IRQHandler                 
00000f05  DMA_ERR_IRQHandler            
00000f05  DMA_INT0_IRQHandler           
00000f05  DMA_INT1_IRQHandler           
00000f05  DMA_INT2_IRQHandler           
00000f05  DMA_INT3_IRQHandler           
00000f05  DebugMon_Handler              
00000f05  Default_Handler               
00000f05  EUSCIA0_IRQHandler            
00000f05  EUSCIA1_IRQHandler            
00000f05  EUSCIA2_IRQHandler            
00000f05  EUSCIA3_IRQHandler            
00000f05  EUSCIB0_IRQHandler            
00000f05  EUSCIB1_IRQHandler            
00000f05  EUSCIB2_IRQHandler            
00000f05  EUSCIB3_IRQHandler            
00000f05  FLCTL_IRQHandler              
00000f05  FPU_IRQHandler                
00000f05  HardFault_Handler             
00000f05  MemManage_Handler             
00000f05  NMI_Handler                   
00000f05  PCM_IRQHandler                
00000f05  PORT1_IRQHandler              
00000f05  PORT2_IRQHandler              
00000f05  PORT3_IRQHandler              
00000f05  PORT4_IRQHandler              
00000c6f  PORT5_IRQHandler              
00000c6f  PORT5_IRQHandler              
00000f05  PORT6_IRQHandler              
00000f05  PSS_IRQHandler                
00000f05  PendSV_Handler                
20000000  R1C1                          
20000001  R1C2                          
20000002  R1C3                          
20000003  R2C1                          
20000004  R2C2                          
20000005  R2C3                          
20000006  R3C1                          
20000007  R3C2                          
20000008  R3C3                          
20000009  R4C1                          
2000000a  R4C2                          
2000000b  R4C3                          
00000f05  RTC_C_IRQHandler              
00000ef9  Reset_Handler                 
00000f05  SVC_Handler                   
00000f05  SysTick_Handler               
2000000c  SystemCoreClock               
000008ed  SystemCoreClockUpdate         
00000b65  SystemInit                    
00000f05  T32_INT1_IRQHandler           
00000f05  T32_INT2_IRQHandler           
00000f05  T32_INTC_IRQHandler           
00000f05  TA0_0_IRQHandler              
00000f05  TA0_N_IRQHandler              
00000f05  TA1_0_IRQHandler              
00000f05  TA1_N_IRQHandler              
00000f05  TA2_0_IRQHandler              
00000f05  TA2_N_IRQHandler              
00000f05  TA3_0_IRQHandler              
00000f05  TA3_N_IRQHandler              
00000f05  UsageFault_Handler            
4000480c  WDTCTL_SYM                    
00000f05  WDT_A_IRQHandler              
20010000  __STACK_END                   
00000200  __STACK_SIZE                  
00000f40  __TI_CINIT_Base               
00000f50  __TI_CINIT_Limit              
00000f28  __TI_Handler_Table_Base       
00000f34  __TI_Handler_Table_Limit      
00000e35  __TI_auto_init_nobinit_nopinit
00000dcd  __TI_decompress_lzss          
00000eeb  __TI_decompress_none          
ffffffff  __TI_pprof_out_hndl           
ffffffff  __TI_prof_data_size           
ffffffff  __TI_prof_data_start          
00000000  __TI_static_base__            
00000ed9  __TI_zero_init_nomemset       
00000cbd  __aeabi_memcpy                
00000cbd  __aeabi_memcpy4               
00000cbd  __aeabi_memcpy8               
ffffffff  __binit__                     
ffffffff  __c_args__                    
UNDEFED   __mpu_init                    
2000fe00  __stack                       
00000e79  _c_int00_noargs               
UNDEFED   _system_post_cinit            
00000f07  _system_pre_init              
00000f0b  abort                         
ffffffff  binit                         
0000057b  checkpassword                 
0000045b  gotoXy                        
00000d89  infrareddetect                
00000d59  infraredinit                  
00000d95  infrarednodetect              
00000545  insertpassword                
0000049d  integerToLcd                  
00000000  interruptVectors              
00000665  keypadcol1check               
00000701  keypadcol2check               
0000079d  keypadcol3check               
000005df  keypadcolinit                 
00000839  keypadinit                    
00000845  keypadpress                   
000005b5  keypadrowinit                 
0000063b  keypadrowoutput               
000001ef  lcdData                       
000000e5  lcdcmd                        
000002f9  lcdinit                       
00000c21  main                          
00000cbd  memcpy                        
20000010  password                      
0000043d  prints                        
00000ead  relayinit                     
00000ec5  relayoff                      
00000eb9  relayon                       
00000405  waitlcd                       


GLOBAL SYMBOLS: SORTED BY Symbol Address 

address   name                          
-------   ----                          
00000000  __TI_static_base__            
00000000  interruptVectors              
000000e5  lcdcmd                        
000001ef  lcdData                       
00000200  __STACK_SIZE                  
000002f9  lcdinit                       
00000405  waitlcd                       
0000043d  prints                        
0000045b  gotoXy                        
0000049d  integerToLcd                  
00000545  insertpassword                
0000057b  checkpassword                 
000005b5  keypadrowinit                 
000005df  keypadcolinit                 
0000063b  keypadrowoutput               
00000665  keypadcol1check               
00000701  keypadcol2check               
0000079d  keypadcol3check               
00000839  keypadinit                    
00000845  keypadpress                   
000008ed  SystemCoreClockUpdate         
00000b65  SystemInit                    
00000c21  main                          
00000c6f  PORT5_IRQHandler              
00000c6f  PORT5_IRQHandler              
00000cbd  __aeabi_memcpy                
00000cbd  __aeabi_memcpy4               
00000cbd  __aeabi_memcpy8               
00000cbd  memcpy                        
00000d59  infraredinit                  
00000d89  infrareddetect                
00000d95  infrarednodetect              
00000dcd  __TI_decompress_lzss          
00000e35  __TI_auto_init_nobinit_nopinit
00000e79  _c_int00_noargs               
00000ead  relayinit                     
00000eb9  relayon                       
00000ec5  relayoff                      
00000ed9  __TI_zero_init_nomemset       
00000eeb  __TI_decompress_none          
00000ef9  Reset_Handler                 
00000f05  ADC14_IRQHandler              
00000f05  AES256_IRQHandler             
00000f05  BusFault_Handler              
00000f05  COMP_E0_IRQHandler            
00000f05  COMP_E1_IRQHandler            
00000f05  CS_IRQHandler                 
00000f05  DMA_ERR_IRQHandler            
00000f05  DMA_INT0_IRQHandler           
00000f05  DMA_INT1_IRQHandler           
00000f05  DMA_INT2_IRQHandler           
00000f05  DMA_INT3_IRQHandler           
00000f05  DebugMon_Handler              
00000f05  Default_Handler               
00000f05  EUSCIA0_IRQHandler            
00000f05  EUSCIA1_IRQHandler            
00000f05  EUSCIA2_IRQHandler            
00000f05  EUSCIA3_IRQHandler            
00000f05  EUSCIB0_IRQHandler            
00000f05  EUSCIB1_IRQHandler            
00000f05  EUSCIB2_IRQHandler            
00000f05  EUSCIB3_IRQHandler            
00000f05  FLCTL_IRQHandler              
00000f05  FPU_IRQHandler                
00000f05  HardFault_Handler             
00000f05  MemManage_Handler             
00000f05  NMI_Handler                   
00000f05  PCM_IRQHandler                
00000f05  PORT1_IRQHandler              
00000f05  PORT2_IRQHandler              
00000f05  PORT3_IRQHandler              
00000f05  PORT4_IRQHandler              
00000f05  PORT6_IRQHandler              
00000f05  PSS_IRQHandler                
00000f05  PendSV_Handler                
00000f05  RTC_C_IRQHandler              
00000f05  SVC_Handler                   
00000f05  SysTick_Handler               
00000f05  T32_INT1_IRQHandler           
00000f05  T32_INT2_IRQHandler           
00000f05  T32_INTC_IRQHandler           
00000f05  TA0_0_IRQHandler              
00000f05  TA0_N_IRQHandler              
00000f05  TA1_0_IRQHandler              
00000f05  TA1_N_IRQHandler              
00000f05  TA2_0_IRQHandler              
00000f05  TA2_N_IRQHandler              
00000f05  TA3_0_IRQHandler              
00000f05  TA3_N_IRQHandler              
00000f05  UsageFault_Handler            
00000f05  WDT_A_IRQHandler              
00000f07  _system_pre_init              
00000f0b  C$$EXIT                       
00000f0b  abort                         
00000f28  __TI_Handler_Table_Base       
00000f34  __TI_Handler_Table_Limit      
00000f40  __TI_CINIT_Base               
00000f50  __TI_CINIT_Limit              
20000000  R1C1                          
20000001  R1C2                          
20000002  R1C3                          
20000003  R2C1                          
20000004  R2C2                          
20000005  R2C3                          
20000006  R3C1                          
20000007  R3C2                          
20000008  R3C3                          
20000009  R4C1                          
2000000a  R4C2                          
2000000b  R4C3                          
2000000c  SystemCoreClock               
20000010  password                      
2000fe00  __stack                       
20010000  __STACK_END                   
4000480c  WDTCTL_SYM                    
ffffffff  __TI_pprof_out_hndl           
ffffffff  __TI_prof_data_size           
ffffffff  __TI_prof_data_start          
ffffffff  __binit__                     
ffffffff  __c_args__                    
ffffffff  binit                         
UNDEFED   __mpu_init                    
UNDEFED   _system_post_cinit            

[123 symbols]
