******************************************************************************
                  TI ARM Linker PC v18.12.2                    
******************************************************************************
>> Linked Fri Nov 29 10:34:13 2019

OUTPUT FILE NAME:   <2104accel.out>
ENTRY POINT SYMBOL: "_c_int00"  address: 00003cb1


MEMORY CONFIGURATION

         name            origin    length      used     unused   attr    fill
----------------------  --------  ---------  --------  --------  ----  --------
  MAIN                  00000000   00040000  000062a7  00039d59  R  X
  INFO                  00200000   00004000  00000000  00004000  R  X
  SRAM_CODE             01000000   00010000  00008f5f  000070a1  RW X
  SRAM_DATA             20000000   00010000  00008f5f  000070a1  RW  


SEGMENT ALLOCATION MAP

run origin  load origin   length   init length attrs members
----------  ----------- ---------- ----------- ----- -------
00000000    00000000    000062b0   000062b0    r-x
  00000000    00000000    0000003c   0000003c    r-- .resetVecs
  00000040    00000040    00005ba2   00005ba2    r-x .text
  00005be4    00005be4    00000491   00000491    r-- .const
  00006078    00006078    00000238   00000238    r-- .cinit
20000140    20000140    00008000   00000000    r--
  20000140    20000140    00008000   00000000    r-- .priheap
20008140    20008140    00000a20   00000000    rw-
  20008140    20008140    0000060f   00000000    rw- .data
  20008750    20008750    00000410   00000000    rw- .bss
2000fc00    2000fc00    00000400   00000000    rw-
  2000fc00    2000fc00    00000400   00000000    rw- .stack


SECTION ALLOCATION MAP

 output                                  attributes/
section   page    origin      length       input sections
--------  ----  ----------  ----------   ----------------
.text      0    00000040    00005ba2     
                  00000040    000002f8     drivers_msp432p401x.aem4f : PowerMSP432.oem4f (.text:Power_sleep)
                  00000338    0000028a     msp432p4xx_driverlib.lib : pcm.o (.text:__PCM_setPowerStateAdvanced)
                  000005c2    00000002     ti_drivers_config.obj (.text:Board_initHook)
                  000005c4    00000288     drivers_msp432p401x.aem4f : PowerMSP432.oem4f (.text:initPerfControl)
                  0000084c    000001f8                               : I2CMSP432.oem4f (.text:I2CMSP432_open)
                  00000a44    00000184                               : I2CMSP432.oem4f (.text:I2CMSP432_hwiIntFxn)
                  00000bc8    00000178     lcd16.obj (.text:lcdinit)
                  00000d40    0000015c     msp432p4xx_driverlib.lib : pcm.o (.text:__PCM_setPowerModeAdvanced)
                  00000e9c    00000136     rtsv7M4_T_le_v4SPD16_eabi.lib : fd_div_t2.asm.obj (.text)
                  00000fd2    00000006     drivers_msp432p401x.aem4f : I2CMSP432.oem4f (.text:I2CMSP432_control)
                  00000fd8    00000130     sysbios.aem4f : BIOS.obj (.text:ti_sysbios_knl_Semaphore_pend__E)
                  00001108    00000124     masterThread.obj (.text:mainThread)
                  0000122c    0000011c     keypad.obj (.text:checkpassword)
                  00001348    0000011c     drivers_msp432p401x.aem4f : I2CMSP432.oem4f (.text:primeTransfer)
                  00001464    0000010c     lcd16.obj (.text:lcdData)
                  00001570    0000010c     lcd16.obj (.text:lcdcmd)
                  0000167c    00000108     msp432p4xx_driverlib.lib : pcm.o (.text:__PCM_setCoreVoltageLevelAdvanced)
                  00001784    00000004                              : cpu.o (.text:CPU_wfi)
                  00001788    00000108     sysbios.aem4f : BIOS.obj (.text:ti_sysbios_knl_Task_postInit__I)
                  00001890    00000108                   : BIOS.obj (.text:xdc_runtime_Startup_startMods__I)
                  00001998    00000104                   : BIOS.obj (.text:ti_sysbios_knl_Task_Instance_finalize__E)
                  00001a9c    000000fc     rtsv7M4_T_le_v4SPD16_eabi.lib : fd_mul_t2.asm.obj (.text)
                  00001b98    000000f8     sysbios.aem4f : BIOS.obj (.text:ti_sysbios_family_arm_msp432_init_Boot_configureClocksHigh)
                  00001c90    000000f0     drivers_msp432p401x.aem4f : I2CMSP432.oem4f (.text:I2CMSP432_transfer)
                  00001d80    000000f0     sysbios.aem4f : BIOS.obj (.text:pthread_create)
                  00001e70    000000f0                   : m3_Hwi_asm.obj (.text:ti_sysbios_family_arm_m3_Hwi_dispatch__I)
                  00001f60    000000e4     msp432p4xx_driverlib.lib : cs.o (.text:CS_startHFXTWithTimeout)
                  00002044    00000004     dpl_msp432p401x.aem4f : HwiP_tirtos.oem4f (.text:HwiP_disable)
                  00002048    000000e4     sysbios.aem4f : BIOS.obj (.text:ti_sysbios_knl_Task_Instance_init__E)
                  0000212c    000000e0     msp432p4xx_driverlib.lib : cs.o (.text:CS_startLFXTWithTimeout)
                  0000220c    000000e0     keypad.obj (.text:keypadcolcheck)
                  000022ec    000000dc     msp432p4xx_driverlib.lib : cs.o (.text:_CSGetHFXTFrequency)
                  000023c8    000000d8     keypad.obj (.text:keypadpress)
                  000024a0    000000d0     sysbios.aem4f : BIOS.obj (.text:ti_sysbios_heaps_HeapMem_alloc__E)
                  00002570    000000c4                   : BIOS.obj (.text:ti_sysbios_knl_Task_sleep__E)
                  00002634    00000004     dpl_msp432p401x.aem4f : SemaphoreP_tirtos.oem4f (.text:SemaphoreP_post)
                  00002638    000000b8     sysbios.aem4f : BIOS.obj (.text:ti_sysbios_family_arm_m3_Hwi_Instance_init__E)
                  000026f0    000000b0     main_tirtos.obj (.text:main)
                  000027a0    000000ac     drivers_msp432p401x.aem4f : I2CMSP432.oem4f (.text:I2CMSP432_cancel)
                  0000284c    00000004     release_pem4f.oem4f (.text:ti_sysbios_BIOS_RtsGateProxy_enter__E)
                  00002850    000000a8     sysbios.aem4f : BIOS.obj (.text:ti_sysbios_family_arm_msp432_Timer_periodicStub__E)
                  000028f8    000000a6                   : BIOS.obj (.text:xdc_runtime_Core_createObject__I)
                  0000299e    00000002     drivers_msp432p401x.aem4f : I2CMSP432.oem4f (.text:I2CMSP432_init)
                  000029a0    000000a4     sysbios.aem4f : BIOS.obj (.text:ti_sysbios_knl_Task_setPri__E)
                  00002a44    000000a0     auto_init.aem4f : auto_init.oem4f (.text)
                  00002ae4    0000009c     drivers_msp432p401x.aem4f : PowerMSP432.oem4f (.text:Power_init)
                  00002b80    0000009c     rtsv7M4_T_le_v4SPD16_eabi.lib : memcpy_t2.asm.obj (.text)
                  00002c1c    00000004     release_pem4f.oem4f (.text:ti_sysbios_BIOS_RtsGateProxy_leave__E)
                  00002c20    00000094     sysbios.aem4f : BIOS.obj (.text:_pthread_removeThreadKeys)
                  00002cb4    00000004     release_pem4f.oem4f (.text:ti_sysbios_family_arm_m3_Hwi_delete)
                  00002cb8    00000094     sysbios.aem4f : BIOS.obj (.text:ti_sysbios_family_arm_m3_Hwi_initNVIC__E)
                  00002d4c    00000004     release_pem4f.oem4f (.text:ti_sysbios_family_arm_m3_TaskSupport_Module__startupDone__S)
                  00002d50    00000094     sysbios.aem4f : BIOS.obj (.text:ti_sysbios_knl_Task_exit__E)
                  00002de4    00000004     release_pem4f.oem4f (.text:ti_sysbios_heaps_HeapMem_Module_GateProxy_enter__E)
                  00002de8    00000090     sysbios.aem4f : BIOS.obj (.text:ti_sysbios_knl_Task_Module_startup__E)
                  00002e78    0000008c                   : m3_TaskSupport_asm.obj (.text:ti_sysbios_family_arm_m3_TaskSupport_buildTaskStack)
                  00002f04    00000004     release_pem4f.oem4f (.text:ti_sysbios_heaps_HeapMem_Module_GateProxy_leave__E)
                  00002f08    0000008c     sysbios.aem4f : BIOS.obj (.text:xdc_runtime_Memory_alloc__E)
                  00002f94    00000086     rtsv7M4_T_le_v4SPD16_eabi.lib : fd_cmp_t2.asm.obj (.text:__aeabi_cdcmple)
                  0000301a    00000086                                   : fd_cmp_t2.asm.obj (.text:__aeabi_cdrcmple)
                  000030a0    00000086     sysbios.aem4f : BIOS.obj (.text:xdc_runtime_Core_constructObject__I)
                  00003126    00000002     dpl_msp432p401x.aem4f : PowerMSP432_tirtos.oem4f (.text:PowerMSP432_initPolicy)
                  00003128    00000084     msp432p4xx_driverlib.lib : pcm.o (.text:PCM_gotoLPM3)
                  000031ac    00000084     drivers_msp432p401x.aem4f : PowerMSP432.oem4f (.text:restartHFXT)
                  00003230    00000084     sysbios.aem4f : BIOS.obj (.text:ti_sysbios_family_arm_m3_Hwi_postInit__I)
                  000032b4    00000004     release_pem4f.oem4f (.text:ti_sysbios_knl_Clock_TimerProxy_getMaxTicks__E)
                  000032b8    00000084     sysbios.aem4f : BIOS.obj (.text:ti_sysbios_heaps_HeapMem_free__E)
                  0000333c    00000004     release_pem4f.oem4f (.text:ti_sysbios_knl_Semaphore_delete)
                  00003340    00000080     sysbios.aem4f : BIOS.obj (.text:ti_sysbios_knl_Clock_workFunc__E)
                  000033c0    0000007a     rtsv7M4_T_le_v4SPD16_eabi.lib : memset_t2.asm.obj (.text)
                  0000343a    00000076     drivers_msp432p401x.aem4f : I2CMSP432.oem4f (.text:I2CMSP432_close)
                  000034b0    00000074     I2C.obj (.text:writeI2C)
                  00003524    00000004     release_pem4f.oem4f (.text:ti_sysbios_knl_Task_delete)
                  00003528    00000070     sysbios.aem4f : BIOS.obj (.text:ti_sysbios_heaps_HeapMem_initPrimary__I)
                  00003598    0000006c     msp432p4xx_driverlib.lib : i2c.o (.text:I2C_masterSendMultiByteFinish)
                  00003604    0000006c     I2C.obj (.text:readI2C)
                  00003670    0000006c     sysbios.aem4f : BIOS.obj (.text:ti_sysbios_knl_Swi_restoreHwi__E)
                  000036dc    00000068     drivers_msp432p401x.aem4f : PowerMSP432.oem4f (.text:PowerMSP432_getFreqs)
                  00003744    00000068     rtsv7M4_T_le_v4SPD16_eabi.lib : copy_decompress_lzss.c.obj (.text:decompress:lzss:__TI_decompress_lzss)
                  000037ac    00000068     drivers_msp432p401x.aem4f : I2CMSP432.oem4f (.text:initHw)
                  00003814    00000068     irThread.obj (.text:irThread)
                  0000387c    00000004     release_pem4f.oem4f (.text:xdc_runtime_System_Module_GateProxy_enter__E)
                  00003880    00000066     sysbios.aem4f : BIOS.obj (.text:xdc_runtime_Core_deleteObject__I)
                  000038e6    00000002     rtsv7M4_T_le_v4SPD16_eabi.lib : _lock.c.obj (.text:_nop)
                  000038e8    00000064     sysbios.aem4f : BIOS.obj (.text:pthread_exit)
                  0000394c    00000004     release_pem4f.oem4f (.text:xdc_runtime_System_Module_GateProxy_leave__E)
                  00003950    00000064     sysbios.aem4f : BIOS.obj (.text:ti_sysbios_family_arm_m3_Hwi_dispatchC__I)
                  000039b4    00000002     release_pem4f.oem4f (.text:ti_sysbios_BIOS_nullFunc__I)
                  000039b6    00000002     --HOLE-- [fill = 0]
                  000039b8    00000060     sysbios.aem4f : BIOS.obj (.text:ti_sysbios_knl_Semaphore_post__E)
                  00003a18    00000060                   : BIOS.obj (.text:ti_sysbios_knl_Swi_run__I)
                  00003a78    0000005e     msp432p4xx_driverlib.lib : pcm.o (.text:PCM_getCoreVoltageLevel)
                  00003ad6    00000002     --HOLE-- [fill = 0]
                  00003ad8    0000005c     accel.obj (.text:readAccelData)
                  00003b34    00000004     --HOLE-- [fill = 0]
                  00003b38    0000005c     sysbios.aem4f : BIOS.obj (.text:ti_sysbios_knl_Swi_schedule__I)
                  00003b94    00000004     --HOLE-- [fill = 0]
                  00003b98    0000005c                   : BIOS.obj (.text:ti_sysbios_knl_Task_startCore__E)
                  00003bf4    00000004     --HOLE-- [fill = 0]
                  00003bf8    0000005c                   : BIOS.obj (.text:xdc_runtime_Startup_exec__E)
                  00003c54    0000005a     msp432p4xx_driverlib.lib : pcm.o (.text:PCM_getPowerMode)
                  00003cae    00000002     --HOLE-- [fill = 0]
                  00003cb0    00000058     boot.aem4f : boot.oem4f (.text)
                  00003d08    00000058     sysbios.aem4f : m3_Hwi_asm_switch.obj (.text:ti_sysbios_family_arm_m3_Hwi_initStacks__E)
                  00003d60    00000056     drivers_msp432p401x.aem4f : I2CMSP432.oem4f (.text:completeTransfer)
                  00003db6    00000002     --HOLE-- [fill = 0]
                  00003db8    00000054     msp432p4xx_driverlib.lib : pcm.o (.text:PCM_shutdownDevice)
                  00003e0c    00000054     release_pem4f.oem4f (.text:ti_sysbios_family_arm_m3_Hwi_create)
                  00003e60    00000054     sysbios.aem4f : BIOS.obj (.text:ti_sysbios_family_arm_msp432_Timer_initDevice__I)
                  00003eb4    00000004     --HOLE-- [fill = 0]
                  00003eb8    00000054                   : BIOS.obj (.text:xdc_runtime_Core_assignLabel__I)
                  00003f0c    00000050     masterThread.obj (.text:delayMs)
                  00003f5c    00000004     --HOLE-- [fill = 0]
                  00003f60    00000050     sysbios.aem4f : BIOS.obj (.text:ti_sysbios_family_arm_m3_Hwi_Module_startup__E)
                  00003fb0    00000050     release_pem4f.oem4f (.text:ti_sysbios_knl_Task_create)
                  00004000    0000004c     dpl_msp432p401x.aem4f : PowerMSP432_tirtos.oem4f (.text:PowerMSP432_sleepPolicy)
                  0000404c    0000004c     rtsv7M4_T_le_v4SPD16_eabi.lib : cpy_tbl.c.obj (.text:copy_in)
                  00004098    0000004c     keypad.obj (.text:keypadcolinit)
                  000040e4    00000004     --HOLE-- [fill = 0]
                  000040e8    0000004c     sysbios.aem4f : BIOS.obj (.text:ti_sysbios_family_arm_msp432_Timer_postInit__I)
                  00004134    00000004     --HOLE-- [fill = 0]
                  00004138    0000004c                   : BIOS.obj (.text:ti_sysbios_family_arm_msp432_Timer_start__E)
                  00004184    00000004     --HOLE-- [fill = 0]
                  00004188    0000004c                   : BIOS.obj (.text:ti_sysbios_heaps_HeapMem_getStats__E)
                  000041d4    00000004     --HOLE-- [fill = 0]
                  000041d8    0000004c                   : BIOS.obj (.text:ti_sysbios_knl_Swi_runLoop__I)
                  00004224    00000004     --HOLE-- [fill = 0]
                  00004228    0000004c                   : BIOS.obj (.text:ti_sysbios_knl_Task_allBlockedFunction__I)
                  00004274    00000004     --HOLE-- [fill = 0]
                  00004278    0000004c                   : BIOS.obj (.text:ti_sysbios_knl_Task_schedule__I)
                  000042c4    00000048     drivers_msp432p401x.aem4f : PowerMSP432.oem4f (.text:Power_releaseConstraint)
                  0000430c    00000004     --HOLE-- [fill = 0]
                  00004310    00000048     sysbios.aem4f : BIOS.obj (.text:ti_sysbios_family_arm_m3_Hwi_disableInterrupt__E)
                  00004358    00000048                   : BIOS.obj (.text:ti_sysbios_family_arm_m3_Hwi_enableInterrupt__E)
                  000043a0    00000048                   : BIOS.obj (.text:ti_sysbios_knl_Mailbox_Module_startup__E)
                  000043e8    00000048                   : BIOS.obj (.text:xdc_runtime_Core_assignParams__I)
                  00004430    00000044     drivers_msp432p401x.aem4f : I2C.oem4f (.text:I2C_init)
                  00004474    00000044                               : I2CMSP432.oem4f (.text:perfChangeNotifyFxn)
                  000044b8    00000044     sysbios.aem4f : BIOS.obj (.text:ti_sysbios_family_arm_m3_Hwi_getStackInfo__E)
                  000044fc    00000004     --HOLE-- [fill = 0]
                  00004500    00000044                   : BIOS.obj (.text:ti_sysbios_knl_Swi_post__E)
                  00004544    00000040     dpl_msp432p401x.aem4f : HwiP_tirtos.oem4f (.text:HwiP_create)
                  00004584    00000040     drivers_msp432p401x.aem4f : I2C.oem4f (.text:I2C_open)
                  000045c4    00000004     --HOLE-- [fill = 0]
                  000045c8    00000040     sysbios.aem4f : BIOS.obj (.text:ti_sysbios_family_arm_msp432_Timer_Module_startup__E)
                  00004608    00000040                   : BIOS.obj (.text:ti_sysbios_family_arm_msp432_Timer_startup__E)
                  00004648    00000040                   : BIOS.obj (.text:ti_sysbios_heaps_HeapMem_Instance_init__E)
                  00004688    0000003c     dpl_msp432p401x.aem4f : SemaphoreP_tirtos.oem4f (.text:SemaphoreP_create)
                  000046c4    0000003c     keypad.obj (.text:insertpassword)
                  00004700    0000003c     sysbios.aem4f : BIOS.obj (.text:ti_sysbios_family_arm_m3_Hwi_Instance_finalize__E)
                  0000473c    00000004     --HOLE-- [fill = 0]
                  00004740    0000003c                   : BIOS.obj (.text:ti_sysbios_family_arm_msp432_Seconds_Module_startup__E)
                  0000477c    00000004     --HOLE-- [fill = 0]
                  00004780    0000003c                   : BIOS.obj (.text:ti_sysbios_knl_Swi_restore__E)
                  000047bc    00000004     --HOLE-- [fill = 0]
                  000047c0    0000003c                   : BIOS.obj (.text:usleep)
                  000047fc    0000003a     lcd16.obj (.text:gotoXy)
                  00004836    00000002     --HOLE-- [fill = 0]
                  00004838    00000038     drivers_msp432p401x.aem4f : PowerMSP432.oem4f (.text:Power_setConstraint)
                  00004870    00000038                               : PowerMSP432.oem4f (.text:notify)
                  000048a8    00000038     lcd16.obj (.text:waitlcd)
                  000048e0    00000038     sysbios.aem4f : BIOS.obj (.text:xdc_runtime_System_atexit__E)
                  00004918    00000034     release_pem4f.oem4f (.text:ti_sysbios_knl_Semaphore_create)
                  0000494c    00000004     --HOLE-- [fill = 0]
                  00004950    00000032     sysbios.aem4f : BIOS.obj (.text:ti_sysbios_hal_Hwi_initStack)
                  00004982    00000002     --HOLE-- [fill = 0]
                  00004984    00000030     keypad.obj (.text:clearPassword)
                  000049b4    00000030     drivers_msp432p401x.aem4f : I2CMSP432.oem4f (.text:mapPin)
                  000049e4    00000030     release_pem4f.oem4f (.text:ti_sysbios_BIOS_atExitFunc__I)
                  00004a14    00000030     release_pem4f.oem4f (.text:ti_sysbios_BIOS_startFunc__I)
                  00004a44    00000004     --HOLE-- [fill = 0]
                  00004a48    00000030     sysbios.aem4f : BIOS.obj (.text:ti_sysbios_family_arm_m3_TaskSupport_start__E)
                  00004a78    00000030     release_pem4f.oem4f (.text:ti_sysbios_gates_GateHwi_Object__create__S)
                  00004aa8    00000030     release_pem4f.oem4f (.text:ti_sysbios_gates_GateMutex_Object__create__S)
                  00004ad8    00000030     sysbios.aem4f : BIOS.obj (.text:ti_sysbios_gates_GateMutex_enter__E)
                  00004b08    00000030     release_pem4f.oem4f (.text:ti_sysbios_heaps_HeapMem_Object__create__S)
                  00004b38    00000030     sysbios.aem4f : BIOS.obj (.text:ti_sysbios_knl_Mailbox_postInit__I)
                  00004b68    00000030     release_pem4f.oem4f (.text:ti_sysbios_knl_Semaphore_construct)
                  00004b98    00000030     sysbios.aem4f : BIOS.obj (.text:ti_sysbios_knl_Semaphore_pendTimeout__I)
                  00004bc8    00000030                   : BIOS.obj (.text:ti_sysbios_knl_Task_processVitalTaskFlag__I)
                  00004bf8    00000030                   : BIOS.obj (.text:ti_sysbios_knl_Task_restore__E)
                  00004c28    00000030                   : BIOS.obj (.text:ti_sysbios_knl_Task_unblockI__E)
                  00004c58    00000030                   : BIOS.obj (.text:xdc_runtime_System_processAtExit__E)
                  00004c88    0000002e     rtsv7M4_T_le_v4SPD16_eabi.lib : i_tofd_t2.asm.obj (.text)
                  00004cb6    0000002c     dpl_msp432p401x.aem4f : PowerMSP432_tirtos.oem4f (.text:PowerMSP432_updateFreqs)
                  00004ce2    00000002     --HOLE-- [fill = 0]
                  00004ce4    0000002c     msp432p4xx_driverlib.lib : rtc_c.o (.text:RTC_C_holdClock)
                  00004d10    0000002c     sysbios.aem4f : BIOS.obj (.text:_pthread_cleanupFxn)
                  00004d3c    00000004     --HOLE-- [fill = 0]
                  00004d40    0000002c                   : BIOS.obj (.text:_pthread_delete$43)
                  00004d6c    0000002c     release_pem4f.oem4f (.text:ti_sysbios_knl_Clock_doTick__I)
                  00004d98    0000002c     release_pem4f.oem4f (.text:ti_sysbios_knl_Queue_construct)
                  00004dc4    00000028     msp432p4xx_driverlib.lib : pcm.o (.text:PCM_gotoLPM0)
                  00004dec    00000028     drivers_msp432p401x.aem4f : PowerMSP432.oem4f (.text:Power_registerNotify)
                  00004e14    00000028                               : PowerMSP432.oem4f (.text:disableFaultCounter)
                  00004e3c    00000028                               : PowerMSP432.oem4f (.text:disableHFXT)
                  00004e64    00000028     keypad.obj (.text:keypadrowinit)
                  00004e8c    00000028     sysbios.aem4f : m3_Hwi_asm.obj (.text:ti_sysbios_family_arm_m3_Hwi_excHandlerAsm__I)
                  00004eb4    00000004     --HOLE-- [fill = 0]
                  00004eb8    00000028                   : BIOS.obj (.text:ti_sysbios_knl_Clock_addI__E)
                  00004ee0    00000028                   : BIOS.obj (.text:ti_sysbios_knl_Swi_Module_startup__E)
                  00004f08    00000026     drivers_msp432p401x.aem4f : List.oem4f (.text:List_put)
                  00004f2e    00000026                               : List.oem4f (.text:List_remove)
                  00004f54    00000026     sysbios.aem4f : m3_Hwi_asm.obj (.text:ti_sysbios_family_arm_m3_Hwi_pendSV__I)
                  00004f7a    00000002     --HOLE-- [fill = 0]
                  00004f7c    00000024     msp432p4xx_driverlib.lib : wdt_a.o (.text:WDT_A_holdTimer)
                  00004fa0    00000024     infrared.obj (.text:infraredinit)
                  00004fc4    00000024     keypad.obj (.text:keypadrowoutput)
                  00004fe8    00000024     sysbios.aem4f : BIOS.obj (.text:pthread_attr_init)
                  0000500c    00000024     release_pem4f.oem4f (.text:ti_sysbios_BIOS_registerRTSLock__I)
                  00005030    00000024     release_pem4f.oem4f (.text:ti_sysbios_BIOS_removeRTSLock__I)
                  00005054    00000004     --HOLE-- [fill = 0]
                  00005058    00000024     sysbios.aem4f : BIOS.obj (.text:ti_sysbios_family_arm_msp432_ClockFreqs_setFrequency__E)
                  0000507c    00000024     release_pem4f.oem4f (.text:ti_sysbios_gates_GateMutex_Object__delete__S)
                  000050a0    00000024     sysbios.aem4f : BIOS.obj (.text:ti_sysbios_knl_Clock_Module_startup__E)
                  000050c4    00000004     --HOLE-- [fill = 0]
                  000050c8    00000024                   : BIOS.obj (.text:ti_sysbios_knl_Semaphore_Instance_init__E)
                  000050ec    00000024     release_pem4f.oem4f (.text:ti_sysbios_knl_Semaphore_Object__delete__S)
                  00005110    00000024     sysbios.aem4f : BIOS.obj (.text:ti_sysbios_knl_Task_restoreHwi__E)
                  00005134    00000004     --HOLE-- [fill = 0]
                  00005138    00000024                   : BIOS.obj (.text:xdc_runtime_Error_policyMin__E)
                  0000515c    00000020     msp432p4xx_driverlib.lib : cs.o (.text:CS_setExternalClockSourceFrequency)
                  0000517c    00000020     GPIO_Driver.obj (.text:GPIO_Clear_Interrupt_Flag)
                  0000519c    00000020     GPIO_Driver.obj (.text:GPIO_Interrupt_Edge_High)
                  000051bc    00000020     GPIO_Driver.obj (.text:GPIO_Interrupt_Enable)
                  000051dc    00000020     GPIO_Driver.obj (.text:GPIO_Output_High)
                  000051fc    00000020     GPIO_Driver.obj (.text:GPIO_Output_Low)
                  0000521c    00000020     GPIO_Driver.obj (.text:GPIO_getInputPin_Value)
                  0000523c    00000020     GPIO_Driver.obj (.text:GPIO_setAsInput)
                  0000525c    00000020     GPIO_Driver.obj (.text:GPIO_setAsInput_PullDown)
                  0000527c    00000020     GPIO_Driver.obj (.text:GPIO_setAsInput_PullUp)
                  0000529c    00000020     GPIO_Driver.obj (.text:GPIO_setAsOutput)
                  000052bc    00000020     drivers_msp432p401x.aem4f : PowerMSP432.oem4f (.text:Power_unregisterNotify)
                  000052dc    00000020     release_pem4f.oem4f (.text:ti_sysbios_BIOS_rtsLock__I)
                  000052fc    00000020     release_pem4f.oem4f (.text:ti_sysbios_family_arm_m3_Hwi_Object__delete__S)
                  0000531c    00000020     release_pem4f.oem4f (.text:ti_sysbios_gates_GateHwi_Object__delete__S)
                  0000533c    00000020     release_pem4f.oem4f (.text:ti_sysbios_heaps_HeapMem_Object__delete__S)
                  0000535c    00000004     --HOLE-- [fill = 0]
                  00005360    00000020     sysbios.aem4f : BIOS.obj (.text:ti_sysbios_knl_Idle_run__E)
                  00005380    00000020     release_pem4f.oem4f (.text:ti_sysbios_knl_Semaphore_destruct)
                  000053a0    00000020     release_pem4f.oem4f (.text:ti_sysbios_knl_Task_Object__delete__S)
                  000053c0    0000001e     lcd16.obj (.text:prints)
                  000053de    0000001e     sysbios.aem4f : m3_Hwi_asm_switch.obj (.text:ti_sysbios_family_xxx_Hwi_switchAndRunFunc)
                  000053fc    00000004     --HOLE-- [fill = 0]
                  00005400    0000001c                   : BIOS.obj (.text:ti_sysbios_family_arm_m3_Hwi_excHandler__I)
                  0000541c    00000004     --HOLE-- [fill = 0]
                  00005420    0000001c                   : BIOS.obj (.text:ti_sysbios_gates_GateMutex_Instance_init__E)
                  0000543c    0000001c     release_pem4f.oem4f (.text:ti_sysbios_knl_Queue_destruct)
                  00005458    0000001c     sysbios.aem4f : BIOS.obj (.text:ti_sysbios_knl_Queue_put__E)
                  00005474    00000004     --HOLE-- [fill = 0]
                  00005478    0000001c                   : BIOS.obj (.text:ti_sysbios_knl_Task_enter__I)
                  00005494    00000004     --HOLE-- [fill = 0]
                  00005498    0000001c                   : BIOS.obj (.text:ti_sysbios_rts_ti_ReentSupport_getReent__F)
                  000054b4    00000004     --HOLE-- [fill = 0]
                  000054b8    0000001c                   : BIOS.obj (.text:xdc_runtime_Memory_valloc__E)
                  000054d4    00000004     --HOLE-- [fill = 0]
                  000054d8    0000001c                   : BIOS.obj (.text:xdc_runtime_System_abort__E)
                  000054f4    00000018     release_pem4f.oem4f (.text:.bootCodeSection:ti_sysbios_family_arm_msp432_init_Boot_init__I)
                  0000550c    00000018     drivers_msp432p401x.aem4f : I2C.oem4f (.text:I2C_transfer)
                  00005524    00000018     msp432p4xx_driverlib.lib : sysctl_a.o (.text:SysCtl_A_disableNMISource)
                  0000553c    00000018                              : sysctl_a.o (.text:SysCtl_A_enableNMISource)
                  00005554    00000018     rtsv7M4_T_le_v4SPD16_eabi.lib : args_main.c.obj (.text:_args_main)
                  0000556c    00000018     release_pem4f.oem4f (.text:ti_sysbios_BIOS_rtsUnlock__I)
                  00005584    00000018     release_pem4f.oem4f (.text:ti_sysbios_family_arm_m3_Hwi_Module__startupDone__F)
                  0000559c    00000018     sysbios.aem4f : m3_TaskSupport_asm.obj (.text:ti_sysbios_family_arm_m3_TaskSupport_swap__E)
                  000055b4    00000018     release_pem4f.oem4f (.text:ti_sysbios_family_arm_msp432_Timer_Module__startupDone__F)
                  000055cc    00000018     release_pem4f.oem4f (.text:ti_sysbios_gates_GateHwi_Handle__label__S)
                  000055e4    00000018     release_pem4f.oem4f (.text:ti_sysbios_gates_GateMutex_Handle__label__S)
                  000055fc    00000004     --HOLE-- [fill = 0]
                  00005600    00000018     sysbios.aem4f : BIOS.obj (.text:ti_sysbios_gates_GateMutex_leave__E)
                  00005618    00000018     release_pem4f.oem4f (.text:ti_sysbios_heaps_HeapMem_Handle__label__S)
                  00005630    00000018     sysbios.aem4f : BIOS.obj (.text:ti_sysbios_knl_Task_sleepTimeout__I)
                  00005648    00000018     release_pem4f.oem4f (.text:ti_sysbios_rts_ti_ReentSupport_getTlsAddr__I)
                  00005660    00000018     sysbios.aem4f : BIOS.obj (.text:xdc_runtime_Error_init__E)
                  00005678    00000018                   : BIOS.obj (.text:xdc_runtime_System_exit__E)
                  00005690    00000016     release_pem4f.oem4f (.text:ti_sysbios_BIOS_exitFunc__I)
                  000056a6    00000002     --HOLE-- [fill = 0]
                  000056a8    00000016     sysbios.aem4f : BIOS.obj (.text:ti_sysbios_knl_Task_unblock__E)
                  000056be    00000002     --HOLE-- [fill = 0]
                  000056c0    00000014     msp432p4xx_driverlib.lib : pcm.o (.text:PCM_getPowerState)
                  000056d4    00000014     drivers_msp432p401x.aem4f : PowerMSP432.oem4f (.text:Power_idleFunc)
                  000056e8    00000014     sysbios.aem4f : BIOS.obj (.text:pthread_attr_setschedparam)
                  000056fc    00000014     release_pem4f.oem4f (.text:ti_sysbios_family_arm_m3_Hwi_Object__get__S)
                  00005710    00000014     sysbios.aem4f : BIOS.obj (.text:ti_sysbios_family_arm_m3_Hwi_switchFromBootStack__E)
                  00005724    00000014     release_pem4f.oem4f (.text:ti_sysbios_heaps_HeapMem_Object__get__S)
                  00005738    00000014     release_pem4f.oem4f (.text:ti_sysbios_knl_Swi_Object__get__S)
                  0000574c    00000014     accel.obj (.text:writeByte)
                  00005760    00000012     dpl_msp432p401x.aem4f : SemaphoreP_tirtos.oem4f (.text:SemaphoreP_pend)
                  00005772    00000006     --HOLE-- [fill = 0]
                  00005778    00000012     sysbios.aem4f : BIOS.obj (.text:_pthread_cleanup_pop)
                  0000578a    00000006     --HOLE-- [fill = 0]
                  00005790    00000012                   : BIOS.obj (.text:_pthread_runStub$43)
                  000057a2    00000006     --HOLE-- [fill = 0]
                  000057a8    00000012                   : BIOS.obj (.text:ti_sysbios_hal_Hwi_Module_startup__E)
                  000057ba    00000012     release_pem4f.oem4f (.text:xdc_runtime_Startup_exec__I)
                  000057cc    00000010     dpl_msp432p401x.aem4f : HwiP_tirtos.oem4f (.text:HwiP_Params_init)
                  000057dc    00000010     drivers_msp432p401x.aem4f : I2C.oem4f (.text:I2C_Params_init)
                  000057ec    00000010     msp432p4xx_driverlib.lib : pcm.o (.text:PCM_gotoLPM4)
                  000057fc    00000010                              : pcm.o (.text:PCM_setPowerMode)
                  0000580c    00000010                              : pcm.o (.text:PCM_setPowerState)
                  0000581c    00000010     drivers_msp432p401x.aem4f : PowerMSP432.oem4f (.text:PowerMSP432_getNumPerfLevels)
                  0000582c    00000010     msp432p4xx_driverlib.lib : sysctl_a.o (.text:SysCtl_A_getNMISourceStatus)
                  0000583c    00000010                              : sysctl.o (.text:SysCtl_getNMISourceStatus)
                  0000584c    00000004     --HOLE-- [fill = 0]
                  00005850    00000010     sysbios.aem4f : BIOS.obj (.text:ti_sysbios_BIOS_exit__E)
                  00005860    00000010                   : BIOS.obj (.text:ti_sysbios_BIOS_setCpuFreq__E)
                  00005870    00000010                   : BIOS.obj (.text:ti_sysbios_BIOS_setThreadType__E)
                  00005880    00000010                   : BIOS.obj (.text:ti_sysbios_BIOS_start__E)
                  00005890    00000010                   : m3_TaskSupport_asm.obj (.text:ti_sysbios_family_arm_m3_TaskSupport_glue)
                  000058a0    00000010                   : BIOS.obj (.text:ti_sysbios_family_arm_msp432_init_Boot_disableWatchdog)
                  000058b0    00000010                   : BIOS.obj (.text:ti_sysbios_gates_GateMutex_Instance_finalize__E)
                  000058c0    00000010     release_pem4f.oem4f (.text:ti_sysbios_knl_Mailbox_Object__get__S)
                  000058d0    00000010     sysbios.aem4f : BIOS.obj (.text:ti_sysbios_knl_Semaphore_Instance_finalize__E)
                  000058e0    00000010                   : BIOS.obj (.text:ti_sysbios_knl_Swi_disable__E)
                  000058f0    00000010     release_pem4f.oem4f (.text:ti_sysbios_knl_Task_Object__get__S)
                  00005900    00000010     sysbios.aem4f : BIOS.obj (.text:ti_sysbios_knl_Task_disable__E)
                  00005910    00000010                   : BIOS.obj (.text:xdc_runtime_Gate_leaveSystem__E)
                  00005920    00000010                   : BIOS.obj (.text:xdc_runtime_Memory_free__E)
                  00005930    00000010                   : BIOS.obj (.text:xdc_runtime_SysCallback_abort__E)
                  00005940    00000010                   : BIOS.obj (.text:xdc_runtime_SysCallback_exit__E)
                  00005950    0000000e     rtsv7M4_T_le_v4SPD16_eabi.lib : copy_decompress_none.c.obj (.text:decompress:none:__TI_decompress_none)
                  0000595e    0000000e     infrared.obj (.text:infrareddetect)
                  0000596c    00000004     --HOLE-- [fill = 0]
                  00005970    0000000e     sysbios.aem4f : BIOS.obj (.text:pthread_attr_setdetachstate)
                  0000597e    00000002     --HOLE-- [fill = 0]
                  00005980    0000000e                   : BIOS.obj (.text:ti_sysbios_knl_Idle_loop__E)
                  0000598e    00000002     --HOLE-- [fill = 0]
                  00005990    0000000e                   : BIOS.obj (.text:ti_sysbios_knl_Queue_empty__E)
                  0000599e    0000000c     ti_drivers_config.obj (.text:Board_init)
                  000059aa    0000000c     msp432p4xx_driverlib.lib : cpu.o (.text:CPU_cpsid)
                  000059b6    0000000c                              : cpu.o (.text:CPU_cpsie)
                  000059c2    0000000c     dpl_msp432p401x.aem4f : HwiP_tirtos.oem4f (.text:HwiP_delete)
                  000059ce    00000002     --HOLE-- [fill = 0]
                  000059d0    0000000c     drivers_msp432p401x.aem4f : PowerMSP432.oem4f (.text:Power_getConstraintMask)
                  000059dc    0000000c                               : PowerMSP432.oem4f (.text:Power_getPerformanceLevel)
                  000059e8    0000000c     dpl_msp432p401x.aem4f : SemaphoreP_tirtos.oem4f (.text:SemaphoreP_delete)
                  000059f4    0000000c     rtsv7M4_T_le_v4SPD16_eabi.lib : _lock.c.obj (.text:_register_lock)
                  00005a00    0000000c                                   : _lock.c.obj (.text:_register_unlock)
                  00005a0c    0000000c                                   : copy_zero_init.c.obj (.text:decompress:ZI:__TI_zero_init)
                  00005a18    0000000c     keypad.obj (.text:keypadinit)
                  00005a24    00000004     --HOLE-- [fill = 0]
                  00005a28    0000000c     sysbios.aem4f : BIOS.obj (.text:pthread_self)
                  00005a34    0000000c     relay.obj (.text:relayinit)
                  00005a40    0000000c     relay.obj (.text:relayoff)
                  00005a4c    0000000c     relay.obj (.text:relayon)
                  00005a58    0000000c     release_pem4f.oem4f (.text:ti_sysbios_family_arm_m3_Hwi_Params__init__S)
                  00005a64    00000004     --HOLE-- [fill = 0]
                  00005a68    0000000c     sysbios.aem4f : BIOS.obj (.text:ti_sysbios_family_arm_m3_Hwi_disableFxn__E)
                  00005a74    00000004     --HOLE-- [fill = 0]
                  00005a78    0000000c                   : BIOS.obj (.text:ti_sysbios_family_arm_m3_TaskSupport_getStackAlignment__E)
                  00005a84    00000004     --HOLE-- [fill = 0]
                  00005a88    0000000c                   : BIOS.obj (.text:ti_sysbios_family_arm_msp432_Timer_getMaxTicks__E)
                  00005a94    00000004     --HOLE-- [fill = 0]
                  00005a98    0000000c                   : BIOS.obj (.text:ti_sysbios_gates_GateHwi_enter__E)
                  00005aa4    0000000c     release_pem4f.oem4f (.text:ti_sysbios_knl_Queue_Object__get__S)
                  00005ab0    0000000c     release_pem4f.oem4f (.text:ti_sysbios_knl_Semaphore_Params__init__S)
                  00005abc    0000000c     release_pem4f.oem4f (.text:ti_sysbios_knl_Task_Params__init__S)
                  00005ac8    0000000c     sysbios.aem4f : BIOS.obj (.text:ti_sysbios_knl_Task_self__E)
                  00005ad4    00000004     --HOLE-- [fill = 0]
                  00005ad8    0000000c                   : BIOS.obj (.text:ti_sysbios_rts_ti_ReentSupport_taskRegHook__I)
                  00005ae4    00000004     --HOLE-- [fill = 0]
                  00005ae8    0000000c                   : BIOS.obj (.text:xdc_runtime_Gate_enterSystem__E)
                  00005af4    00000004     --HOLE-- [fill = 0]
                  00005af8    0000000c                   : BIOS.obj (.text:xdc_runtime_Memory_calloc__E)
                  00005b04    00000004     --HOLE-- [fill = 0]
                  00005b08    0000000c                   : BIOS.obj (.text:xdc_runtime_Startup_rtsDone__E)
                  00005b14    0000000a     release_pem4f.oem4f (.text:xdc_runtime_IHeap_alloc)
                  00005b1e    0000000a     release_pem4f.oem4f (.text:xdc_runtime_IHeap_free)
                  00005b28    00000008     dpl_msp432p401x.aem4f : SemaphoreP_tirtos.oem4f (.text:SemaphoreP_Params_init)
                  00005b30    00000008     drivers_msp432p401x.aem4f : I2CMSP432.oem4f (.text:blockingTransferCallback)
                  00005b38    00000008     infrared.obj (.text:infrarednodetect)
                  00005b40    00000008     sysbios.aem4f : BIOS.obj (.text:pthread_attr_setstacksize)
                  00005b48    00000008                   : BIOS.obj (.text:ti_sysbios_family_arm_m3_Hwi_doSwiRestore__I)
                  00005b50    00000008                   : BIOS.obj (.text:ti_sysbios_family_arm_m3_Hwi_startup__E)
                  00005b58    00000006                   : BIOS.obj (.text:ti_sysbios_family_arm_m3_Hwi_doTaskRestore__I)
                  00005b5e    00000002     --HOLE-- [fill = 0]
                  00005b60    00000006                   : BIOS.obj (.text:ti_sysbios_family_arm_m3_Hwi_restoreFxn__E)
                  00005b66    00000002     --HOLE-- [fill = 0]
                  00005b68    00000006                   : BIOS.obj (.text:ti_sysbios_gates_GateHwi_leave__E)
                  00005b6e    00000002     --HOLE-- [fill = 0]
                  00005b70    00000006                   : BIOS.obj (.text:ti_sysbios_heaps_HeapMem_isBlocking__E)
                  00005b76    00000002     --HOLE-- [fill = 0]
                  00005b78    00000006                   : BIOS.obj (.text:ti_sysbios_knl_Queue_Instance_init__E)
                  00005b7e    00000002     --HOLE-- [fill = 0]
                  00005b80    00000006                   : BIOS.obj (.text:ti_sysbios_knl_Swi_startup__E)
                  00005b86    00000002     --HOLE-- [fill = 0]
                  00005b88    00000006                   : BIOS.obj (.text:xdc_runtime_System_Module_startup__E)
                  00005b8e    00000002     --HOLE-- [fill = 0]
                  00005b90    00000004                   : BIOS.obj (.text:__aeabi_errno_addr)
                  00005b94    00000004     --HOLE-- [fill = 0]
                  00005b98    00000004                   : BIOS.obj (.text:ti_sysbios_gates_GateHwi_query__E)
                  00005b9c    00000004     --HOLE-- [fill = 0]
                  00005ba0    00000004                   : BIOS.obj (.text:ti_sysbios_gates_GateMutex_query__E)
                  00005ba4    00000004     --HOLE-- [fill = 0]
                  00005ba8    00000004                   : BIOS.obj (.text:ti_sysbios_knl_Task_startup__E)
                  00005bac    00000004     --HOLE-- [fill = 0]
                  00005bb0    00000002                   : BIOS.obj (.text:ti_sysbios_BIOS_linkedWithIncorrectBootLibrary__E)
                  00005bb2    00000006     --HOLE-- [fill = 0]
                  00005bb8    00000002                   : BIOS.obj (.text:ti_sysbios_gates_GateHwi_Instance_init__E)
                  00005bba    00000006     --HOLE-- [fill = 0]
                  00005bc0    00000002                   : BIOS.obj (.text:ti_sysbios_knl_Clock_logTick__E)
                  00005bc2    00000006     --HOLE-- [fill = 0]
                  00005bc8    00000002                   : BIOS.obj (.text:xdc_runtime_SysCallback_defaultAbort)
                  00005bca    00000006     --HOLE-- [fill = 0]
                  00005bd0    00000002                   : BIOS.obj (.text:xdc_runtime_SysCallback_defaultExit)
                  00005bd2    00000006     --HOLE-- [fill = 0]
                  00005bd8    00000002                   : BIOS.obj (.text:xdc_runtime_System_abortSpin__E)
                  00005bda    00000006     --HOLE-- [fill = 0]
                  00005be0    00000002                   : BIOS.obj (.text:xdc_runtime_System_exitSpin__E)

.const     0    00005be4    00000491     
                  00005be4    00000048     release_pem4f.oem4f (.const:.string)
                  00005c2c    0000003c     release_pem4f.oem4f (.const:ti_sysbios_knl_Task_Object__PARAMS__C)
                  00005c68    00000038     ti_drivers_config.obj (.const:PowerMSP432_config)
                  00005ca0    00000030     release_pem4f.oem4f (.const:ti_sysbios_family_arm_m3_Hwi_Object__PARAMS__C)
                  00005cd0    00000028     release_pem4f.oem4f (.const:ti_sysbios_heaps_HeapMem_Module__FXNS__C)
                  00005cf8    00000024     release_pem4f.oem4f (.const:ti_sysbios_gates_GateHwi_Module__FXNS__C)
                  00005d1c    00000024     release_pem4f.oem4f (.const:ti_sysbios_gates_GateMutex_Module__FXNS__C)
                  00005d40    00000024     release_pem4f.oem4f (.const:ti_sysbios_heaps_HeapMem_Object__PARAMS__C)
                  00005d64    00000024     release_pem4f.oem4f (.const:ti_sysbios_knl_Semaphore_Object__PARAMS__C)
                  00005d88    00000024     release_pem4f.oem4f (.const:xdc_runtime_Startup_sfxnTab__A)
                  00005dac    00000020     release_pem4f.oem4f (.const:ti_sysbios_family_arm_m3_Hwi_Object__DESC__C)
                  00005dcc    00000020     release_pem4f.oem4f (.const:ti_sysbios_gates_GateHwi_Object__DESC__C)
                  00005dec    00000020     release_pem4f.oem4f (.const:ti_sysbios_gates_GateMutex_Object__DESC__C)
                  00005e0c    00000020     release_pem4f.oem4f (.const:ti_sysbios_heaps_HeapMem_Object__DESC__C)
                  00005e2c    00000020     release_pem4f.oem4f (.const:ti_sysbios_knl_Queue_Object__DESC__C)
                  00005e4c    00000020     release_pem4f.oem4f (.const:ti_sysbios_knl_Semaphore_Object__DESC__C)
                  00005e6c    00000020     release_pem4f.oem4f (.const:ti_sysbios_knl_Task_Object__DESC__C)
                  00005e8c    00000018     drivers_msp432p401x.aem4f : I2CMSP432.oem4f (.const:I2CMSP432_fxnTable)
                  00005ea4    00000018     release_pem4f.oem4f (.const:ti_sysbios_gates_GateHwi_Object__PARAMS__C)
                  00005ebc    00000018     release_pem4f.oem4f (.const:ti_sysbios_gates_GateMutex_Object__PARAMS__C)
                  00005ed4    00000018     release_pem4f.oem4f (.const:ti_sysbios_knl_Queue_Object__PARAMS__C)
                  00005eec    00000018     release_pem4f.oem4f (.const:ti_sysbios_knl_Task_hooks__A)
                  00005f04    00000014     ti_drivers_config.obj (.const:i2cMSP432HWAttrs)
                  00005f18    00000012     release_pem4f.oem4f (.const:xdc_runtime_Startup_sfxnRts__A)
                  00005f2a    00000002     release_pem4f.oem4f (.const:ti_sysbios_family_arm_m3_Hwi_Module__id__C)
                  00005f2c    00000010     drivers_msp432p401x.aem4f : I2C.oem4f (.const:I2C_defaultParams)
                  00005f3c    0000000c     ti_drivers_config.obj (.const:I2C_config)
                  00005f48    0000000c     drivers_msp432p401x.aem4f : I2CMSP432.oem4f (.const:bitRates)
                  00005f54    0000000c     release_pem4f.oem4f (.const:xdc_runtime_Startup_firstFxns__A)
                  00005f60    00000008     release_pem4f.oem4f (.const:ti_sysbios_knl_Idle_funcList__A)
                  00005f68    00000008     release_pem4f.oem4f (.const:ti_sysbios_knl_Idle_funcList__C)
                  00005f70    00000008     release_pem4f.oem4f (.const:ti_sysbios_knl_Task_hooks__C)
                  00005f78    00000008     release_pem4f.oem4f (.const:xdc_runtime_Startup_firstFxns__C)
                  00005f80    00000008     release_pem4f.oem4f (.const:xdc_runtime_Startup_lastFxns__C)
                  00005f88    00000004     release_pem4f.oem4f (.const:ti_sysbios_family_arm_m3_Hwi_E_alreadyDefined__C)
                  00005f8c    00000004     release_pem4f.oem4f (.const:ti_sysbios_family_arm_m3_Hwi_E_badIntNum__C)
                  00005f90    00000004     release_pem4f.oem4f (.const:ti_sysbios_family_arm_m3_Hwi_NUM_INTERRUPTS__C)
                  00005f94    00000004     release_pem4f.oem4f (.const:ti_sysbios_family_arm_m3_Hwi_Object__count__C)
                  00005f98    00000004     release_pem4f.oem4f (.const:ti_sysbios_family_arm_m3_Hwi_ccr__C)
                  00005f9c    00000004     release_pem4f.oem4f (.const:ti_sysbios_family_arm_m3_Hwi_excHandlerFunc__C)
                  00005fa0    00000004     release_pem4f.oem4f (.const:ti_sysbios_family_arm_m3_Hwi_nullIsrFunc__C)
                  00005fa4    00000004     release_pem4f.oem4f (.const:ti_sysbios_family_arm_m3_Hwi_priGroup__C)
                  00005fa8    00000004     release_pem4f.oem4f (.const:ti_sysbios_family_arm_m3_Hwi_swiDisable__C)
                  00005fac    00000004     release_pem4f.oem4f (.const:ti_sysbios_family_arm_m3_Hwi_swiRestore__C)
                  00005fb0    00000004     release_pem4f.oem4f (.const:ti_sysbios_family_arm_m3_TaskSupport_stackAlignment__C)
                  00005fb4    00000004     release_pem4f.oem4f (.const:ti_sysbios_family_arm_msp432_Timer_numTimerDevices__C)
                  00005fb8    00000004     release_pem4f.oem4f (.const:ti_sysbios_family_arm_msp432_Timer_startupNeeded__C)
                  00005fbc    00000004     release_pem4f.oem4f (.const:ti_sysbios_gates_GateMutex_Instance_State_sem__O)
                  00005fc0    00000004     release_pem4f.oem4f (.const:ti_sysbios_heaps_HeapMem_E_memory__C)
                  00005fc4    00000004     release_pem4f.oem4f (.const:ti_sysbios_heaps_HeapMem_Module__gateObj__C)
                  00005fc8    00000004     release_pem4f.oem4f (.const:ti_sysbios_heaps_HeapMem_Object__count__C)
                  00005fcc    00000004     release_pem4f.oem4f (.const:ti_sysbios_heaps_HeapMem_primaryHeapBaseAddr__C)
                  00005fd0    00000004     release_pem4f.oem4f (.const:ti_sysbios_heaps_HeapMem_primaryHeapEndAddr__C)
                  00005fd4    00000004     release_pem4f.oem4f (.const:ti_sysbios_heaps_HeapMem_reqAlign__C)
                  00005fd8    00000004     release_pem4f.oem4f (.const:ti_sysbios_knl_Clock_Module_State_clockQ__O)
                  00005fdc    00000004     release_pem4f.oem4f (.const:ti_sysbios_knl_Clock_tickPeriod__C)
                  00005fe0    00000004     release_pem4f.oem4f (.const:ti_sysbios_knl_Mailbox_Instance_State_freeQue__O)
                  00005fe4    00000004     release_pem4f.oem4f (.const:ti_sysbios_knl_Mailbox_Object__count__C)
                  00005fe8    00000004     release_pem4f.oem4f (.const:ti_sysbios_knl_Mailbox_maxTypeAlign__C)
                  00005fec    00000004     release_pem4f.oem4f (.const:ti_sysbios_knl_Semaphore_Instance_State_pendQ__O)
                  00005ff0    00000004     release_pem4f.oem4f (.const:ti_sysbios_knl_Swi_Object__count__C)
                  00005ff4    00000004     release_pem4f.oem4f (.const:ti_sysbios_knl_Task_Module_State_inactiveQ__O)
                  00005ff8    00000004     release_pem4f.oem4f (.const:ti_sysbios_knl_Task_Object__count__C)
                  00005ffc    00000004     release_pem4f.oem4f (.const:ti_sysbios_knl_Task_Object__heap__C)
                  00006000    00000004     release_pem4f.oem4f (.const:ti_sysbios_knl_Task_allBlockedFunc__C)
                  00006004    00000004     release_pem4f.oem4f (.const:ti_sysbios_knl_Task_defaultStackHeap__C)
                  00006008    00000004     release_pem4f.oem4f (.const:ti_sysbios_knl_Task_defaultStackSize__C)
                  0000600c    00000004     release_pem4f.oem4f (.const:ti_sysbios_knl_Task_numConstructedTasks__C)
                  00006010    00000004     release_pem4f.oem4f (.const:xdc_runtime_Error_E_memory__C)
                  00006014    00000004     release_pem4f.oem4f (.const:xdc_runtime_Error_policyFxn__C)
                  00006018    00000004     release_pem4f.oem4f (.const:xdc_runtime_IGateProvider_Interface__BASE__C)
                  0000601c    00000004     release_pem4f.oem4f (.const:xdc_runtime_IHeap_Interface__BASE__C)
                  00006020    00000004     release_pem4f.oem4f (.const:xdc_runtime_IModule_Interface__BASE__C)
                  00006024    00000004     release_pem4f.oem4f (.const:xdc_runtime_Memory_defaultHeapInstance__C)
                  00006028    00000004     release_pem4f.oem4f (.const:xdc_runtime_Startup_execImpl__C)
                  0000602c    00000004     release_pem4f.oem4f (.const:xdc_runtime_Startup_maxPasses__C)
                  00006030    00000004     release_pem4f.oem4f (.const:xdc_runtime_Startup_sfxnRts__C)
                  00006034    00000004     release_pem4f.oem4f (.const:xdc_runtime_Startup_sfxnTab__C)
                  00006038    00000004     release_pem4f.oem4f (.const:xdc_runtime_SysCallback_abortFxn__C)
                  0000603c    00000004     release_pem4f.oem4f (.const:xdc_runtime_SysCallback_exitFxn__C)
                  00006040    00000004     release_pem4f.oem4f (.const:xdc_runtime_System_Module__gateObj__C)
                  00006044    00000004     release_pem4f.oem4f (.const:xdc_runtime_System_abortFxn__C)
                  00006048    00000004     release_pem4f.oem4f (.const:xdc_runtime_System_exitFxn__C)
                  0000604c    00000004     release_pem4f.oem4f (.const:xdc_runtime_System_maxAtexitHandlers__C)
                  00006050    00000004     release_pem4f.oem4f (.const:xdc_runtime_Text_charTab__C)
                  00006054    00000004     release_pem4f.oem4f (.const:xdc_runtime_Text_nameEmpty__C)
                  00006058    00000004     release_pem4f.oem4f (.const:xdc_runtime_Text_nameStatic__C)
                  0000605c    00000004     release_pem4f.oem4f (.const:xdc_runtime_Text_nameUnknown__C)
                  00006060    00000003     ti_drivers_config.obj (.const)
                  00006063    00000001     release_pem4f.oem4f (.const:xdc_runtime_Error_policy__C)
                  00006064    00000002     release_pem4f.oem4f (.const:ti_sysbios_family_arm_msp432_init_Boot_bypassHFXT__C)
                  00006066    00000002     release_pem4f.oem4f (.const:ti_sysbios_family_arm_msp432_init_Boot_bypassLFXT__C)
                  00006068    00000002     release_pem4f.oem4f (.const:ti_sysbios_family_arm_msp432_init_Boot_enableHFXT__C)
                  0000606a    00000002     release_pem4f.oem4f (.const:ti_sysbios_family_arm_msp432_init_Boot_enableLFXT__C)
                  0000606c    00000002     release_pem4f.oem4f (.const:ti_sysbios_heaps_HeapMem_Module__id__C)
                  0000606e    00000002     release_pem4f.oem4f (.const:xdc_runtime_Memory_Module__id__C)
                  00006070    00000002     release_pem4f.oem4f (.const:xdc_runtime_Text_charCnt__C)
                  00006072    00000002     release_pem4f.oem4f (.const:xdc_runtime_Text_isLoaded__C)
                  00006074    00000001     release_pem4f.oem4f (.const:xdc_runtime_Text_charTab__A)

.cinit     0    00006078    00000238     
                  00006078    00000214     (.cinit..data.load) [load image, compression = lzss]
                  0000628c    0000000c     (__TI_handler_table)
                  00006298    00000008     (.cinit..bss.load) [load image, compression = zero_init]
                  000062a0    00000010     (__TI_cinit_table)

.init_array 
*          0    00000000    00000000     UNINITIALIZED

.data      0    20008140    0000060f     UNINITIALIZED
                  20008140    00000140     drivers_msp432p401x.aem4f : PowerMSP432.oem4f (.data:PowerMSP432_perfLevels)
                  20008280    00000088     sysbios.aem4f : BIOS.obj (.data:$O1$$)
                  20008308    00000080     release_pem4f.oem4f (.data:ti_sysbios_knl_Swi_Module_State_0_readyQ__A)
                  20008388    00000080     release_pem4f.oem4f (.data:ti_sysbios_knl_Task_Module_State_0_readyQ__A)
                  20008408    00000054     release_pem4f.oem4f (.data:ti_sysbios_gates_GateMutex_Object__table__V)
                  2000845c    0000004c     release_pem4f.oem4f (.data:ti_sysbios_knl_Task_Object__table__V)
                  200084a8    00000044     release_pem4f.oem4f (.data:ti_sysbios_family_arm_msp432_Timer_Object__table__V)
                  200084ec    00000044     release_pem4f.oem4f (.data:ti_sysbios_knl_Task_Module__state__V)
                  20008530    00000034     release_pem4f.oem4f (.data:ti_sysbios_family_arm_m3_Hwi_Module__state__V)
                  20008564    00000030     release_pem4f.oem4f (.data:ti_sysbios_knl_Swi_Object__table__V)
                  20008594    0000002c     drivers_msp432p401x.aem4f : PowerMSP432.oem4f (.data:PowerMSP432_module)
                  200085c0    0000002c     release_pem4f.oem4f (.data:ti_sysbios_knl_Clock_Module__state__V)
                  200085ec    00000024     release_pem4f.oem4f (.data:ti_sysbios_BIOS_Module__state__V)
                  20008610    00000020     release_pem4f.oem4f (.data:ti_sysbios_family_arm_msp432_Timer_Module_State_0_device__A)
                  20008630    00000020     release_pem4f.oem4f (.data:xdc_runtime_Error_IgnoreBlock)
                  20008650    0000001c     release_pem4f.oem4f (.data:ti_sysbios_knl_Swi_Module__state__V)
                  2000866c    00000018     release_pem4f.oem4f (.data:ti_sysbios_family_arm_m3_Hwi_Object__table__V)
                  20008684    00000018     release_pem4f.oem4f (.data:ti_sysbios_heaps_HeapMem_Object__table__V)
                  2000869c    00000010     release_pem4f.oem4f (.data:ti_sysbios_family_arm_msp432_Timer_Module_State_0_handles__A)
                  200086ac    0000000c     keypad.obj (.data)
                  200086b8    0000000c     release_pem4f.oem4f (.data:ti_sysbios_family_arm_msp432_ClockFreqs_Module__state__V)
                  200086c4    0000000c     release_pem4f.oem4f (.data:ti_sysbios_family_arm_msp432_Timer_Module__state__V)
                  200086d0    00000008     rtsv7M4_T_le_v4SPD16_eabi.lib : _lock.c.obj (.data:$O1$$)
                  200086d8    00000008     release_pem4f.oem4f (.data:ti_sysbios_family_arm_m3_Hwi_Module__root__V)
                  200086e0    00000008     release_pem4f.oem4f (.data:ti_sysbios_gates_GateHwi_Module__root__V)
                  200086e8    00000008     release_pem4f.oem4f (.data:ti_sysbios_gates_GateMutex_Module__root__V)
                  200086f0    00000008     release_pem4f.oem4f (.data:ti_sysbios_heaps_HeapMem_Module__root__V)
                  200086f8    00000008     release_pem4f.oem4f (.data:ti_sysbios_knl_Queue_Module__root__V)
                  20008700    00000008     release_pem4f.oem4f (.data:ti_sysbios_knl_Semaphore_Module__root__V)
                  20008708    00000008     release_pem4f.oem4f (.data:ti_sysbios_knl_Task_Module__root__V)
                  20008710    00000008     release_pem4f.oem4f (.data:xdc_runtime_Startup_Module__state__V)
                  20008718    00000008     release_pem4f.oem4f (.data:xdc_runtime_System_Module_State_0_atexitHandlers__A)
                  20008720    00000008     release_pem4f.oem4f (.data:xdc_runtime_System_Module__state__V)
                  20008728    00000007     keypad.obj (.data:str)
                  2000872f    00000001     I2C.obj (.data)
                  20008730    00000004     rtsv7M4_T_le_v4SPD16_eabi.lib : stkdepth_vars.c.obj (.data)
                  20008734    00000004     release_pem4f.oem4f (.data:ti_sysbios_family_arm_m3_Hwi_Module_State_0_excContext__A)
                  20008738    00000004     release_pem4f.oem4f (.data:ti_sysbios_family_arm_m3_Hwi_Module_State_0_excStack__A)
                  2000873c    00000004     release_pem4f.oem4f (.data:ti_sysbios_gates_GateHwi_Object__table__V)
                  20008740    00000004     release_pem4f.oem4f (.data:ti_sysbios_knl_Task_Module_State_0_idleTask__A)
                  20008744    00000004     release_pem4f.oem4f (.data:ti_sysbios_rts_ti_ReentSupport_Module__state__V)
                  20008748    00000004     release_pem4f.oem4f (.data:xdc_runtime_Memory_Module__state__V)
                  2000874c    00000002     release_pem4f.oem4f (.data:ti_sysbios_family_arm_m3_Hwi_Module_State_0_excActive__A)
                  2000874e    00000001     drivers_msp432p401x.aem4f : I2C.oem4f (.data)

.bss       0    20008750    00000410     UNINITIALIZED
                  20008750    00000200     release_pem4f.oem4f (.bss:taskStackSection)
                  20008950    00000140     (.common:ti_sysbios_family_arm_m3_Hwi_dispatchTable)
                  20008a90    00000050     (.common:i2cMSP432Objects)
                  20008ae0    0000001c     (.common:i2cTransaction)
                  20008afc    00000010     (.common:i2cParams)
                  20008b0c    0000000c     (.common:rxBuffer)
                  20008b18    0000000c     (.common:txBuffer)
                  20008b24    00000008     accel.obj (.bss:accelData$1)
                  20008b2c    00000008     msp432p4xx_driverlib.lib : cs.o (.bss)
                  20008b34    00000008     (.common:password)
                  20008b3c    00000004     (.common:GPIO_STATUS)
                  20008b40    00000008     (.common:x)
                  20008b48    00000008     (.common:y)
                  20008b50    00000008     (.common:z)
                  20008b58    00000004     (.common:i2c)
                  20008b5c    00000004     (.common:ti_sysbios_knl_Task_Instance_State_0_hookEnv__A)

.priheap   0    20000140    00008000     UNINITIALIZED
                  20000140    00008000     --HOLE--

.stack     0    2000fc00    00000400     UNINITIALIZED
                  2000fc00    00000400     --HOLE--

.bootVecs 
*          0    00000000    00000008     DSECT
                  00000000    00000008     boot.aem4f : boot.oem4f (.bootVecs)

.resetVecs 
*          0    00000000    0000003c     
                  00000000    0000003c     release_pem4f.oem4f (.resetVecs)

.vecs      0    20000000    00000140     NOLOAD SECTION
                  20000000    00000140     release_pem4f.oem4f (.vecs)

xdc.meta   0    00000000    000000fd     COPY SECTION
                  00000000    000000fd     release_pem4f.oem4f (xdc.meta)

xdc.noload 
*          0    00000000    00000000     COPY SECTION

.binit     0    00000000    00000000     

MODULE SUMMARY

       Module                       code    ro data   rw data
       ------                       ----    -------   -------
    .\
       lcd16.obj                    1056    0         0      
       keypad.obj                   996     0         38     
       masterThread.obj             372     0         80     
       I2C.obj                      224     0         106    
       main_tirtos.obj              176     0         0      
       accel.obj                    112     0         24     
       irThread.obj                 104     0         0      
       infrared.obj                 58      0         24     
       relay.obj                    36      0         0      
    +--+----------------------------+-------+---------+---------+
       Total:                       3134    0         272    
                                                             
    .\Hardware\
       GPIO_Driver.obj              320     0         0      
    +--+----------------------------+-------+---------+---------+
       Total:                       320     0         0      
                                                             
    .\syscfg\
       ti_drivers_config.obj        14      91        160    
    +--+----------------------------+-------+---------+---------+
       Total:                       14      91        160    
                                                             
    C:\Users\hafiz\workspace_v9\tirtos_builds_MSP_EXP432P401R_release_ccs\Debug\configPkg\package\cfg\
       release_pem4f.oem4f          1394    1086      4348   
    +--+----------------------------+-------+---------+---------+
       Total:                       1394    1086      4348   
                                                             
    C:/ti/simplelink_msp432p4_sdk_3_30_00_13/kernel/tirtos/packages/ti/dpl/lib/dpl_msp432p401x.aem4f
       PowerMSP432_tirtos.oem4f     122     0         0      
       SemaphoreP_tirtos.oem4f      102     0         0      
       HwiP_tirtos.oem4f            96      0         0      
    +--+----------------------------+-------+---------+---------+
       Total:                       320     0         0      
                                                             
    C:/ti/simplelink_msp432p4_sdk_3_30_00_13/source/ti/devices/msp432p4xx/driverlib/ccs/msp432p4xx_driverlib.lib
       pcm.o                        1770    0         0      
       cs.o                         704     0         16     
       i2c.o                        108     0         0      
       sysctl_a.o                   64      0         0      
       rtc_c.o                      44      0         0      
       wdt_a.o                      36      0         0      
       cpu.o                        28      0         0      
       sysctl.o                     16      0         0      
    +--+----------------------------+-------+---------+---------+
       Total:                       2770    0         16     
                                                             
    C:/ti/simplelink_msp432p4_sdk_3_30_00_13/source/ti/drivers/lib/drivers_msp432p401x.aem4f
       PowerMSP432.oem4f            2196    0         728    
       I2CMSP432.oem4f              2028    36        0      
       I2C.oem4f                    172     16        2      
       List.oem4f                   76      0         0      
    +--+----------------------------+-------+---------+---------+
       Total:                       4472    52        730    
                                                             
    C:\Users\hafiz\workspace_v9\tirtos_builds_MSP_EXP432P401R_release_ccs\src\sysbios\sysbios.aem4f
       BIOS.obj                     8478    0         272    
       m3_Hwi_asm.obj               318     0         0      
       m3_TaskSupport_asm.obj       180     0         0      
       m3_Hwi_asm_switch.obj        118     0         0      
    +--+----------------------------+-------+---------+---------+
       Total:                       9094    0         272    
                                                             
    C:\ti\ccs\tools\compiler\ti-cgt-arm_18.12.2.LTS\lib\rtsv7M4_T_le_v4SPD16_eabi.lib
       fd_div_t2.asm.obj            310     0         0      
       fd_cmp_t2.asm.obj            268     0         0      
       fd_mul_t2.asm.obj            252     0         0      
       memcpy_t2.asm.obj            156     0         0      
       memset_t2.asm.obj            122     0         0      
       copy_decompress_lzss.c.obj   104     0         0      
       cpy_tbl.c.obj                76      0         0      
       i_tofd_t2.asm.obj            46      0         0      
       _lock.c.obj                  26      0         16     
       args_main.c.obj              24      0         0      
       copy_decompress_none.c.obj   14      0         0      
       copy_zero_init.c.obj         12      0         0      
       stkdepth_vars.c.obj          0       0         8      
    +--+----------------------------+-------+---------+---------+
       Total:                       1410    0         24     
                                                             
    C:\ti\simplelink_msp432p4_sdk_3_30_00_13\kernel\tirtos\packages\ti\targets\arm\rtsarm\lib\auto_init.aem4f
       auto_init.oem4f              160     0         0      
    +--+----------------------------+-------+---------+---------+
       Total:                       160     0         0      
                                                             
    C:\ti\simplelink_msp432p4_sdk_3_30_00_13\kernel\tirtos\packages\ti\targets\arm\rtsarm\lib\boot.aem4f
       boot.oem4f                   88      0         0      
    +--+----------------------------+-------+---------+---------+
       Total:                       88      0         0      
                                                             
       Stack:                       0       0         2048   
       Linker Generated:            0       568       0      
    +--+----------------------------+-------+---------+---------+
       Grand Total:                 23176   1797      7870   


LINKER GENERATED COPY TABLES

__TI_cinit_table @ 000062a0 records: 2, size/record: 8, table size: 16
	.data: load addr=00006078, load size=00000214 bytes, run addr=20008140, run size=0000060f bytes, compression=lzss
	.bss: load addr=00006298, load size=00000008 bytes, run addr=20008750, run size=00000410 bytes, compression=zero_init


LINKER GENERATED HANDLER TABLE

__TI_handler_table @ 0000628c records: 3, size/record: 4, table size: 12
	index: 0, handler: __TI_decompress_lzss
	index: 1, handler: __TI_decompress_none
	index: 2, handler: __TI_zero_init


GLOBAL SYMBOLS: SORTED ALPHABETICALLY BY Name 

address   name                                                            
-------   ----                                                            
0000599f  Board_init                                                      
000005c3  Board_initHook                                                  
000059ab  CPU_cpsid                                                       
000059b7  CPU_cpsie                                                       
00001785  CPU_wfi                                                         
0000515d  CS_setExternalClockSourceFrequency                              
00001f61  CS_startHFXTWithTimeout                                         
0000212d  CS_startLFXTWithTimeout                                         
00006060  Display_count                                                   
0000517d  GPIO_Clear_Interrupt_Flag                                       
0000519d  GPIO_Interrupt_Edge_High                                        
000051bd  GPIO_Interrupt_Enable                                           
000051dd  GPIO_Output_High                                                
000051fd  GPIO_Output_Low                                                 
20008b3c  GPIO_STATUS                                                     
0000521d  GPIO_getInputPin_Value                                          
0000523d  GPIO_setAsInput                                                 
0000525d  GPIO_setAsInput_PullDown                                        
0000527d  GPIO_setAsInput_PullUp                                          
0000529d  GPIO_setAsOutput                                                
00008000  HEAPSIZE                                                        
000057cd  HwiP_Params_init                                                
00004545  HwiP_create                                                     
000059c3  HwiP_delete                                                     
00002045  HwiP_disable                                                    
00005b61  HwiP_restore                                                    
000027a1  I2CMSP432_cancel                                                
0000343b  I2CMSP432_close                                                 
00000fd3  I2CMSP432_control                                               
00005e8c  I2CMSP432_fxnTable                                              
00000a45  I2CMSP432_hwiIntFxn                                             
0000299f  I2CMSP432_init                                                  
0000084d  I2CMSP432_open                                                  
00001c91  I2CMSP432_transfer                                              
000057dd  I2C_Params_init                                                 
00005f3c  I2C_config                                                      
00006061  I2C_count                                                       
00005f2c  I2C_defaultParams                                               
00004431  I2C_init                                                        
00003599  I2C_masterSendMultiByteFinish                                   
00004585  I2C_open                                                        
0000550d  I2C_transfer                                                    
00004f09  List_put                                                        
00004f2f  List_remove                                                     
00003a79  PCM_getCoreVoltageLevel                                         
00003c55  PCM_getPowerMode                                                
000056c1  PCM_getPowerState                                               
00004dc5  PCM_gotoLPM0                                                    
00003129  PCM_gotoLPM3                                                    
000057ed  PCM_gotoLPM4                                                    
000057fd  PCM_setPowerMode                                                
0000580d  PCM_setPowerState                                               
00003db9  PCM_shutdownDevice                                              
00005c68  PowerMSP432_config                                              
000036dd  PowerMSP432_getFreqs                                            
0000581d  PowerMSP432_getNumPerfLevels                                    
00003127  PowerMSP432_initPolicy                                          
20008594  PowerMSP432_module                                              
20008140  PowerMSP432_perfLevels                                          
00004001  PowerMSP432_sleepPolicy                                         
00004cb7  PowerMSP432_updateFreqs                                         
000059d1  Power_getConstraintMask                                         
000059dd  Power_getPerformanceLevel                                       
000056d5  Power_idleFunc                                                  
00002ae5  Power_init                                                      
00004ded  Power_registerNotify                                            
000042c5  Power_releaseConstraint                                         
00004839  Power_setConstraint                                             
00000041  Power_sleep                                                     
000052bd  Power_unregisterNotify                                          
200086ac  R1C1                                                            
200086ad  R1C2                                                            
200086ae  R1C3                                                            
200086af  R2C1                                                            
200086b0  R2C2                                                            
200086b1  R2C3                                                            
200086b2  R3C1                                                            
200086b3  R3C2                                                            
200086b4  R3C3                                                            
200086b5  R4C1                                                            
200086b6  R4C2                                                            
200086b7  R4C3                                                            
00004ce5  RTC_C_holdClock                                                 
UNDEFED   SHT$$INIT_ARRAY$$Base                                           
UNDEFED   SHT$$INIT_ARRAY$$Limit                                          
00005b29  SemaphoreP_Params_init                                          
00004689  SemaphoreP_create                                               
000059e9  SemaphoreP_delete                                               
00005761  SemaphoreP_pend                                                 
00002635  SemaphoreP_post                                                 
00005525  SysCtl_A_disableNMISource                                       
0000553d  SysCtl_A_enableNMISource                                        
0000582d  SysCtl_A_getNMISourceStatus                                     
0000583d  SysCtl_getNMISourceStatus                                       
00006062  UART_count                                                      
4000480c  WDTCTL_SYM                                                      
00004f7d  WDT_A_holdTimer                                                 
00000000  __ASM__                                                         
0000007e  __ISA__                                                         
00000091  __PLAT__                                                        
20010000  __STACK_END                                                     
00000400  __STACK_SIZE                                                    
000000b4  __TARG__                                                        
000062a0  __TI_CINIT_Base                                                 
000062b0  __TI_CINIT_Limit                                                
0000628c  __TI_Handler_Table_Base                                         
00006298  __TI_Handler_Table_Limit                                        
00002a45  __TI_auto_init                                                  
00003745  __TI_decompress_lzss                                            
00005951  __TI_decompress_none                                            
ffffffff  __TI_pprof_out_hndl                                             
ffffffff  __TI_prof_data_size                                             
ffffffff  __TI_prof_data_start                                            
00006078  __TI_static_base__                                              
00005a0d  __TI_zero_init                                                  
000000da  __TRDR__                                                        
00002f95  __aeabi_cdcmpeq                                                 
00002f95  __aeabi_cdcmple                                                 
0000301b  __aeabi_cdrcmple                                                
00000e9d  __aeabi_ddiv                                                    
00001a9d  __aeabi_dmul                                                    
00005b91  __aeabi_errno_addr                                              
00004c89  __aeabi_i2d                                                     
000033c1  __aeabi_memclr                                                  
000033c1  __aeabi_memclr4                                                 
000033c1  __aeabi_memclr8                                                 
00002b81  __aeabi_memcpy                                                  
00002b81  __aeabi_memcpy4                                                 
00002b81  __aeabi_memcpy8                                                 
000033c3  __aeabi_memset                                                  
000033c3  __aeabi_memset4                                                 
000033c3  __aeabi_memset8                                                 
ffffffff  __binit__                                                       
ffffffff  __c_args__                                                      
20008140  __primary_heap_end__                                            
20000140  __primary_heap_start__                                          
2000fc00  __stack                                                         
00005555  _args_main                                                      
00003cb1  _c_int00                                                        
200086d0  _lock                                                           
000038e7  _nop                                                            
00004d11  _pthread_cleanupFxn                                             
00005779  _pthread_cleanup_pop                                            
00002c21  _pthread_removeThreadKeys                                       
000059f5  _register_lock                                                  
00005a01  _register_unlock                                                
200086d4  _unlock                                                         
ffffffff  binit                                                           
0000122d  checkpassword                                                   
00004985  clearPassword                                                   
0000404d  copy_in                                                         
00003f0d  delayMs                                                         
000047fd  gotoXy                                                          
20008b58  i2c                                                             
00005f04  i2cMSP432HWAttrs                                                
20008a90  i2cMSP432Objects                                                
20008afc  i2cParams                                                       
20008ae0  i2cTransaction                                                  
0000595f  infrareddetect                                                  
00004fa1  infraredinit                                                    
00005b39  infrarednodetect                                                
000046c5  insertpassword                                                  
00003815  irThread                                                        
0000220d  keypadcolcheck                                                  
00004099  keypadcolinit                                                   
00005a19  keypadinit                                                      
[...]
000058e1  ti_sysbios_knl_Swi_disable__E                                   
000058f1  ti_sysbios_knl_Task_Object__get__S                              
00005901  ti_sysbios_knl_Task_disable__E                                  
00005911  xdc_runtime_Gate_leaveSystem__E                                 
00005921  xdc_runtime_Memory_free__E                                      
00005931  xdc_runtime_SysCallback_abort__E                                
00005931  xdc_runtime_System_SupportProxy_abort__E                        
00005941  xdc_runtime_SysCallback_exit__E                                 
00005941  xdc_runtime_System_SupportProxy_exit__E                         
00005951  __TI_decompress_none                                            
0000595f  infrareddetect                                                  
00005971  pthread_attr_setdetachstate                                     
00005981  ti_sysbios_knl_Idle_loop__E                                     
00005991  ti_sysbios_knl_Queue_empty__E                                   
0000599f  Board_init                                                      
000059ab  CPU_cpsid                                                       
000059b7  CPU_cpsie                                                       
000059c3  HwiP_delete                                                     
000059d1  Power_getConstraintMask                                         
000059dd  Power_getPerformanceLevel                                       
000059e9  SemaphoreP_delete                                               
000059f5  _register_lock                                                  
00005a01  _register_unlock                                                
00005a0d  __TI_zero_init                                                  
00005a19  keypadinit                                                      
00005a29  pthread_self                                                    
00005a35  relayinit                                                       
00005a41  relayoff                                                        
00005a4d  relayon                                                         
00005a59  ti_sysbios_family_arm_m3_Hwi_Params__init__S                    
00005a59  ti_sysbios_hal_Hwi_HwiProxy_Params__init__S                     
00005a69  ti_sysbios_family_arm_m3_Hwi_disableFxn__E                      
00005a69  ti_sysbios_hal_Hwi_HwiProxy_disable__E                          
00005a79  ti_sysbios_family_arm_m3_TaskSupport_getStackAlignment__E       
00005a79  ti_sysbios_knl_Task_SupportProxy_getStackAlignment__E           
00005a89  ti_sysbios_family_arm_msp432_Timer_getMaxTicks__E               
00005a99  ti_sysbios_gates_GateHwi_enter__E                               
00005aa5  ti_sysbios_knl_Queue_Object__get__S                             
00005ab1  ti_sysbios_knl_Semaphore_Params__init__S                        
00005abd  ti_sysbios_knl_Task_Params__init__S                             
00005ac9  ti_sysbios_knl_Task_self__E                                     
00005ad9  ti_sysbios_rts_ti_ReentSupport_taskRegHook__I                   
00005ae9  xdc_runtime_Gate_enterSystem__E                                 
00005af9  xdc_runtime_Memory_calloc__E                                    
00005b09  xdc_runtime_Startup_rtsDone__E                                  
00005b15  xdc_runtime_Memory_HeapProxy_alloc__E                           
00005b1f  xdc_runtime_Memory_HeapProxy_free__E                            
00005b29  SemaphoreP_Params_init                                          
00005b39  infrarednodetect                                                
00005b41  pthread_attr_setstacksize                                       
00005b49  ti_sysbios_family_arm_m3_Hwi_doSwiRestore__I                    
00005b51  ti_sysbios_family_arm_m3_Hwi_startup__E                         
00005b51  ti_sysbios_hal_Hwi_HwiProxy_startup__E                          
00005b51  ti_sysbios_hal_Hwi_startup__E                                   
00005b59  ti_sysbios_family_arm_m3_Hwi_doTaskRestore__I                   
00005b61  HwiP_restore                                                    
00005b61  ti_sysbios_family_arm_m3_Hwi_restoreFxn__E                      
00005b61  ti_sysbios_hal_Hwi_HwiProxy_restore__E                          
00005b69  ti_sysbios_gates_GateHwi_leave__E                               
00005b71  ti_sysbios_heaps_HeapMem_isBlocking__E                          
00005b79  ti_sysbios_knl_Queue_Instance_init__E                           
00005b81  ti_sysbios_knl_Swi_startup__E                                   
00005b89  xdc_runtime_System_Module_startup__E                            
00005b91  __aeabi_errno_addr                                              
00005b99  ti_sysbios_gates_GateHwi_query__E                               
00005b99  xdc_runtime_Main_Module_GateProxy_query__E                      
00005b99  xdc_runtime_System_Module_GateProxy_query__E                    
00005ba1  ti_sysbios_BIOS_RtsGateProxy_query__E                           
00005ba1  ti_sysbios_gates_GateMutex_query__E                             
00005ba1  ti_sysbios_heaps_HeapMem_Module_GateProxy_query__E              
00005ba9  ti_sysbios_knl_Task_startup__E                                  
00005bb1  ti_sysbios_BIOS_linkedWithIncorrectBootLibrary__E               
00005bb9  ti_sysbios_gates_GateHwi_Instance_init__E                       
00005bc1  ti_sysbios_knl_Clock_logTick__E                                 
00005bc9  xdc_runtime_SysCallback_defaultAbort                            
00005bd1  xdc_runtime_SysCallback_defaultExit                             
00005bd9  xdc_runtime_System_abortSpin__E                                 
00005be1  xdc_runtime_System_exitSpin__E                                  
00005c2c  ti_sysbios_knl_Task_Object__PARAMS__C                           
00005c68  PowerMSP432_config                                              
00005ca0  ti_sysbios_family_arm_m3_Hwi_Object__PARAMS__C                  
00005cd0  ti_sysbios_heaps_HeapMem_Module__FXNS__C                        
00005cf8  ti_sysbios_gates_GateHwi_Module__FXNS__C                        
00005d1c  ti_sysbios_gates_GateMutex_Module__FXNS__C                      
00005d40  ti_sysbios_heaps_HeapMem_Object__PARAMS__C                      
00005d64  ti_sysbios_knl_Semaphore_Object__PARAMS__C                      
00005d88  xdc_runtime_Startup_sfxnTab__A                                  
00005dac  ti_sysbios_family_arm_m3_Hwi_Object__DESC__C                    
00005dcc  ti_sysbios_gates_GateHwi_Object__DESC__C                        
00005dec  ti_sysbios_gates_GateMutex_Object__DESC__C                      
00005e0c  ti_sysbios_heaps_HeapMem_Object__DESC__C                        
00005e2c  ti_sysbios_knl_Queue_Object__DESC__C                            
00005e4c  ti_sysbios_knl_Semaphore_Object__DESC__C                        
00005e6c  ti_sysbios_knl_Task_Object__DESC__C                             
00005e8c  I2CMSP432_fxnTable                                              
00005ea4  ti_sysbios_gates_GateHwi_Object__PARAMS__C                      
00005ebc  ti_sysbios_gates_GateMutex_Object__PARAMS__C                    
00005ed4  ti_sysbios_knl_Queue_Object__PARAMS__C                          
00005eec  ti_sysbios_knl_Task_hooks__A                                    
00005f04  i2cMSP432HWAttrs                                                
00005f18  xdc_runtime_Startup_sfxnRts__A                                  
00005f2a  ti_sysbios_family_arm_m3_Hwi_Module__id__C                      
00005f2c  I2C_defaultParams                                               
00005f3c  I2C_config                                                      
00005f54  xdc_runtime_Startup_firstFxns__A                                
00005f60  ti_sysbios_knl_Idle_funcList__A                                 
00005f68  ti_sysbios_knl_Idle_funcList__C                                 
00005f70  ti_sysbios_knl_Task_hooks__C                                    
00005f78  xdc_runtime_Startup_firstFxns__C                                
00005f80  xdc_runtime_Startup_lastFxns__C                                 
00005f88  ti_sysbios_family_arm_m3_Hwi_E_alreadyDefined__C                
00005f8c  ti_sysbios_family_arm_m3_Hwi_E_badIntNum__C                     
00005f90  ti_sysbios_family_arm_m3_Hwi_NUM_INTERRUPTS__C                  
00005f94  ti_sysbios_family_arm_m3_Hwi_Object__count__C                   
00005f98  ti_sysbios_family_arm_m3_Hwi_ccr__C                             
00005f9c  ti_sysbios_family_arm_m3_Hwi_excHandlerFunc__C                  
00005fa0  ti_sysbios_family_arm_m3_Hwi_nullIsrFunc__C                     
00005fa4  ti_sysbios_family_arm_m3_Hwi_priGroup__C                        
00005fa8  ti_sysbios_family_arm_m3_Hwi_swiDisable__C                      
00005fac  ti_sysbios_family_arm_m3_Hwi_swiRestore__C                      
00005fb0  ti_sysbios_family_arm_m3_TaskSupport_stackAlignment__C          
00005fb4  ti_sysbios_family_arm_msp432_Timer_numTimerDevices__C           
00005fb8  ti_sysbios_family_arm_msp432_Timer_startupNeeded__C             
00005fbc  ti_sysbios_gates_GateMutex_Instance_State_sem__O                
00005fc0  ti_sysbios_heaps_HeapMem_E_memory__C                            
00005fc4  ti_sysbios_heaps_HeapMem_Module__gateObj__C                     
00005fc8  ti_sysbios_heaps_HeapMem_Object__count__C                       
00005fcc  ti_sysbios_heaps_HeapMem_primaryHeapBaseAddr__C                 
00005fd0  ti_sysbios_heaps_HeapMem_primaryHeapEndAddr__C                  
00005fd4  ti_sysbios_heaps_HeapMem_reqAlign__C                            
00005fd8  ti_sysbios_knl_Clock_Module_State_clockQ__O                     
00005fdc  ti_sysbios_knl_Clock_tickPeriod__C                              
00005fe0  ti_sysbios_knl_Mailbox_Instance_State_freeQue__O                
00005fe4  ti_sysbios_knl_Mailbox_Object__count__C                         
00005fe8  ti_sysbios_knl_Mailbox_maxTypeAlign__C                          
00005fec  ti_sysbios_knl_Semaphore_Instance_State_pendQ__O                
00005ff0  ti_sysbios_knl_Swi_Object__count__C                             
00005ff4  ti_sysbios_knl_Task_Module_State_inactiveQ__O                   
00005ff8  ti_sysbios_knl_Task_Object__count__C                            
00005ffc  ti_sysbios_knl_Task_Object__heap__C                             
00006000  ti_sysbios_knl_Task_allBlockedFunc__C                           
00006004  ti_sysbios_knl_Task_defaultStackHeap__C                         
00006008  ti_sysbios_knl_Task_defaultStackSize__C                         
0000600c  ti_sysbios_knl_Task_numConstructedTasks__C                      
00006010  xdc_runtime_Error_E_memory__C                                   
00006014  xdc_runtime_Error_policyFxn__C                                  
00006018  xdc_runtime_IGateProvider_Interface__BASE__C                    
0000601c  xdc_runtime_IHeap_Interface__BASE__C                            
00006020  xdc_runtime_IModule_Interface__BASE__C                          
00006024  xdc_runtime_Memory_defaultHeapInstance__C                       
00006028  xdc_runtime_Startup_execImpl__C                                 
0000602c  xdc_runtime_Startup_maxPasses__C                                
00006030  xdc_runtime_Startup_sfxnRts__C                                  
00006034  xdc_runtime_Startup_sfxnTab__C                                  
00006038  xdc_runtime_SysCallback_abortFxn__C                             
0000603c  xdc_runtime_SysCallback_exitFxn__C                              
00006040  xdc_runtime_System_Module__gateObj__C                           
00006044  xdc_runtime_System_abortFxn__C                                  
00006048  xdc_runtime_System_exitFxn__C                                   
0000604c  xdc_runtime_System_maxAtexitHandlers__C                         
00006050  xdc_runtime_Text_charTab__C                                     
00006054  xdc_runtime_Text_nameEmpty__C                                   
00006058  xdc_runtime_Text_nameStatic__C                                  
0000605c  xdc_runtime_Text_nameUnknown__C                                 
00006060  Display_count                                                   
00006061  I2C_count                                                       
00006062  UART_count                                                      
00006063  xdc_runtime_Error_policy__C                                     
00006064  ti_sysbios_family_arm_msp432_init_Boot_bypassHFXT__C            
00006066  ti_sysbios_family_arm_msp432_init_Boot_bypassLFXT__C            
00006068  ti_sysbios_family_arm_msp432_init_Boot_enableHFXT__C            
0000606a  ti_sysbios_family_arm_msp432_init_Boot_enableLFXT__C            
0000606c  ti_sysbios_heaps_HeapMem_Module__id__C                          
0000606e  xdc_runtime_Memory_Module__id__C                                
00006070  xdc_runtime_Text_charCnt__C                                     
00006072  xdc_runtime_Text_isLoaded__C                                    
00006074  xdc_runtime_Text_charTab__A                                     
00006078  __TI_static_base__                                              
0000628c  __TI_Handler_Table_Base                                         
00006298  __TI_Handler_Table_Limit                                        
000062a0  __TI_CINIT_Base                                                 
000062b0  __TI_CINIT_Limit                                                
00008000  HEAPSIZE                                                        
20000000  ti_sysbios_family_arm_m3_Hwi_ramVectors                         
20000140  __primary_heap_start__                                          
20008140  PowerMSP432_perfLevels                                          
20008140  __primary_heap_end__                                            
20008308  ti_sysbios_knl_Swi_Module_State_0_readyQ__A                     
20008388  ti_sysbios_knl_Task_Module_State_0_readyQ__A                    
20008408  ti_sysbios_gates_GateMutex_Object__table__V                     
2000845c  ti_sysbios_knl_Task_Object__table__V                            
200084a8  ti_sysbios_family_arm_msp432_Timer_Object__table__V             
200084ec  ti_sysbios_knl_Task_Module__state__V                            
20008530  ti_sysbios_family_arm_m3_Hwi_Module__state__V                   
20008564  ti_sysbios_knl_Swi_Object__table__V                             
20008594  PowerMSP432_module                                              
200085c0  ti_sysbios_knl_Clock_Module__state__V                           
200085ec  ti_sysbios_BIOS_Module__state__V                                
20008610  ti_sysbios_family_arm_msp432_Timer_Module_State_0_device__A     
20008630  xdc_runtime_Error_IgnoreBlock                                   
20008650  ti_sysbios_knl_Swi_Module__state__V                             
2000866c  ti_sysbios_family_arm_m3_Hwi_Object__table__V                   
20008684  ti_sysbios_heaps_HeapMem_Object__table__V                       
2000869c  ti_sysbios_family_arm_msp432_Timer_Module_State_0_handles__A    
200086ac  R1C1                                                            
200086ad  R1C2                                                            
200086ae  R1C3                                                            
200086af  R2C1                                                            
200086b0  R2C2                                                            
200086b1  R2C3                                                            
200086b2  R3C1                                                            
200086b3  R3C2                                                            
200086b4  R3C3                                                            
200086b5  R4C1                                                            
200086b6  R4C2                                                            
200086b7  R4C3                                                            
200086b8  ti_sysbios_family_arm_msp432_ClockFreqs_Module__state__V        
200086c4  ti_sysbios_family_arm_msp432_Timer_Module__state__V             
200086d0  _lock                                                           
200086d4  _unlock                                                         
200086d8  ti_sysbios_family_arm_m3_Hwi_Module__root__V                    
200086e0  ti_sysbios_gates_GateHwi_Module__root__V                        
200086e8  ti_sysbios_gates_GateMutex_Module__root__V                      
200086f0  ti_sysbios_heaps_HeapMem_Module__root__V                        
200086f8  ti_sysbios_knl_Queue_Module__root__V                            
20008700  ti_sysbios_knl_Semaphore_Module__root__V                        
20008708  ti_sysbios_knl_Task_Module__root__V                             
20008710  xdc_runtime_Startup_Module__state__V                            
20008718  xdc_runtime_System_Module_State_0_atexitHandlers__A             
20008720  xdc_runtime_System_Module__state__V                             
20008728  str                                                             
2000872f  retVal                                                          
20008730  main_func_sp                                                    
20008734  ti_sysbios_family_arm_m3_Hwi_Module_State_0_excContext__A       
20008738  ti_sysbios_family_arm_m3_Hwi_Module_State_0_excStack__A         
2000873c  ti_sysbios_gates_GateHwi_Object__table__V                       
20008740  ti_sysbios_knl_Task_Module_State_0_idleTask__A                  
20008744  ti_sysbios_rts_ti_ReentSupport_Module__state__V                 
20008748  xdc_runtime_Memory_Module__state__V                             
2000874c  ti_sysbios_family_arm_m3_Hwi_Module_State_0_excActive__A        
20008750  ti_sysbios_knl_Task_Instance_State_0_stack__A                   
20008950  ti_sysbios_family_arm_m3_Hwi_dispatchTable                      
20008a90  i2cMSP432Objects                                                
20008ae0  i2cTransaction                                                  
20008afc  i2cParams                                                       
20008b0c  rxBuffer                                                        
20008b18  txBuffer                                                        
20008b34  password                                                        
20008b3c  GPIO_STATUS                                                     
20008b40  x                                                               
20008b48  y                                                               
20008b50  z                                                               
20008b58  i2c                                                             
20008b5c  ti_sysbios_knl_Task_Instance_State_0_hookEnv__A                 
2000fc00  __stack                                                         
20010000  __STACK_END                                                     
4000480c  WDTCTL_SYM                                                      
e000e000  ti_sysbios_family_arm_m3_Hwi_nvic                               
ffffffff  __TI_pprof_out_hndl                                             
ffffffff  __TI_prof_data_size                                             
ffffffff  __TI_prof_data_start                                            
ffffffff  __binit__                                                       
ffffffff  __c_args__                                                      
ffffffff  binit                                                           
UNDEFED   SHT$$INIT_ARRAY$$Base                                           
UNDEFED   SHT$$INIT_ARRAY$$Limit                                          

[564 symbols]
