******************************************************************************
                  TI ARM Linker PC v18.12.2                    
******************************************************************************
>> Linked Fri Nov 29 20:47:04 2019

OUTPUT FILE NAME:   <2104accel.out>
ENTRY POINT SYMBOL: "_c_int00"  address: 00002941


MEMORY CONFIGURATION

         name            origin    length      used     unused   attr    fill
----------------------  --------  ---------  --------  --------  ----  --------
  MAIN                  00000000   00040000  00004990  0003b670  R  X
  INFO                  00200000   00004000  00000000  00004000  R  X
  SRAM_CODE             01000000   00010000  00008e92  0000716e  RW X
  SRAM_DATA             20000000   00010000  00008e92  0000716e  RW  


SEGMENT ALLOCATION MAP

run origin  load origin   length   init length attrs members
----------  ----------- ---------- ----------- ----- -------
00000000    00000000    00004676   00004676    r-x
  00000000    00000000    0000003c   0000003c    r-- .resetVecs
  00000040    00000040    000041aa   000041aa    r-x .text
  000041ec    000041ec    0000048a   0000048a    r-- .const
00004800    00004800    000000e8   00000000    rw-
  00004800    00004800    000000e8   00000000    rw- .vtable
000048e8    000048e8    00000238   00000238    r--
  000048e8    000048e8    00000238   00000238    r-- .cinit
20000140    20000140    00008000   00000000    r--
  20000140    20000140    00008000   00000000    r-- .priheap
20008140    20008140    00000954   00000000    rw-
  20008140    20008140    000005fe   00000000    rw- .data
  20008740    20008740    00000354   00000000    rw- .bss
2000fc00    2000fc00    00000400   00000000    rw-
  2000fc00    2000fc00    00000400   00000000    rw- .stack


SECTION ALLOCATION MAP

 output                                  attributes/
section   page    origin      length       input sections
--------  ----  ----------  ----------   ----------------
.text      0    00000040    000041aa     
                  00000040    000002f8     drivers_msp432p401x.aem4f : PowerMSP432.oem4f (.text:Power_sleep)
                  00000338    0000028a     msp432p4xx_driverlib.lib : pcm.o (.text:__PCM_setPowerStateAdvanced)
                  000005c2    00000002     ti_drivers_config.obj (.text:Board_initHook)
                  000005c4    00000288     drivers_msp432p401x.aem4f : PowerMSP432.oem4f (.text:initPerfControl)
                  0000084c    0000015c     msp432p4xx_driverlib.lib : pcm.o (.text:__PCM_setPowerModeAdvanced)
                  000009a8    00000130     sysbios.aem4f : BIOS.obj (.text:ti_sysbios_knl_Semaphore_pend__E)
                  00000ad8    00000108     msp432p4xx_driverlib.lib : pcm.o (.text:__PCM_setCoreVoltageLevelAdvanced)
                  00000be0    00000108     sysbios.aem4f : BIOS.obj (.text:ti_sysbios_knl_Task_postInit__I)
                  00000ce8    00000108                   : BIOS.obj (.text:xdc_runtime_Startup_startMods__I)
                  00000df0    00000104                   : BIOS.obj (.text:ti_sysbios_knl_Task_Instance_finalize__E)
                  00000ef4    00000004     msp432p4xx_driverlib.lib : cpu.o (.text:CPU_wfi)
                  00000ef8    000000f8     sysbios.aem4f : BIOS.obj (.text:ti_sysbios_family_arm_msp432_init_Boot_configureClocksHigh)
                  00000ff0    000000f0                   : BIOS.obj (.text:pthread_create)
                  000010e0    000000f0                   : m3_Hwi_asm.obj (.text:ti_sysbios_family_arm_m3_Hwi_dispatch__I)
                  000011d0    000000e4     msp432p4xx_driverlib.lib : cs.o (.text:CS_startHFXTWithTimeout)
                  000012b4    00000004     release_pem4f.oem4f (.text:ti_sysbios_BIOS_RtsGateProxy_enter__E)
                  000012b8    000000e4     sysbios.aem4f : BIOS.obj (.text:ti_sysbios_knl_Task_Instance_init__E)
                  0000139c    000000e0     msp432p4xx_driverlib.lib : cs.o (.text:CS_startLFXTWithTimeout)
                  0000147c    000000dc                              : cs.o (.text:_CSGetHFXTFrequency)
                  00001558    000000d0     sysbios.aem4f : BIOS.obj (.text:ti_sysbios_heaps_HeapMem_alloc__E)
                  00001628    000000b8                   : BIOS.obj (.text:ti_sysbios_family_arm_m3_Hwi_Instance_init__E)
                  000016e0    000000a8                   : BIOS.obj (.text:ti_sysbios_family_arm_msp432_Timer_periodicStub__E)
                  00001788    000000a6                   : BIOS.obj (.text:xdc_runtime_Core_createObject__I)
                  0000182e    00000002     dpl_msp432p401x.aem4f : PowerMSP432_tirtos.oem4f (.text:PowerMSP432_initPolicy)
                  00001830    000000a4     HCSR04.obj (.text:interruptHandler)
                  000018d4    00000004     release_pem4f.oem4f (.text:ti_sysbios_BIOS_RtsGateProxy_leave__E)
                  000018d8    000000a4     sysbios.aem4f : BIOS.obj (.text:ti_sysbios_knl_Task_setPri__E)
                  0000197c    000000a0     auto_init.aem4f : auto_init.oem4f (.text)
                  00001a1c    0000009c     drivers_msp432p401x.aem4f : PowerMSP432.oem4f (.text:Power_init)
                  00001ab8    0000009c     rtsv7M4_T_le_v4SPD16_eabi.lib : memcpy_t2.asm.obj (.text)
                  00001b54    00000004     release_pem4f.oem4f (.text:ti_sysbios_family_arm_m3_TaskSupport_Module__startupDone__S)
                  00001b58    00000094     sysbios.aem4f : BIOS.obj (.text:_pthread_removeThreadKeys)
                  00001bec    00000004     release_pem4f.oem4f (.text:ti_sysbios_heaps_HeapMem_Module_GateProxy_enter__E)
                  00001bf0    00000094     sysbios.aem4f : BIOS.obj (.text:ti_sysbios_family_arm_m3_Hwi_initNVIC__E)
                  00001c84    00000004     release_pem4f.oem4f (.text:ti_sysbios_heaps_HeapMem_Module_GateProxy_leave__E)
                  00001c88    00000094     sysbios.aem4f : BIOS.obj (.text:ti_sysbios_knl_Task_exit__E)
                  00001d1c    00000004     release_pem4f.oem4f (.text:ti_sysbios_knl_Clock_TimerProxy_getMaxTicks__E)
                  00001d20    00000090     sysbios.aem4f : BIOS.obj (.text:ti_sysbios_knl_Task_Module_startup__E)
                  00001db0    0000008c                   : m3_TaskSupport_asm.obj (.text:ti_sysbios_family_arm_m3_TaskSupport_buildTaskStack)
                  00001e3c    00000004     release_pem4f.oem4f (.text:ti_sysbios_knl_Task_delete)
                  00001e40    0000008c     sysbios.aem4f : BIOS.obj (.text:xdc_runtime_Memory_alloc__E)
                  00001ecc    00000004     release_pem4f.oem4f (.text:xdc_runtime_System_Module_GateProxy_enter__E)
                  00001ed0    00000086     sysbios.aem4f : BIOS.obj (.text:xdc_runtime_Core_constructObject__I)
                  00001f56    00000002     rtsv7M4_T_le_v4SPD16_eabi.lib : _lock.c.obj (.text:_nop)
                  00001f58    00000084     msp432p4xx_driverlib.lib : pcm.o (.text:PCM_gotoLPM3)
                  00001fdc    00000084     drivers_msp432p401x.aem4f : PowerMSP432.oem4f (.text:restartHFXT)
                  00002060    00000084     sysbios.aem4f : BIOS.obj (.text:ti_sysbios_family_arm_m3_Hwi_postInit__I)
                  000020e4    00000004     release_pem4f.oem4f (.text:xdc_runtime_System_Module_GateProxy_leave__E)
                  000020e8    00000084     sysbios.aem4f : BIOS.obj (.text:ti_sysbios_heaps_HeapMem_free__E)
                  0000216c    00000080     msp432p4xx_driverlib.lib : interrupt.o (.text:Interrupt_enableInterrupt)
                  000021ec    00000002     release_pem4f.oem4f (.text:ti_sysbios_BIOS_nullFunc__I)
                  000021ee    00000002     --HOLE-- [fill = 0]
                  000021f0    00000080     sysbios.aem4f : BIOS.obj (.text:ti_sysbios_knl_Clock_workFunc__E)
                  00002270    0000007a     rtsv7M4_T_le_v4SPD16_eabi.lib : memset_t2.asm.obj (.text)
                  000022ea    00000006     --HOLE-- [fill = 0]
                  000022f0    00000070     sysbios.aem4f : BIOS.obj (.text:ti_sysbios_heaps_HeapMem_initPrimary__I)
                  00002360    0000006c     HCSR04.obj (.text:hCSR_init)
                  000023cc    00000004     --HOLE-- [fill = 0]
                  000023d0    0000006c     sysbios.aem4f : BIOS.obj (.text:ti_sysbios_knl_Swi_restoreHwi__E)
                  0000243c    00000068     rtsv7M4_T_le_v4SPD16_eabi.lib : copy_decompress_lzss.c.obj (.text:decompress:lzss:__TI_decompress_lzss)
                  000024a4    00000004     --HOLE-- [fill = 0]
                  000024a8    00000066     sysbios.aem4f : BIOS.obj (.text:xdc_runtime_Core_deleteObject__I)
                  0000250e    00000002     --HOLE-- [fill = 0]
                  00002510    00000064     main_tirtos.obj (.text:main)
                  00002574    00000004     --HOLE-- [fill = 0]
                  00002578    00000064     sysbios.aem4f : BIOS.obj (.text:pthread_exit)
                  000025dc    00000004     --HOLE-- [fill = 0]
                  000025e0    00000064                   : BIOS.obj (.text:ti_sysbios_family_arm_m3_Hwi_dispatchC__I)
                  00002644    00000004     --HOLE-- [fill = 0]
                  00002648    00000060                   : BIOS.obj (.text:ti_sysbios_knl_Semaphore_post__E)
                  000026a8    00000060                   : BIOS.obj (.text:ti_sysbios_knl_Swi_run__I)
                  00002708    0000005e     msp432p4xx_driverlib.lib : pcm.o (.text:PCM_getCoreVoltageLevel)
                  00002766    00000002     --HOLE-- [fill = 0]
                  00002768    0000005c                              : interrupt.o (.text:Interrupt_registerInterrupt)
                  000027c4    00000004     --HOLE-- [fill = 0]
                  000027c8    0000005c     sysbios.aem4f : BIOS.obj (.text:ti_sysbios_knl_Swi_schedule__I)
                  00002824    00000004     --HOLE-- [fill = 0]
                  00002828    0000005c                   : BIOS.obj (.text:ti_sysbios_knl_Task_startCore__E)
                  00002884    00000004     --HOLE-- [fill = 0]
                  00002888    0000005c                   : BIOS.obj (.text:xdc_runtime_Startup_exec__E)
                  000028e4    0000005a     msp432p4xx_driverlib.lib : pcm.o (.text:PCM_getPowerMode)
                  0000293e    00000002     --HOLE-- [fill = 0]
                  00002940    00000058     boot.aem4f : boot.oem4f (.text)
                  00002998    00000058     sysbios.aem4f : m3_Hwi_asm_switch.obj (.text:ti_sysbios_family_arm_m3_Hwi_initStacks__E)
                  000029f0    00000054     msp432p4xx_driverlib.lib : pcm.o (.text:PCM_shutdownDevice)
                  00002a44    00000054     release_pem4f.oem4f (.text:ti_sysbios_family_arm_m3_Hwi_create)
                  00002a98    00000054     sysbios.aem4f : BIOS.obj (.text:ti_sysbios_family_arm_msp432_Timer_initDevice__I)
                  00002aec    00000004     --HOLE-- [fill = 0]
                  00002af0    00000054                   : BIOS.obj (.text:xdc_runtime_Core_assignLabel__I)
                  00002b44    00000004     --HOLE-- [fill = 0]
                  00002b48    00000050                   : BIOS.obj (.text:ti_sysbios_family_arm_m3_Hwi_Module_startup__E)
                  00002b98    00000050     release_pem4f.oem4f (.text:ti_sysbios_knl_Task_create)
                  00002be8    0000004c     msp432p4xx_driverlib.lib : gpio.o (.text:GPIO_setAsInputPin)
                  00002c34    0000004c     dpl_msp432p401x.aem4f : PowerMSP432_tirtos.oem4f (.text:PowerMSP432_sleepPolicy)
                  00002c80    0000004c     rtsv7M4_T_le_v4SPD16_eabi.lib : cpy_tbl.c.obj (.text:copy_in)
                  00002ccc    00000004     --HOLE-- [fill = 0]
                  00002cd0    0000004c     sysbios.aem4f : BIOS.obj (.text:ti_sysbios_family_arm_msp432_Timer_postInit__I)
                  00002d1c    00000004     --HOLE-- [fill = 0]
                  00002d20    0000004c                   : BIOS.obj (.text:ti_sysbios_family_arm_msp432_Timer_start__E)
                  00002d6c    00000004     --HOLE-- [fill = 0]
                  00002d70    0000004c                   : BIOS.obj (.text:ti_sysbios_heaps_HeapMem_getStats__E)
                  00002dbc    00000004     --HOLE-- [fill = 0]
                  00002dc0    0000004c                   : BIOS.obj (.text:ti_sysbios_knl_Swi_runLoop__I)
                  00002e0c    00000004     --HOLE-- [fill = 0]
                  00002e10    0000004c                   : BIOS.obj (.text:ti_sysbios_knl_Task_allBlockedFunction__I)
                  00002e5c    00000004     --HOLE-- [fill = 0]
                  00002e60    0000004c                   : BIOS.obj (.text:ti_sysbios_knl_Task_schedule__I)
                  00002eac    00000004     --HOLE-- [fill = 0]
                  00002eb0    00000048                   : BIOS.obj (.text:ti_sysbios_family_arm_m3_Hwi_disableInterrupt__E)
                  00002ef8    00000048                   : BIOS.obj (.text:ti_sysbios_family_arm_m3_Hwi_enableInterrupt__E)
                  00002f40    00000048                   : BIOS.obj (.text:ti_sysbios_knl_Mailbox_Module_startup__E)
                  00002f88    00000048                   : BIOS.obj (.text:xdc_runtime_Core_assignParams__I)
                  00002fd0    00000044                   : BIOS.obj (.text:ti_sysbios_family_arm_m3_Hwi_getStackInfo__E)
                  00003014    00000004     --HOLE-- [fill = 0]
                  00003018    00000044                   : BIOS.obj (.text:ti_sysbios_knl_Swi_post__E)
                  0000305c    00000040     msp432p4xx_driverlib.lib : gpio.o (.text:GPIO_setAsOutputPin)
                  0000309c    00000040     dpl_msp432p401x.aem4f : HwiP_tirtos.oem4f (.text:HwiP_create)
                  000030dc    00000004     --HOLE-- [fill = 0]
                  000030e0    00000040     sysbios.aem4f : BIOS.obj (.text:ti_sysbios_family_arm_msp432_Timer_Module_startup__E)
                  00003120    00000040                   : BIOS.obj (.text:ti_sysbios_family_arm_msp432_Timer_startup__E)
                  00003160    00000040                   : BIOS.obj (.text:ti_sysbios_heaps_HeapMem_Instance_init__E)
                  000031a0    0000003c                   : BIOS.obj (.text:ti_sysbios_family_arm_m3_Hwi_Instance_finalize__E)
                  000031dc    00000004     --HOLE-- [fill = 0]
                  000031e0    0000003c                   : BIOS.obj (.text:ti_sysbios_family_arm_msp432_Seconds_Module_startup__E)
                  0000321c    00000004     --HOLE-- [fill = 0]
                  00003220    0000003c                   : BIOS.obj (.text:ti_sysbios_knl_Swi_restore__E)
                  0000325c    00000038     drivers_msp432p401x.aem4f : PowerMSP432.oem4f (.text:notify)
                  00003294    00000004     --HOLE-- [fill = 0]
                  00003298    00000038     sysbios.aem4f : BIOS.obj (.text:xdc_runtime_System_atexit__E)
                  000032d0    00000032                   : BIOS.obj (.text:ti_sysbios_hal_Hwi_initStack)
                  00003302    00000002     --HOLE-- [fill = 0]
                  00003304    00000030     release_pem4f.oem4f (.text:ti_sysbios_BIOS_atExitFunc__I)
                  00003334    00000030     release_pem4f.oem4f (.text:ti_sysbios_BIOS_startFunc__I)
                  00003364    00000004     --HOLE-- [fill = 0]
                  00003368    00000030     sysbios.aem4f : BIOS.obj (.text:ti_sysbios_family_arm_m3_TaskSupport_start__E)
                  00003398    00000030     release_pem4f.oem4f (.text:ti_sysbios_gates_GateHwi_Object__create__S)
                  000033c8    00000030     release_pem4f.oem4f (.text:ti_sysbios_gates_GateMutex_Object__create__S)
                  000033f8    00000030     sysbios.aem4f : BIOS.obj (.text:ti_sysbios_gates_GateMutex_enter__E)
                  00003428    00000030     release_pem4f.oem4f (.text:ti_sysbios_heaps_HeapMem_Object__create__S)
                  00003458    00000030     sysbios.aem4f : BIOS.obj (.text:ti_sysbios_knl_Mailbox_postInit__I)
                  00003488    00000030     release_pem4f.oem4f (.text:ti_sysbios_knl_Semaphore_construct)
                  000034b8    00000030     sysbios.aem4f : BIOS.obj (.text:ti_sysbios_knl_Semaphore_pendTimeout__I)
                  000034e8    00000030                   : BIOS.obj (.text:ti_sysbios_knl_Task_processVitalTaskFlag__I)
                  00003518    00000030                   : BIOS.obj (.text:ti_sysbios_knl_Task_restore__E)
                  00003548    00000030                   : BIOS.obj (.text:ti_sysbios_knl_Task_unblockI__E)
                  00003578    00000030                   : BIOS.obj (.text:xdc_runtime_System_processAtExit__E)
                  000035a8    0000002e     HCSR04.obj (.text:setTimer)
                  000035d6    0000002c     dpl_msp432p401x.aem4f : PowerMSP432_tirtos.oem4f (.text:PowerMSP432_updateFreqs)
                  00003602    00000002     --HOLE-- [fill = 0]
                  00003604    0000002c     msp432p4xx_driverlib.lib : rtc_c.o (.text:RTC_C_holdClock)
                  00003630    0000002c     sysbios.aem4f : BIOS.obj (.text:_pthread_cleanupFxn)
                  0000365c    00000004     --HOLE-- [fill = 0]
                  00003660    0000002c                   : BIOS.obj (.text:_pthread_delete$43)
                  0000368c    0000002c     sonicThread.obj (.text:sonicThread)
                  000036b8    0000002c     release_pem4f.oem4f (.text:ti_sysbios_knl_Clock_doTick__I)
                  000036e4    0000002c     release_pem4f.oem4f (.text:ti_sysbios_knl_Queue_construct)
                  00003710    00000028     msp432p4xx_driverlib.lib : gpio.o (.text:GPIO_clearInterruptFlag)
                  00003738    00000028                              : gpio.o (.text:GPIO_setOutputHighOnPin)
                  00003760    00000028                              : gpio.o (.text:GPIO_setOutputLowOnPin)
                  00003788    00000028                              : pcm.o (.text:PCM_gotoLPM0)
                  000037b0    00000028     drivers_msp432p401x.aem4f : PowerMSP432.oem4f (.text:disableFaultCounter)
                  000037d8    00000028                               : PowerMSP432.oem4f (.text:disableHFXT)
                  00003800    00000028     sysbios.aem4f : m3_Hwi_asm.obj (.text:ti_sysbios_family_arm_m3_Hwi_excHandlerAsm__I)
                  00003828    00000028                   : BIOS.obj (.text:ti_sysbios_knl_Clock_addI__E)
                  00003850    00000028                   : BIOS.obj (.text:ti_sysbios_knl_Swi_Module_startup__E)
                  00003878    00000026                   : m3_Hwi_asm.obj (.text:ti_sysbios_family_arm_m3_Hwi_pendSV__I)
                  0000389e    00000002     --HOLE-- [fill = 0]
                  000038a0    00000024     msp432p4xx_driverlib.lib : gpio.o (.text:GPIO_getInterruptStatus)
                  000038c4    00000024                              : gpio.o (.text:GPIO_registerInterrupt)
                  000038e8    00000024                              : wdt_a.o (.text:WDT_A_holdTimer)
                  0000390c    00000004     --HOLE-- [fill = 0]
                  00003910    00000024     sysbios.aem4f : BIOS.obj (.text:pthread_attr_init)
                  00003934    00000024     release_pem4f.oem4f (.text:ti_sysbios_BIOS_registerRTSLock__I)
                  00003958    00000024     release_pem4f.oem4f (.text:ti_sysbios_BIOS_removeRTSLock__I)
                  0000397c    00000004     --HOLE-- [fill = 0]
                  00003980    00000024     sysbios.aem4f : BIOS.obj (.text:ti_sysbios_family_arm_msp432_ClockFreqs_setFrequency__E)
                  000039a4    00000024     release_pem4f.oem4f (.text:ti_sysbios_gates_GateMutex_Object__delete__S)
                  000039c8    00000024     sysbios.aem4f : BIOS.obj (.text:ti_sysbios_knl_Clock_Module_startup__E)
                  000039ec    00000004     --HOLE-- [fill = 0]
                  000039f0    00000024                   : BIOS.obj (.text:ti_sysbios_knl_Semaphore_Instance_init__E)
                  00003a14    00000004     --HOLE-- [fill = 0]
                  00003a18    00000024                   : BIOS.obj (.text:ti_sysbios_knl_Task_restoreHwi__E)
                  00003a3c    00000004     --HOLE-- [fill = 0]
                  00003a40    00000024                   : BIOS.obj (.text:xdc_runtime_Error_policyMin__E)
                  00003a64    00000020     msp432p4xx_driverlib.lib : cs.o (.text:CS_setExternalClockSourceFrequency)
                  00003a84    00000020     release_pem4f.oem4f (.text:ti_sysbios_BIOS_rtsLock__I)
                  00003aa4    00000020     release_pem4f.oem4f (.text:ti_sysbios_gates_GateHwi_Object__delete__S)
                  00003ac4    00000020     release_pem4f.oem4f (.text:ti_sysbios_heaps_HeapMem_Object__delete__S)
                  00003ae4    00000004     --HOLE-- [fill = 0]
                  00003ae8    00000020     sysbios.aem4f : BIOS.obj (.text:ti_sysbios_knl_Idle_run__E)
                  00003b08    00000020     release_pem4f.oem4f (.text:ti_sysbios_knl_Semaphore_destruct)
                  00003b28    00000020     release_pem4f.oem4f (.text:ti_sysbios_knl_Task_Object__delete__S)
                  00003b48    0000001e     sysbios.aem4f : m3_Hwi_asm_switch.obj (.text:ti_sysbios_family_xxx_Hwi_switchAndRunFunc)
                  00003b66    00000002     --HOLE-- [fill = 0]
                  00003b68    0000001c                   : BIOS.obj (.text:ti_sysbios_family_arm_m3_Hwi_excHandler__I)
                  00003b84    00000004     --HOLE-- [fill = 0]
                  00003b88    0000001c                   : BIOS.obj (.text:ti_sysbios_gates_GateMutex_Instance_init__E)
                  00003ba4    0000001c     release_pem4f.oem4f (.text:ti_sysbios_knl_Queue_destruct)
                  00003bc0    0000001c     sysbios.aem4f : BIOS.obj (.text:ti_sysbios_knl_Queue_put__E)
                  00003bdc    00000004     --HOLE-- [fill = 0]
                  00003be0    0000001c                   : BIOS.obj (.text:ti_sysbios_knl_Task_enter__I)
                  00003bfc    00000004     --HOLE-- [fill = 0]
                  00003c00    0000001c                   : BIOS.obj (.text:xdc_runtime_Memory_valloc__E)
                  00003c1c    00000004     --HOLE-- [fill = 0]
                  00003c20    0000001c                   : BIOS.obj (.text:xdc_runtime_System_abort__E)
                  00003c3c    00000018     release_pem4f.oem4f (.text:.bootCodeSection:ti_sysbios_family_arm_msp432_init_Boot_init__I)
                  00003c54    00000018     msp432p4xx_driverlib.lib : sysctl_a.o (.text:SysCtl_A_disableNMISource)
                  00003c6c    00000018                              : sysctl_a.o (.text:SysCtl_A_enableNMISource)
                  00003c84    00000018     rtsv7M4_T_le_v4SPD16_eabi.lib : args_main.c.obj (.text:_args_main)
                  00003c9c    00000018     release_pem4f.oem4f (.text:ti_sysbios_BIOS_rtsUnlock__I)
                  00003cb4    00000018     release_pem4f.oem4f (.text:ti_sysbios_family_arm_m3_Hwi_Module__startupDone__F)
                  00003ccc    00000018     sysbios.aem4f : m3_TaskSupport_asm.obj (.text:ti_sysbios_family_arm_m3_TaskSupport_swap__E)
                  00003ce4    00000018     release_pem4f.oem4f (.text:ti_sysbios_family_arm_msp432_Timer_Module__startupDone__F)
                  00003cfc    00000018     release_pem4f.oem4f (.text:ti_sysbios_gates_GateHwi_Handle__label__S)
                  00003d14    00000018     release_pem4f.oem4f (.text:ti_sysbios_gates_GateMutex_Handle__label__S)
                  00003d2c    00000004     --HOLE-- [fill = 0]
                  00003d30    00000018     sysbios.aem4f : BIOS.obj (.text:ti_sysbios_gates_GateMutex_leave__E)
                  00003d48    00000018     release_pem4f.oem4f (.text:ti_sysbios_heaps_HeapMem_Handle__label__S)
                  00003d60    00000018     sysbios.aem4f : BIOS.obj (.text:xdc_runtime_Error_init__E)
                  00003d78    00000018                   : BIOS.obj (.text:xdc_runtime_System_exit__E)
                  00003d90    00000016     release_pem4f.oem4f (.text:ti_sysbios_BIOS_exitFunc__I)
                  00003da6    00000002     --HOLE-- [fill = 0]
                  00003da8    00000016     sysbios.aem4f : BIOS.obj (.text:ti_sysbios_knl_Task_unblock__E)
                  00003dbe    00000002     --HOLE-- [fill = 0]
                  00003dc0    00000014     msp432p4xx_driverlib.lib : pcm.o (.text:PCM_getPowerState)
                  00003dd4    00000014     drivers_msp432p401x.aem4f : PowerMSP432.oem4f (.text:Power_idleFunc)
                  00003de8    00000014     sysbios.aem4f : BIOS.obj (.text:pthread_attr_setschedparam)
                  00003dfc    00000014     release_pem4f.oem4f (.text:ti_sysbios_family_arm_m3_Hwi_Object__get__S)
                  00003e10    00000014     sysbios.aem4f : BIOS.obj (.text:ti_sysbios_family_arm_m3_Hwi_switchFromBootStack__E)
                  00003e24    00000014     release_pem4f.oem4f (.text:ti_sysbios_heaps_HeapMem_Object__get__S)
                  00003e38    00000014     release_pem4f.oem4f (.text:ti_sysbios_knl_Swi_Object__get__S)
                  00003e4c    00000004     --HOLE-- [fill = 0]
                  00003e50    00000012     sysbios.aem4f : BIOS.obj (.text:_pthread_cleanup_pop)
                  00003e62    00000006     --HOLE-- [fill = 0]
                  00003e68    00000012                   : BIOS.obj (.text:_pthread_runStub$43)
                  00003e7a    00000006     --HOLE-- [fill = 0]
                  00003e80    00000012                   : BIOS.obj (.text:ti_sysbios_hal_Hwi_Module_startup__E)
                  00003e92    00000012     release_pem4f.oem4f (.text:xdc_runtime_Startup_exec__I)
                  00003ea4    00000010     dpl_msp432p401x.aem4f : HwiP_tirtos.oem4f (.text:HwiP_Params_init)
                  00003eb4    00000010     msp432p4xx_driverlib.lib : pcm.o (.text:PCM_gotoLPM4)
                  00003ec4    00000010                              : pcm.o (.text:PCM_setPowerMode)
                  00003ed4    00000010                              : pcm.o (.text:PCM_setPowerState)
                  00003ee4    00000010                              : sysctl_a.o (.text:SysCtl_A_getNMISourceStatus)
                  00003ef4    00000010                              : sysctl.o (.text:SysCtl_getNMISourceStatus)
                  00003f04    00000004     --HOLE-- [fill = 0]
                  00003f08    00000010     sysbios.aem4f : BIOS.obj (.text:ti_sysbios_BIOS_exit__E)
                  00003f18    00000010                   : BIOS.obj (.text:ti_sysbios_BIOS_setCpuFreq__E)
                  00003f28    00000010                   : BIOS.obj (.text:ti_sysbios_BIOS_setThreadType__E)
                  00003f38    00000010                   : BIOS.obj (.text:ti_sysbios_BIOS_start__E)
                  00003f48    00000010                   : m3_TaskSupport_asm.obj (.text:ti_sysbios_family_arm_m3_TaskSupport_glue)
                  00003f58    00000010                   : BIOS.obj (.text:ti_sysbios_family_arm_msp432_init_Boot_disableWatchdog)
                  00003f68    00000010                   : BIOS.obj (.text:ti_sysbios_gates_GateMutex_Instance_finalize__E)
                  00003f78    00000010     release_pem4f.oem4f (.text:ti_sysbios_knl_Mailbox_Object__get__S)
                  00003f88    00000010     sysbios.aem4f : BIOS.obj (.text:ti_sysbios_knl_Semaphore_Instance_finalize__E)
                  00003f98    00000010                   : BIOS.obj (.text:ti_sysbios_knl_Swi_disable__E)
                  00003fa8    00000010     release_pem4f.oem4f (.text:ti_sysbios_knl_Task_Object__get__S)
                  00003fb8    00000010     sysbios.aem4f : BIOS.obj (.text:ti_sysbios_knl_Task_disable__E)
                  00003fc8    00000010                   : BIOS.obj (.text:xdc_runtime_Gate_leaveSystem__E)
                  00003fd8    00000010                   : BIOS.obj (.text:xdc_runtime_Memory_free__E)
                  00003fe8    00000010                   : BIOS.obj (.text:xdc_runtime_SysCallback_abort__E)
                  00003ff8    00000010                   : BIOS.obj (.text:xdc_runtime_SysCallback_exit__E)
                  00004008    0000000e     rtsv7M4_T_le_v4SPD16_eabi.lib : copy_decompress_none.c.obj (.text:decompress:none:__TI_decompress_none)
                  00004016    00000002     --HOLE-- [fill = 0]
                  00004018    0000000e     sysbios.aem4f : BIOS.obj (.text:pthread_attr_setdetachstate)
                  00004026    00000002     --HOLE-- [fill = 0]
                  00004028    0000000e                   : BIOS.obj (.text:ti_sysbios_knl_Idle_loop__E)
                  00004036    00000002     --HOLE-- [fill = 0]
                  00004038    0000000e                   : BIOS.obj (.text:ti_sysbios_knl_Queue_empty__E)
                  00004046    0000000c     ti_drivers_config.obj (.text:Board_init)
                  00004052    0000000c     msp432p4xx_driverlib.lib : cpu.o (.text:CPU_cpsid)
                  0000405e    0000000c                              : cpu.o (.text:CPU_cpsie)
                  0000406a    00000002     --HOLE-- [fill = 0]
                  0000406c    0000000c     drivers_msp432p401x.aem4f : PowerMSP432.oem4f (.text:Power_getConstraintMask)
                  00004078    0000000c     rtsv7M4_T_le_v4SPD16_eabi.lib : _lock.c.obj (.text:_register_lock)
                  00004084    0000000c                                   : _lock.c.obj (.text:_register_unlock)
                  00004090    0000000c                                   : copy_zero_init.c.obj (.text:decompress:ZI:__TI_zero_init)
                  0000409c    00000004     --HOLE-- [fill = 0]
                  000040a0    0000000c     sysbios.aem4f : BIOS.obj (.text:pthread_self)
                  000040ac    0000000c     release_pem4f.oem4f (.text:ti_sysbios_family_arm_m3_Hwi_Params__init__S)
                  000040b8    0000000c     sysbios.aem4f : BIOS.obj (.text:ti_sysbios_family_arm_m3_TaskSupport_getStackAlignment__E)
                  000040c4    00000004     --HOLE-- [fill = 0]
                  000040c8    0000000c                   : BIOS.obj (.text:ti_sysbios_family_arm_msp432_Timer_getMaxTicks__E)
                  000040d4    00000004     --HOLE-- [fill = 0]
                  000040d8    0000000c                   : BIOS.obj (.text:ti_sysbios_gates_GateHwi_enter__E)
                  000040e4    0000000c     release_pem4f.oem4f (.text:ti_sysbios_knl_Queue_Object__get__S)
                  000040f0    0000000c     release_pem4f.oem4f (.text:ti_sysbios_knl_Semaphore_Params__init__S)
                  000040fc    0000000c     release_pem4f.oem4f (.text:ti_sysbios_knl_Task_Params__init__S)
                  00004108    0000000c     sysbios.aem4f : BIOS.obj (.text:ti_sysbios_rts_ti_ReentSupport_taskRegHook__I)
                  00004114    00000004     --HOLE-- [fill = 0]
                  00004118    0000000c                   : BIOS.obj (.text:xdc_runtime_Gate_enterSystem__E)
                  00004124    00000004     --HOLE-- [fill = 0]
                  00004128    0000000c                   : BIOS.obj (.text:xdc_runtime_Memory_calloc__E)
                  00004134    00000004     --HOLE-- [fill = 0]
                  00004138    0000000c                   : BIOS.obj (.text:xdc_runtime_Startup_rtsDone__E)
                  00004144    0000000a     release_pem4f.oem4f (.text:xdc_runtime_IHeap_alloc)
                  0000414e    0000000a     release_pem4f.oem4f (.text:xdc_runtime_IHeap_free)
                  00004158    00000008     sysbios.aem4f : BIOS.obj (.text:pthread_attr_setstacksize)
                  00004160    00000008                   : BIOS.obj (.text:ti_sysbios_family_arm_m3_Hwi_doSwiRestore__I)
                  00004168    00000008                   : BIOS.obj (.text:ti_sysbios_family_arm_m3_Hwi_startup__E)
                  00004170    00000006                   : BIOS.obj (.text:ti_sysbios_family_arm_m3_Hwi_doTaskRestore__I)
                  00004176    00000002     --HOLE-- [fill = 0]
                  00004178    00000006                   : BIOS.obj (.text:ti_sysbios_gates_GateHwi_leave__E)
                  0000417e    00000002     --HOLE-- [fill = 0]
                  00004180    00000006                   : BIOS.obj (.text:ti_sysbios_heaps_HeapMem_isBlocking__E)
                  00004186    00000002     --HOLE-- [fill = 0]
                  00004188    00000006                   : BIOS.obj (.text:ti_sysbios_knl_Queue_Instance_init__E)
                  0000418e    00000002     --HOLE-- [fill = 0]
                  00004190    00000006                   : BIOS.obj (.text:ti_sysbios_knl_Swi_startup__E)
                  00004196    00000002     --HOLE-- [fill = 0]
                  00004198    00000006                   : BIOS.obj (.text:xdc_runtime_System_Module_startup__E)
                  0000419e    00000002     --HOLE-- [fill = 0]
                  000041a0    00000004                   : BIOS.obj (.text:ti_sysbios_gates_GateHwi_query__E)
                  000041a4    00000004     --HOLE-- [fill = 0]
                  000041a8    00000004                   : BIOS.obj (.text:ti_sysbios_gates_GateMutex_query__E)
                  000041ac    00000004     --HOLE-- [fill = 0]
                  000041b0    00000004                   : BIOS.obj (.text:ti_sysbios_knl_Task_startup__E)
                  000041b4    00000004     --HOLE-- [fill = 0]
                  000041b8    00000002                   : BIOS.obj (.text:ti_sysbios_BIOS_linkedWithIncorrectBootLibrary__E)
                  000041ba    00000006     --HOLE-- [fill = 0]
                  000041c0    00000002                   : BIOS.obj (.text:ti_sysbios_gates_GateHwi_Instance_init__E)
                  000041c2    00000006     --HOLE-- [fill = 0]
                  000041c8    00000002                   : BIOS.obj (.text:ti_sysbios_knl_Clock_logTick__E)
                  000041ca    00000006     --HOLE-- [fill = 0]
                  000041d0    00000002                   : BIOS.obj (.text:xdc_runtime_SysCallback_defaultAbort)
                  000041d2    00000006     --HOLE-- [fill = 0]
                  000041d8    00000002                   : BIOS.obj (.text:xdc_runtime_SysCallback_defaultExit)
                  000041da    00000006     --HOLE-- [fill = 0]
                  000041e0    00000002                   : BIOS.obj (.text:xdc_runtime_System_abortSpin__E)
                  000041e2    00000006     --HOLE-- [fill = 0]
                  000041e8    00000002                   : BIOS.obj (.text:xdc_runtime_System_exitSpin__E)

.const     0    000041ec    0000048a     
                  000041ec    00000048     release_pem4f.oem4f (.const:.string)
                  00004234    0000003c     release_pem4f.oem4f (.const:ti_sysbios_knl_Task_Object__PARAMS__C)
                  00004270    00000038     ti_drivers_config.obj (.const:PowerMSP432_config)
                  000042a8    00000030     msp432p4xx_driverlib.lib : gpio.o (.const:GPIO_PORT_TO_BASE)
                  000042d8    00000030     release_pem4f.oem4f (.const:ti_sysbios_family_arm_m3_Hwi_Object__PARAMS__C)
                  00004308    00000028     release_pem4f.oem4f (.const:ti_sysbios_heaps_HeapMem_Module__FXNS__C)
                  00004330    00000024     release_pem4f.oem4f (.const:ti_sysbios_gates_GateHwi_Module__FXNS__C)
                  00004354    00000024     release_pem4f.oem4f (.const:ti_sysbios_gates_GateMutex_Module__FXNS__C)
                  00004378    00000024     release_pem4f.oem4f (.const:ti_sysbios_heaps_HeapMem_Object__PARAMS__C)
                  0000439c    00000024     release_pem4f.oem4f (.const:ti_sysbios_knl_Semaphore_Object__PARAMS__C)
                  000043c0    00000024     release_pem4f.oem4f (.const:xdc_runtime_Startup_sfxnTab__A)
                  000043e4    00000020     release_pem4f.oem4f (.const:ti_sysbios_family_arm_m3_Hwi_Object__DESC__C)
                  00004404    00000020     release_pem4f.oem4f (.const:ti_sysbios_gates_GateHwi_Object__DESC__C)
                  00004424    00000020     release_pem4f.oem4f (.const:ti_sysbios_gates_GateMutex_Object__DESC__C)
                  00004444    00000020     release_pem4f.oem4f (.const:ti_sysbios_heaps_HeapMem_Object__DESC__C)
                  00004464    00000020     release_pem4f.oem4f (.const:ti_sysbios_knl_Queue_Object__DESC__C)
                  00004484    00000020     release_pem4f.oem4f (.const:ti_sysbios_knl_Semaphore_Object__DESC__C)
                  000044a4    00000020     release_pem4f.oem4f (.const:ti_sysbios_knl_Task_Object__DESC__C)
                  000044c4    0000001c     msp432p4xx_driverlib.lib : gpio.o (.const:GPIO_PORT_TO_INT)
                  000044e0    00000018     release_pem4f.oem4f (.const:ti_sysbios_gates_GateHwi_Object__PARAMS__C)
                  000044f8    00000018     release_pem4f.oem4f (.const:ti_sysbios_gates_GateMutex_Object__PARAMS__C)
                  00004510    00000018     release_pem4f.oem4f (.const:ti_sysbios_knl_Queue_Object__PARAMS__C)
                  00004528    00000018     release_pem4f.oem4f (.const:ti_sysbios_knl_Task_hooks__A)
                  00004540    00000012     release_pem4f.oem4f (.const:xdc_runtime_Startup_sfxnRts__A)
                  00004552    00000002     release_pem4f.oem4f (.const:ti_sysbios_family_arm_m3_Hwi_Module__id__C)
                  00004554    0000000c     release_pem4f.oem4f (.const:xdc_runtime_Startup_firstFxns__A)
                  00004560    00000008     msp432p4xx_driverlib.lib : interrupt.o (.const:g_pulEnRegs)
                  00004568    00000008     release_pem4f.oem4f (.const:ti_sysbios_knl_Idle_funcList__A)
                  00004570    00000008     release_pem4f.oem4f (.const:ti_sysbios_knl_Idle_funcList__C)
                  00004578    00000008     release_pem4f.oem4f (.const:ti_sysbios_knl_Task_hooks__C)
                  00004580    00000008     release_pem4f.oem4f (.const:xdc_runtime_Startup_firstFxns__C)
                  00004588    00000008     release_pem4f.oem4f (.const:xdc_runtime_Startup_lastFxns__C)
                  00004590    00000004     release_pem4f.oem4f (.const:ti_sysbios_family_arm_m3_Hwi_E_alreadyDefined__C)
                  00004594    00000004     release_pem4f.oem4f (.const:ti_sysbios_family_arm_m3_Hwi_E_badIntNum__C)
                  00004598    00000004     release_pem4f.oem4f (.const:ti_sysbios_family_arm_m3_Hwi_NUM_INTERRUPTS__C)
                  0000459c    00000004     release_pem4f.oem4f (.const:ti_sysbios_family_arm_m3_Hwi_Object__count__C)
                  000045a0    00000004     release_pem4f.oem4f (.const:ti_sysbios_family_arm_m3_Hwi_ccr__C)
                  000045a4    00000004     release_pem4f.oem4f (.const:ti_sysbios_family_arm_m3_Hwi_excHandlerFunc__C)
                  000045a8    00000004     release_pem4f.oem4f (.const:ti_sysbios_family_arm_m3_Hwi_nullIsrFunc__C)
                  000045ac    00000004     release_pem4f.oem4f (.const:ti_sysbios_family_arm_m3_Hwi_priGroup__C)
                  000045b0    00000004     release_pem4f.oem4f (.const:ti_sysbios_family_arm_m3_Hwi_swiDisable__C)
                  000045b4    00000004     release_pem4f.oem4f (.const:ti_sysbios_family_arm_m3_Hwi_swiRestore__C)
                  000045b8    00000004     release_pem4f.oem4f (.const:ti_sysbios_family_arm_m3_TaskSupport_stackAlignment__C)
                  000045bc    00000004     release_pem4f.oem4f (.const:ti_sysbios_family_arm_msp432_Timer_numTimerDevices__C)
                  000045c0    00000004     release_pem4f.oem4f (.const:ti_sysbios_family_arm_msp432_Timer_startupNeeded__C)
                  000045c4    00000004     release_pem4f.oem4f (.const:ti_sysbios_gates_GateMutex_Instance_State_sem__O)
                  000045c8    00000004     release_pem4f.oem4f (.const:ti_sysbios_heaps_HeapMem_E_memory__C)
                  000045cc    00000004     release_pem4f.oem4f (.const:ti_sysbios_heaps_HeapMem_Module__gateObj__C)
                  000045d0    00000004     release_pem4f.oem4f (.const:ti_sysbios_heaps_HeapMem_Object__count__C)
                  000045d4    00000004     release_pem4f.oem4f (.const:ti_sysbios_heaps_HeapMem_primaryHeapBaseAddr__C)
                  000045d8    00000004     release_pem4f.oem4f (.const:ti_sysbios_heaps_HeapMem_primaryHeapEndAddr__C)
                  000045dc    00000004     release_pem4f.oem4f (.const:ti_sysbios_heaps_HeapMem_reqAlign__C)
                  000045e0    00000004     release_pem4f.oem4f (.const:ti_sysbios_knl_Clock_Module_State_clockQ__O)
                  000045e4    00000004     release_pem4f.oem4f (.const:ti_sysbios_knl_Mailbox_Instance_State_freeQue__O)
                  000045e8    00000004     release_pem4f.oem4f (.const:ti_sysbios_knl_Mailbox_Object__count__C)
                  000045ec    00000004     release_pem4f.oem4f (.const:ti_sysbios_knl_Mailbox_maxTypeAlign__C)
                  000045f0    00000004     release_pem4f.oem4f (.const:ti_sysbios_knl_Semaphore_Instance_State_pendQ__O)
                  000045f4    00000004     release_pem4f.oem4f (.const:ti_sysbios_knl_Swi_Object__count__C)
                  000045f8    00000004     release_pem4f.oem4f (.const:ti_sysbios_knl_Task_Module_State_inactiveQ__O)
                  000045fc    00000004     release_pem4f.oem4f (.const:ti_sysbios_knl_Task_Object__count__C)
                  00004600    00000004     release_pem4f.oem4f (.const:ti_sysbios_knl_Task_Object__heap__C)
                  00004604    00000004     release_pem4f.oem4f (.const:ti_sysbios_knl_Task_allBlockedFunc__C)
                  00004608    00000004     release_pem4f.oem4f (.const:ti_sysbios_knl_Task_defaultStackHeap__C)
                  0000460c    00000004     release_pem4f.oem4f (.const:ti_sysbios_knl_Task_defaultStackSize__C)
                  00004610    00000004     release_pem4f.oem4f (.const:ti_sysbios_knl_Task_numConstructedTasks__C)
                  00004614    00000004     release_pem4f.oem4f (.const:xdc_runtime_Error_E_memory__C)
                  00004618    00000004     release_pem4f.oem4f (.const:xdc_runtime_Error_policyFxn__C)
                  0000461c    00000004     release_pem4f.oem4f (.const:xdc_runtime_IGateProvider_Interface__BASE__C)
                  00004620    00000004     release_pem4f.oem4f (.const:xdc_runtime_IHeap_Interface__BASE__C)
                  00004624    00000004     release_pem4f.oem4f (.const:xdc_runtime_IModule_Interface__BASE__C)
                  00004628    00000004     release_pem4f.oem4f (.const:xdc_runtime_Memory_defaultHeapInstance__C)
                  0000462c    00000004     release_pem4f.oem4f (.const:xdc_runtime_Startup_execImpl__C)
                  00004630    00000004     release_pem4f.oem4f (.const:xdc_runtime_Startup_maxPasses__C)
                  00004634    00000004     release_pem4f.oem4f (.const:xdc_runtime_Startup_sfxnRts__C)
                  00004638    00000004     release_pem4f.oem4f (.const:xdc_runtime_Startup_sfxnTab__C)
                  0000463c    00000004     release_pem4f.oem4f (.const:xdc_runtime_SysCallback_abortFxn__C)
                  00004640    00000004     release_pem4f.oem4f (.const:xdc_runtime_SysCallback_exitFxn__C)
                  00004644    00000004     release_pem4f.oem4f (.const:xdc_runtime_System_Module__gateObj__C)
                  00004648    00000004     release_pem4f.oem4f (.const:xdc_runtime_System_abortFxn__C)
                  0000464c    00000004     release_pem4f.oem4f (.const:xdc_runtime_System_exitFxn__C)
                  00004650    00000004     release_pem4f.oem4f (.const:xdc_runtime_System_maxAtexitHandlers__C)
                  00004654    00000004     release_pem4f.oem4f (.const:xdc_runtime_Text_charTab__C)
                  00004658    00000004     release_pem4f.oem4f (.const:xdc_runtime_Text_nameEmpty__C)
                  0000465c    00000004     release_pem4f.oem4f (.const:xdc_runtime_Text_nameStatic__C)
                  00004660    00000004     release_pem4f.oem4f (.const:xdc_runtime_Text_nameUnknown__C)
                  00004664    00000002     release_pem4f.oem4f (.const:ti_sysbios_family_arm_msp432_init_Boot_bypassHFXT__C)
                  00004666    00000002     release_pem4f.oem4f (.const:ti_sysbios_family_arm_msp432_init_Boot_bypassLFXT__C)
                  00004668    00000002     release_pem4f.oem4f (.const:ti_sysbios_family_arm_msp432_init_Boot_enableHFXT__C)
                  0000466a    00000002     release_pem4f.oem4f (.const:ti_sysbios_family_arm_msp432_init_Boot_enableLFXT__C)
                  0000466c    00000002     release_pem4f.oem4f (.const:ti_sysbios_heaps_HeapMem_Module__id__C)
                  0000466e    00000002     release_pem4f.oem4f (.const:xdc_runtime_Memory_Module__id__C)
                  00004670    00000002     release_pem4f.oem4f (.const:xdc_runtime_Text_charCnt__C)
                  00004672    00000002     release_pem4f.oem4f (.const:xdc_runtime_Text_isLoaded__C)
                  00004674    00000001     release_pem4f.oem4f (.const:xdc_runtime_Error_policy__C)
                  00004675    00000001     release_pem4f.oem4f (.const:xdc_runtime_Text_charTab__A)

.cinit     0    000048e8    00000238     
                  000048e8    00000204     (.cinit..data.load) [load image, compression = lzss]
                  00004aec    0000000c     (__TI_handler_table)
                  00004af8    00000008     (.cinit..bss.load) [load image, compression = zero_init]
                  00004b00    00000008     (.cinit..vtable.load) [load image, compression = zero_init]
                  00004b08    00000018     (__TI_cinit_table)

.init_array 
*          0    00000000    00000000     UNINITIALIZED

.data      0    20008140    000005fe     UNINITIALIZED
                  20008140    00000140     drivers_msp432p401x.aem4f : PowerMSP432.oem4f (.data:PowerMSP432_perfLevels)
                  20008280    00000088     sysbios.aem4f : BIOS.obj (.data:$O1$$)
                  20008308    00000080     release_pem4f.oem4f (.data:ti_sysbios_knl_Swi_Module_State_0_readyQ__A)
                  20008388    00000080     release_pem4f.oem4f (.data:ti_sysbios_knl_Task_Module_State_0_readyQ__A)
                  20008408    00000054     release_pem4f.oem4f (.data:ti_sysbios_gates_GateMutex_Object__table__V)
                  2000845c    0000004c     release_pem4f.oem4f (.data:ti_sysbios_knl_Task_Object__table__V)
                  200084a8    00000044     release_pem4f.oem4f (.data:ti_sysbios_family_arm_msp432_Timer_Object__table__V)
                  200084ec    00000044     release_pem4f.oem4f (.data:ti_sysbios_knl_Task_Module__state__V)
                  20008530    00000034     release_pem4f.oem4f (.data:ti_sysbios_family_arm_m3_Hwi_Module__state__V)
                  20008564    00000030     release_pem4f.oem4f (.data:ti_sysbios_knl_Swi_Object__table__V)
                  20008594    0000002c     drivers_msp432p401x.aem4f : PowerMSP432.oem4f (.data:PowerMSP432_module)
                  200085c0    0000002c     release_pem4f.oem4f (.data:ti_sysbios_knl_Clock_Module__state__V)
                  200085ec    00000024     release_pem4f.oem4f (.data:ti_sysbios_BIOS_Module__state__V)
                  20008610    00000020     release_pem4f.oem4f (.data:ti_sysbios_family_arm_msp432_Timer_Module_State_0_device__A)
                  20008630    00000020     release_pem4f.oem4f (.data:xdc_runtime_Error_IgnoreBlock)
                  20008650    0000001c     release_pem4f.oem4f (.data:ti_sysbios_knl_Swi_Module__state__V)
                  2000866c    00000018     release_pem4f.oem4f (.data:ti_sysbios_family_arm_m3_Hwi_Object__table__V)
                  20008684    00000018     release_pem4f.oem4f (.data:ti_sysbios_heaps_HeapMem_Object__table__V)
                  2000869c    00000010     release_pem4f.oem4f (.data:ti_sysbios_family_arm_msp432_Timer_Module_State_0_handles__A)
                  200086ac    0000000c     release_pem4f.oem4f (.data:ti_sysbios_family_arm_msp432_ClockFreqs_Module__state__V)
                  200086b8    0000000c     release_pem4f.oem4f (.data:ti_sysbios_family_arm_msp432_Timer_Module__state__V)
                  200086c4    00000008     rtsv7M4_T_le_v4SPD16_eabi.lib : _lock.c.obj (.data:$O1$$)
                  200086cc    00000008     release_pem4f.oem4f (.data:ti_sysbios_family_arm_m3_Hwi_Module__root__V)
                  200086d4    00000008     release_pem4f.oem4f (.data:ti_sysbios_gates_GateHwi_Module__root__V)
                  200086dc    00000008     release_pem4f.oem4f (.data:ti_sysbios_gates_GateMutex_Module__root__V)
                  200086e4    00000008     release_pem4f.oem4f (.data:ti_sysbios_heaps_HeapMem_Module__root__V)
                  200086ec    00000008     release_pem4f.oem4f (.data:ti_sysbios_knl_Queue_Module__root__V)
                  200086f4    00000008     release_pem4f.oem4f (.data:ti_sysbios_knl_Semaphore_Module__root__V)
                  200086fc    00000008     release_pem4f.oem4f (.data:ti_sysbios_knl_Task_Module__root__V)
                  20008704    00000008     release_pem4f.oem4f (.data:xdc_runtime_Startup_Module__state__V)
                  2000870c    00000008     release_pem4f.oem4f (.data:xdc_runtime_System_Module_State_0_atexitHandlers__A)
                  20008714    00000008     release_pem4f.oem4f (.data:xdc_runtime_System_Module__state__V)
                  2000871c    00000004     HCSR04.obj (.data)
                  20008720    00000004     rtsv7M4_T_le_v4SPD16_eabi.lib : stkdepth_vars.c.obj (.data)
                  20008724    00000004     release_pem4f.oem4f (.data:ti_sysbios_family_arm_m3_Hwi_Module_State_0_excContext__A)
                  20008728    00000004     release_pem4f.oem4f (.data:ti_sysbios_family_arm_m3_Hwi_Module_State_0_excStack__A)
                  2000872c    00000004     release_pem4f.oem4f (.data:ti_sysbios_gates_GateHwi_Object__table__V)
                  20008730    00000004     release_pem4f.oem4f (.data:ti_sysbios_knl_Task_Module_State_0_idleTask__A)
                  20008734    00000004     release_pem4f.oem4f (.data:ti_sysbios_rts_ti_ReentSupport_Module__state__V)
                  20008738    00000004     release_pem4f.oem4f (.data:xdc_runtime_Memory_Module__state__V)
                  2000873c    00000002     release_pem4f.oem4f (.data:ti_sysbios_family_arm_m3_Hwi_Module_State_0_excActive__A)

.bss       0    20008740    00000354     UNINITIALIZED
                  20008740    00000200     release_pem4f.oem4f (.bss:taskStackSection)
                  20008940    00000140     (.common:ti_sysbios_family_arm_m3_Hwi_dispatchTable)
                  20008a80    00000008     msp432p4xx_driverlib.lib : cs.o (.bss)
                  20008a88    00000004     (.common:distance)
                  20008a8c    00000004     (.common:duration)
                  20008a90    00000004     (.common:ti_sysbios_knl_Task_Instance_State_0_hookEnv__A)

.priheap   0    20000140    00008000     UNINITIALIZED
                  20000140    00008000     --HOLE--

.stack     0    2000fc00    00000400     UNINITIALIZED
                  2000fc00    00000400     --HOLE--

.bootVecs 
*          0    00000000    00000008     DSECT
                  00000000    00000008     boot.aem4f : boot.oem4f (.bootVecs)

.resetVecs 
*          0    00000000    0000003c     
                  00000000    0000003c     release_pem4f.oem4f (.resetVecs)

.vecs      0    20000000    00000140     NOLOAD SECTION
                  20000000    00000140     release_pem4f.oem4f (.vecs)

xdc.meta   0    00000000    000000fd     COPY SECTION
                  00000000    000000fd     release_pem4f.oem4f (xdc.meta)

xdc.noload 
*          0    00000000    00000000     COPY SECTION

.binit     0    00000000    00000000     

.vtable    0    00004800    000000e8     UNINITIALIZED
                  00004800    000000e8     msp432p4xx_driverlib.lib : interrupt.o (.vtable)

MODULE SUMMARY

       Module                       code    ro data   rw data
       ------                       ----    -------   -------
    .\
       main_tirtos.obj              100     0         0      
       sonicThread.obj              44      0         0      
    +--+----------------------------+-------+---------+---------+
       Total:                       144     0         0      
                                                             
    .\Working-Not_Integrated\
       HCSR04.obj                   318     0         24     
    +--+----------------------------+-------+---------+---------+
       Total:                       318     0         24     
                                                             
    .\syscfg\
       ti_drivers_config.obj        14      56        0      
    +--+----------------------------+-------+---------+---------+
       Total:                       14      56        0      
                                                             
    C:\Users\hafiz\workspace_v9\tirtos_builds_MSP_EXP432P401R_release_ccs\Debug\configPkg\package\cfg\
       release_pem4f.oem4f          1242    1082      4348   
    +--+----------------------------+-------+---------+---------+
       Total:                       1242    1082      4348   
                                                             
    C:/ti/simplelink_msp432p4_sdk_3_30_00_13/kernel/tirtos/packages/ti/dpl/lib/dpl_msp432p401x.aem4f
       PowerMSP432_tirtos.oem4f     122     0         0      
       HwiP_tirtos.oem4f            80      0         0      
    +--+----------------------------+-------+---------+---------+
       Total:                       202     0         0      
                                                             
    C:/ti/simplelink_msp432p4_sdk_3_30_00_13/source/ti/devices/msp432p4xx/driverlib/ccs/msp432p4xx_driverlib.lib
       pcm.o                        1770    0         0      
       cs.o                         704     0         16     
       interrupt.o                  220     8         232    
       gpio.o                       332     76        0      
       sysctl_a.o                   64      0         0      
       rtc_c.o                      44      0         0      
       wdt_a.o                      36      0         0      
       cpu.o                        28      0         0      
       sysctl.o                     16      0         0      
    +--+----------------------------+-------+---------+---------+
       Total:                       3214    84        248    
                                                             
    C:/ti/simplelink_msp432p4_sdk_3_30_00_13/source/ti/drivers/lib/drivers_msp432p401x.aem4f
       PowerMSP432.oem4f            1864    0         728    
    +--+----------------------------+-------+---------+---------+
       Total:                       1864    0         728    
                                                             
    C:\Users\hafiz\workspace_v9\tirtos_builds_MSP_EXP432P401R_release_ccs\src\sysbios\sysbios.aem4f
       BIOS.obj                     8136    0         272    
       m3_Hwi_asm.obj               318     0         0      
       m3_TaskSupport_asm.obj       180     0         0      
       m3_Hwi_asm_switch.obj        118     0         0      
    +--+----------------------------+-------+---------+---------+
       Total:                       8752    0         272    
                                                             
    C:\ti\ccs\tools\compiler\ti-cgt-arm_18.12.2.LTS\lib\rtsv7M4_T_le_v4SPD16_eabi.lib
       memcpy_t2.asm.obj            156     0         0      
       memset_t2.asm.obj            122     0         0      
       copy_decompress_lzss.c.obj   104     0         0      
       cpy_tbl.c.obj                76      0         0      
       _lock.c.obj                  26      0         16     
       args_main.c.obj              24      0         0      
       copy_decompress_none.c.obj   14      0         0      
       copy_zero_init.c.obj         12      0         0      
       stkdepth_vars.c.obj          0       0         8      
    +--+----------------------------+-------+---------+---------+
       Total:                       534     0         24     
                                                             
    C:\ti\simplelink_msp432p4_sdk_3_30_00_13\kernel\tirtos\packages\ti\targets\arm\rtsarm\lib\auto_init.aem4f
       auto_init.oem4f              160     0         0      
    +--+----------------------------+-------+---------+---------+
       Total:                       160     0         0      
                                                             
    C:\ti\simplelink_msp432p4_sdk_3_30_00_13\kernel\tirtos\packages\ti\targets\arm\rtsarm\lib\boot.aem4f
       boot.oem4f                   88      0         0      
    +--+----------------------------+-------+---------+---------+
       Total:                       88      0         0      
                                                             
       Stack:                       0       0         2048   
       Linker Generated:            0       568       0      
    +--+----------------------------+-------+---------+---------+
       Grand Total:                 16532   1790      7692   


LINKER GENERATED COPY TABLES

__TI_cinit_table @ 00004b08 records: 3, size/record: 8, table size: 24
	.data: load addr=000048e8, load size=00000204 bytes, run addr=20008140, run size=000005fe bytes, compression=lzss
	.bss: load addr=00004af8, load size=00000008 bytes, run addr=20008740, run size=00000354 bytes, compression=zero_init
	.vtable: load addr=00004b00, load size=00000008 bytes, run addr=00004800, run size=000000e8 bytes, compression=zero_init


LINKER GENERATED HANDLER TABLE

__TI_handler_table @ 00004aec records: 3, size/record: 4, table size: 12
	index: 0, handler: __TI_decompress_lzss
	index: 1, handler: __TI_decompress_none
	index: 2, handler: __TI_zero_init


GLOBAL SYMBOLS: SORTED ALPHABETICALLY BY Name 

address   name                                                            
-------   ----                                                            
00004047  Board_init                                                      
000005c3  Board_initHook                                                  
00004053  CPU_cpsid                                                       
0000405f  CPU_cpsie                                                       
00000ef5  CPU_wfi                                                         
00003a65  CS_setExternalClockSourceFrequency                              
000011d1  CS_startHFXTWithTimeout                                         
0000139d  CS_startLFXTWithTimeout                                         
00003711  GPIO_clearInterruptFlag                                         
000038a1  GPIO_getInterruptStatus                                         
000038c5  GPIO_registerInterrupt                                          
00002be9  GPIO_setAsInputPin                                              
0000305d  GPIO_setAsOutputPin                                             
00003739  GPIO_setOutputHighOnPin                                         
00003761  GPIO_setOutputLowOnPin                                          
00008000  HEAPSIZE                                                        
00003ea5  HwiP_Params_init                                                
0000309d  HwiP_create                                                     
0000216d  Interrupt_enableInterrupt                                       
00002769  Interrupt_registerInterrupt                                     
00002709  PCM_getCoreVoltageLevel                                         
000028e5  PCM_getPowerMode                                                
00003dc1  PCM_getPowerState                                               
00003789  PCM_gotoLPM0                                                    
00001f59  PCM_gotoLPM3                                                    
00003eb5  PCM_gotoLPM4                                                    
00003ec5  PCM_setPowerMode                                                
00003ed5  PCM_setPowerState                                               
000029f1  PCM_shutdownDevice                                              
00004270  PowerMSP432_config                                              
0000182f  PowerMSP432_initPolicy                                          
20008594  PowerMSP432_module                                              
20008140  PowerMSP432_perfLevels                                          
00002c35  PowerMSP432_sleepPolicy                                         
000035d7  PowerMSP432_updateFreqs                                         
0000406d  Power_getConstraintMask                                         
00003dd5  Power_idleFunc                                                  
00001a1d  Power_init                                                      
00000041  Power_sleep                                                     
00003605  RTC_C_holdClock                                                 
UNDEFED   SHT$$INIT_ARRAY$$Base                                           
UNDEFED   SHT$$INIT_ARRAY$$Limit                                          
00003c55  SysCtl_A_disableNMISource                                       
00003c6d  SysCtl_A_enableNMISource                                        
00003ee5  SysCtl_A_getNMISourceStatus                                     
00003ef5  SysCtl_getNMISourceStatus                                       
4000480c  WDTCTL_SYM                                                      
000038e9  WDT_A_holdTimer                                                 
00000000  __ASM__                                                         
0000007e  __ISA__                                                         
00000091  __PLAT__                                                        
20010000  __STACK_END                                                     
00000400  __STACK_SIZE                                                    
000000b4  __TARG__                                                        
00004b08  __TI_CINIT_Base                                                 
00004b20  __TI_CINIT_Limit                                                
00004aec  __TI_Handler_Table_Base                                         
00004af8  __TI_Handler_Table_Limit                                        
0000197d  __TI_auto_init                                                  
0000243d  __TI_decompress_lzss                                            
00004009  __TI_decompress_none                                            
ffffffff  __TI_pprof_out_hndl                                             
ffffffff  __TI_prof_data_size                                             
ffffffff  __TI_prof_data_start                                            
000048e8  __TI_static_base__                                              
00004091  __TI_zero_init                                                  
000000da  __TRDR__                                                        
00002271  __aeabi_memclr                                                  
00002271  __aeabi_memclr4                                                 
00002271  __aeabi_memclr8                                                 
00001ab9  __aeabi_memcpy                                                  
00001ab9  __aeabi_memcpy4                                                 
00001ab9  __aeabi_memcpy8                                                 
00002273  __aeabi_memset                                                  
00002273  __aeabi_memset4                                                 
00002273  __aeabi_memset8                                                 
ffffffff  __binit__                                                       
ffffffff  __c_args__                                                      
20008140  __primary_heap_end__                                            
20000140  __primary_heap_start__                                          
2000fc00  __stack                                                         
00003c85  _args_main                                                      
00002941  _c_int00                                                        
200086c4  _lock                                                           
00001f57  _nop                                                            
00003631  _pthread_cleanupFxn                                             
00003e51  _pthread_cleanup_pop                                            
00001b59  _pthread_removeThreadKeys                                       
00004079  _register_lock                                                  
00004085  _register_unlock                                                
200086c8  _unlock                                                         
ffffffff  binit                                                           
00002c81  copy_in                                                         
20008a88  distance                                                        
20008a8c  duration                                                        
00004800  g_pfnRAMVectors                                                 
00002361  hCSR_init                                                       
00001831  interruptHandler                                                
00002511  main                                                            
20008720  main_func_sp                                                    
00001ab9  memcpy                                                          
00002279  memset                                                          
00003911  pthread_attr_init                                               
00004019  pthread_attr_setdetachstate                                     
00003de9  pthread_attr_setschedparam                                      
00004159  pthread_attr_setstacksize                                       
00000ff1  pthread_create                                                  
00002579  pthread_exit                                                    
000040a1  pthread_self                                                    
000035a9  setTimer                                                        
0000368d  sonicThread                                                     
200085ec  ti_sysbios_BIOS_Module__state__V                                
00003d15  ti_sysbios_BIOS_RtsGateProxy_Handle__label__S                   
000012b5  ti_sysbios_BIOS_RtsGateProxy_enter__E                           
000018d5  ti_sysbios_BIOS_RtsGateProxy_leave__E                           
000041a9  ti_sysbios_BIOS_RtsGateProxy_query__E                           
00003305  ti_sysbios_BIOS_atExitFunc__I                                   
00003d91  ti_sysbios_BIOS_exitFunc__I                                     
00003f09  ti_sysbios_BIOS_exit__E                                         
000041b9  ti_sysbios_BIOS_linkedWithIncorrectBootLibrary__E               
000021ed  ti_sysbios_BIOS_nullFunc__I                                     
00003935  ti_sysbios_BIOS_registerRTSLock__I                              
00003959  ti_sysbios_BIOS_removeRTSLock__I                                
00003a85  ti_sysbios_BIOS_rtsLock__I                                      
00003c9d  ti_sysbios_BIOS_rtsUnlock__I                                    
00003f19  ti_sysbios_BIOS_setCpuFreq__E                                   
00003f29  ti_sysbios_BIOS_setThreadType__E                                
00003335  ti_sysbios_BIOS_startFunc__I                                    
00003f39  ti_sysbios_BIOS_start__E                                        
00004590  ti_sysbios_family_arm_m3_Hwi_E_alreadyDefined__C                
00004594  ti_sysbios_family_arm_m3_Hwi_E_badIntNum__C                     
000031a1  ti_sysbios_family_arm_m3_Hwi_Instance_finalize__E               
00001629  ti_sysbios_family_arm_m3_Hwi_Instance_init__E                   
2000873c  ti_sysbios_family_arm_m3_Hwi_Module_State_0_excActive__A        
20008724  ti_sysbios_family_arm_m3_Hwi_Module_State_0_excContext__A       
20008728  ti_sysbios_family_arm_m3_Hwi_Module_State_0_excStack__A         
00004552  ti_sysbios_family_arm_m3_Hwi_Module__id__C                      
200086cc  ti_sysbios_family_arm_m3_Hwi_Module__root__V                    
00003cb5  ti_sysbios_family_arm_m3_Hwi_Module__startupDone__F             
00003cb5  ti_sysbios_family_arm_m3_Hwi_Module__startupDone__S             
20008530  ti_sysbios_family_arm_m3_Hwi_Module__state__V                   
00002b49  ti_sysbios_family_arm_m3_Hwi_Module_startup__E                  
00004598  ti_sysbios_family_arm_m3_Hwi_NUM_INTERRUPTS__C                  
000043e4  ti_sysbios_family_arm_m3_Hwi_Object__DESC__C                    
000042d8  ti_sysbios_family_arm_m3_Hwi_Object__PARAMS__C                  
0000459c  ti_sysbios_family_arm_m3_Hwi_Object__count__C                   
00003dfd  ti_sysbios_family_arm_m3_Hwi_Object__get__S                     
2000866c  ti_sysbios_family_arm_m3_Hwi_Object__table__V                   
000040ad  ti_sysbios_family_arm_m3_Hwi_Params__init__S                    
000045a0  ti_sysbios_family_arm_m3_Hwi_ccr__C                             
00002a45  ti_sysbios_family_arm_m3_Hwi_create                             
00002eb1  ti_sysbios_family_arm_m3_Hwi_disableInterrupt__E                
000025e1  ti_sysbios_family_arm_m3_Hwi_dispatchC__I                       
20008940  ti_sysbios_family_arm_m3_Hwi_dispatchTable                      
000010e1  ti_sysbios_family_arm_m3_Hwi_dispatch__I                        
00004161  ti_sysbios_family_arm_m3_Hwi_doSwiRestore__I                    
00004171  ti_sysbios_family_arm_m3_Hwi_doTaskRestore__I                   
00002ef9  ti_sysbios_family_arm_m3_Hwi_enableInterrupt__E                 
00003801  ti_sysbios_family_arm_m3_Hwi_excHandlerAsm__I                   
000045a4  ti_sysbios_family_arm_m3_Hwi_excHandlerFunc__C                  
00003b69  ti_sysbios_family_arm_m3_Hwi_excHandler__I                      
00002fd1  ti_sysbios_family_arm_m3_Hwi_getStackInfo__E                    
00001bf1  ti_sysbios_family_arm_m3_Hwi_initNVIC__E                        
00002999  ti_sysbios_family_arm_m3_Hwi_initStacks__E                      
000011b5  ti_sysbios_family_arm_m3_Hwi_interruptsAreDisabledButShouldNotBe
000045a8  ti_sysbios_family_arm_m3_Hwi_nullIsrFunc__C                     
e000e000  ti_sysbios_family_arm_m3_Hwi_nvic                               
00003879  ti_sysbios_family_arm_m3_Hwi_pendSV__I                          
00002061  ti_sysbios_family_arm_m3_Hwi_postInit__I                        
000045ac  ti_sysbios_family_arm_m3_Hwi_priGroup__C                        
20000000  ti_sysbios_family_arm_m3_Hwi_ramVectors                         
00000000  ti_sysbios_family_arm_m3_Hwi_resetVectors                       
0000389d  ti_sysbios_family_arm_m3_Hwi_return                             
00004169  ti_sysbios_family_arm_m3_Hwi_startup__E                         
000045b0  ti_sysbios_family_arm_m3_Hwi_swiDisable__C                      
000045b4  ti_sysbios_family_arm_m3_Hwi_swiRestore__C                      
00003e11  ti_sysbios_family_arm_m3_Hwi_switchFromBootStack__E             
00001b55  ti_sysbios_family_arm_m3_TaskSupport_Module__startupDone__S     
00001db1  ti_sysbios_family_arm_m3_TaskSupport_buildTaskStack             
000040b9  ti_sysbios_family_arm_m3_TaskSupport_getStackAlignment__E       
00003f49  ti_sysbios_family_arm_m3_TaskSupport_glue                       
000045b8  ti_sysbios_family_arm_m3_TaskSupport_stackAlignment__C          
00003369  ti_sysbios_family_arm_m3_TaskSupport_start__E                   
00003ccd  ti_sysbios_family_arm_m3_TaskSupport_swap__E                    
200086ac  ti_sysbios_family_arm_msp432_ClockFreqs_Module__state__V        
00003981  ti_sysbios_family_arm_msp432_ClockFreqs_setFrequency__E         
000031e1  ti_sysbios_family_arm_msp432_Seconds_Module_startup__E          
20008610  ti_sysbios_family_arm_msp432_Timer_Module_State_0_device__A     
2000869c  ti_sysbios_family_arm_msp432_Timer_Module_State_0_handles__A    
00003ce5  ti_sysbios_family_arm_msp432_Timer_Module__startupDone__F       
00003ce5  ti_sysbios_family_arm_msp432_Timer_Module__startupDone__S       
200086b8  ti_sysbios_family_arm_msp432_Timer_Module__state__V             
000030e1  ti_sysbios_family_arm_msp432_Timer_Module_startup__E            
200084a8  ti_sysbios_family_arm_msp432_Timer_Object__table__V             
000040c9  ti_sysbios_family_arm_msp432_Timer_getMaxTicks__E               
00002a99  ti_sysbios_family_arm_msp432_Timer_initDevice__I                
000045bc  ti_sysbios_family_arm_msp432_Timer_numTimerDevices__C           
000016e1  ti_sysbios_family_arm_msp432_Timer_periodicStub__E              
00002cd1  ti_sysbios_family_arm_msp432_Timer_postInit__I                  
00002d21  ti_sysbios_family_arm_msp432_Timer_start__E                     
000045c0  ti_sysbios_family_arm_msp432_Timer_startupNeeded__C             
00003121  ti_sysbios_family_arm_msp432_Timer_startup__E                   
00004664  ti_sysbios_family_arm_msp432_init_Boot_bypassHFXT__C            
00004666  ti_sysbios_family_arm_msp432_init_Boot_bypassLFXT__C            
00000ef9  ti_sysbios_family_arm_msp432_init_Boot_configureClocksHigh      
00003f59  ti_sysbios_family_arm_msp432_init_Boot_disableWatchdog          
00004668  ti_sysbios_family_arm_msp432_init_Boot_enableHFXT__C            
0000466a  ti_sysbios_family_arm_msp432_init_Boot_enableLFXT__C            
00003c3d  ti_sysbios_family_arm_msp432_init_Boot_init__I                  
00003b49  ti_sysbios_family_xxx_Hwi_switchAndRunFunc                      
00003cfd  ti_sysbios_gates_GateHwi_Handle__label__S                       
000041c1  ti_sysbios_gates_GateHwi_Instance_init__E                       
00004330  ti_sysbios_gates_GateHwi_Module__FXNS__C                        
200086d4  ti_sysbios_gates_GateHwi_Module__root__V                        
00004404  ti_sysbios_gates_GateHwi_Object__DESC__C                        
000044e0  ti_sysbios_gates_GateHwi_Object__PARAMS__C                      
00003399  ti_sysbios_gates_GateHwi_Object__create__S                      
00003aa5  ti_sysbios_gates_GateHwi_Object__delete__S                      
2000872c  ti_sysbios_gates_GateHwi_Object__table__V                       
000040d9  ti_sysbios_gates_GateHwi_enter__E                               
00004179  ti_sysbios_gates_GateHwi_leave__E                               
000041a1  ti_sysbios_gates_GateHwi_query__E                               
00003d15  ti_sysbios_gates_GateMutex_Handle__label__S                     
000045c4  ti_sysbios_gates_GateMutex_Instance_State_sem__O                
00003f69  ti_sysbios_gates_GateMutex_Instance_finalize__E                 
00003b89  ti_sysbios_gates_GateMutex_Instance_init__E                     
00004354  ti_sysbios_gates_GateMutex_Module__FXNS__C                      
200086dc  ti_sysbios_gates_GateMutex_Module__root__V                      
00004424  ti_sysbios_gates_GateMutex_Object__DESC__C                      
000044f8  ti_sysbios_gates_GateMutex_Object__PARAMS__C                    
000033c9  ti_sysbios_gates_GateMutex_Object__create__S                    
000039a5  ti_sysbios_gates_GateMutex_Object__delete__S                    
20008408  ti_sysbios_gates_GateMutex_Object__table__V                     
000033f9  ti_sysbios_gates_GateMutex_enter__E                             
00003d31  ti_sysbios_gates_GateMutex_leave__E                             
000041a9  ti_sysbios_gates_GateMutex_query__E                             
00003cb5  ti_sysbios_hal_Hwi_HwiProxy_Module__startupDone__S              
000040ad  ti_sysbios_hal_Hwi_HwiProxy_Params__init__S                     
00002eb1  ti_sysbios_hal_Hwi_HwiProxy_disableInterrupt__E                 
00002ef9  ti_sysbios_hal_Hwi_HwiProxy_enableInterrupt__E                  
00002fd1  ti_sysbios_hal_Hwi_HwiProxy_getStackInfo__E                     
00004169  ti_sysbios_hal_Hwi_HwiProxy_startup__E                          
00003e11  ti_sysbios_hal_Hwi_HwiProxy_switchFromBootStack__E              
00003e81  ti_sysbios_hal_Hwi_Module_startup__E                            
00002eb1  ti_sysbios_hal_Hwi_disableInterrupt__E                          
00002ef9  ti_sysbios_hal_Hwi_enableInterrupt__E                           
00002fd1  ti_sysbios_hal_Hwi_getStackInfo__E                              
000032d1  ti_sysbios_hal_Hwi_initStack                                    
00004169  ti_sysbios_hal_Hwi_startup__E                                   
00003e11  ti_sysbios_hal_Hwi_switchFromBootStack__E                       
000045c8  ti_sysbios_heaps_HeapMem_E_memory__C                            
00003d49  ti_sysbios_heaps_HeapMem_Handle__label__S                       
00003161  ti_sysbios_heaps_HeapMem_Instance_init__E                       
00003d15  ti_sysbios_heaps_HeapMem_Module_GateProxy_Handle__label__S      
00001bed  ti_sysbios_heaps_HeapMem_Module_GateProxy_enter__E              
00001c85  ti_sysbios_heaps_HeapMem_Module_GateProxy_leave__E              
000041a9  ti_sysbios_heaps_HeapMem_Module_GateProxy_query__E              
00004308  ti_sysbios_heaps_HeapMem_Module__FXNS__C                        
000045cc  ti_sysbios_heaps_HeapMem_Module__gateObj__C                     
0000466c  ti_sysbios_heaps_HeapMem_Module__id__C                          
200086e4  ti_sysbios_heaps_HeapMem_Module__root__V                        
00004444  ti_sysbios_heaps_HeapMem_Object__DESC__C                        
00004378  ti_sysbios_heaps_HeapMem_Object__PARAMS__C                      
000045d0  ti_sysbios_heaps_HeapMem_Object__count__C                       
00003429  ti_sysbios_heaps_HeapMem_Object__create__S                      
00003ac5  ti_sysbios_heaps_HeapMem_Object__delete__S                      
00003e25  ti_sysbios_heaps_HeapMem_Object__get__S                         
20008684  ti_sysbios_heaps_HeapMem_Object__table__V                       
00001559  ti_sysbios_heaps_HeapMem_alloc__E                               
000020e9  ti_sysbios_heaps_HeapMem_free__E                                
00002d71  ti_sysbios_heaps_HeapMem_getStats__E                            
000022f1  ti_sysbios_heaps_HeapMem_initPrimary__I                         
00004181  ti_sysbios_heaps_HeapMem_isBlocking__E                          
000045d4  ti_sysbios_heaps_HeapMem_primaryHeapBaseAddr__C                 
000045d8  ti_sysbios_heaps_HeapMem_primaryHeapEndAddr__C                  
000045dc  ti_sysbios_heaps_HeapMem_reqAlign__C                            
000045e0  ti_sysbios_knl_Clock_Module_State_clockQ__O                     
200085c0  ti_sysbios_knl_Clock_Module__state__V                           
000039c9  ti_sysbios_knl_Clock_Module_startup__E                          
00003ce5  ti_sysbios_knl_Clock_TimerProxy_Module__startupDone__S          
00001d1d  ti_sysbios_knl_Clock_TimerProxy_getMaxTicks__E                  
00003121  ti_sysbios_knl_Clock_TimerProxy_startup__E                      
00003829  ti_sysbios_knl_Clock_addI__E                                    
000036b9  ti_sysbios_knl_Clock_doTick__I                                  
000041c9  ti_sysbios_knl_Clock_logTick__E                                 
000021f1  ti_sysbios_knl_Clock_workFunc__E                                
00004568  ti_sysbios_knl_Idle_funcList__A                                 
00004570  ti_sysbios_knl_Idle_funcList__C                                 
[...]
00003ccd  ti_sysbios_family_arm_m3_TaskSupport_swap__E                    
00003ccd  ti_sysbios_knl_Task_SupportProxy_swap__E                        
00003cd9  ti_sysbios_knl_Task_swapReturn                                  
00003ce5  ti_sysbios_family_arm_msp432_Timer_Module__startupDone__F       
00003ce5  ti_sysbios_family_arm_msp432_Timer_Module__startupDone__S       
00003ce5  ti_sysbios_knl_Clock_TimerProxy_Module__startupDone__S          
00003cfd  ti_sysbios_gates_GateHwi_Handle__label__S                       
00003cfd  xdc_runtime_Main_Module_GateProxy_Handle__label__S              
00003cfd  xdc_runtime_System_Module_GateProxy_Handle__label__S            
00003d15  ti_sysbios_BIOS_RtsGateProxy_Handle__label__S                   
00003d15  ti_sysbios_gates_GateMutex_Handle__label__S                     
00003d15  ti_sysbios_heaps_HeapMem_Module_GateProxy_Handle__label__S      
00003d31  ti_sysbios_gates_GateMutex_leave__E                             
00003d49  ti_sysbios_heaps_HeapMem_Handle__label__S                       
00003d49  xdc_runtime_Memory_HeapProxy_Handle__label__S                   
00003d61  xdc_runtime_Error_init__E                                       
00003d79  xdc_runtime_System_exit__E                                      
00003d91  ti_sysbios_BIOS_exitFunc__I                                     
00003da9  ti_sysbios_knl_Task_unblock__E                                  
00003dc1  PCM_getPowerState                                               
00003dd5  Power_idleFunc                                                  
00003de9  pthread_attr_setschedparam                                      
00003dfd  ti_sysbios_family_arm_m3_Hwi_Object__get__S                     
00003e11  ti_sysbios_family_arm_m3_Hwi_switchFromBootStack__E             
00003e11  ti_sysbios_hal_Hwi_HwiProxy_switchFromBootStack__E              
00003e11  ti_sysbios_hal_Hwi_switchFromBootStack__E                       
00003e25  ti_sysbios_heaps_HeapMem_Object__get__S                         
00003e39  ti_sysbios_knl_Swi_Object__get__S                               
00003e51  _pthread_cleanup_pop                                            
00003e81  ti_sysbios_hal_Hwi_Module_startup__E                            
00003e93  xdc_runtime_Startup_exec__I                                     
00003ea5  HwiP_Params_init                                                
00003eb5  PCM_gotoLPM4                                                    
00003ec5  PCM_setPowerMode                                                
00003ed5  PCM_setPowerState                                               
00003ee5  SysCtl_A_getNMISourceStatus                                     
00003ef5  SysCtl_getNMISourceStatus                                       
00003f09  ti_sysbios_BIOS_exit__E                                         
00003f19  ti_sysbios_BIOS_setCpuFreq__E                                   
00003f29  ti_sysbios_BIOS_setThreadType__E                                
00003f39  ti_sysbios_BIOS_start__E                                        
00003f49  ti_sysbios_family_arm_m3_TaskSupport_glue                       
00003f59  ti_sysbios_family_arm_msp432_init_Boot_disableWatchdog          
00003f69  ti_sysbios_gates_GateMutex_Instance_finalize__E                 
00003f79  ti_sysbios_knl_Mailbox_Object__get__S                           
00003f89  ti_sysbios_knl_Semaphore_Instance_finalize__E                   
00003f99  ti_sysbios_knl_Swi_disable__E                                   
00003fa9  ti_sysbios_knl_Task_Object__get__S                              
00003fb9  ti_sysbios_knl_Task_disable__E                                  
00003fc9  xdc_runtime_Gate_leaveSystem__E                                 
00003fd9  xdc_runtime_Memory_free__E                                      
00003fe9  xdc_runtime_SysCallback_abort__E                                
00003fe9  xdc_runtime_System_SupportProxy_abort__E                        
00003ff9  xdc_runtime_SysCallback_exit__E                                 
00003ff9  xdc_runtime_System_SupportProxy_exit__E                         
00004009  __TI_decompress_none                                            
00004019  pthread_attr_setdetachstate                                     
00004029  ti_sysbios_knl_Idle_loop__E                                     
00004039  ti_sysbios_knl_Queue_empty__E                                   
00004047  Board_init                                                      
00004053  CPU_cpsid                                                       
0000405f  CPU_cpsie                                                       
0000406d  Power_getConstraintMask                                         
00004079  _register_lock                                                  
00004085  _register_unlock                                                
00004091  __TI_zero_init                                                  
000040a1  pthread_self                                                    
000040ad  ti_sysbios_family_arm_m3_Hwi_Params__init__S                    
000040ad  ti_sysbios_hal_Hwi_HwiProxy_Params__init__S                     
000040b9  ti_sysbios_family_arm_m3_TaskSupport_getStackAlignment__E       
000040b9  ti_sysbios_knl_Task_SupportProxy_getStackAlignment__E           
000040c9  ti_sysbios_family_arm_msp432_Timer_getMaxTicks__E               
000040d9  ti_sysbios_gates_GateHwi_enter__E                               
000040e5  ti_sysbios_knl_Queue_Object__get__S                             
000040f1  ti_sysbios_knl_Semaphore_Params__init__S                        
000040fd  ti_sysbios_knl_Task_Params__init__S                             
00004109  ti_sysbios_rts_ti_ReentSupport_taskRegHook__I                   
00004119  xdc_runtime_Gate_enterSystem__E                                 
00004129  xdc_runtime_Memory_calloc__E                                    
00004139  xdc_runtime_Startup_rtsDone__E                                  
00004145  xdc_runtime_Memory_HeapProxy_alloc__E                           
0000414f  xdc_runtime_Memory_HeapProxy_free__E                            
00004159  pthread_attr_setstacksize                                       
00004161  ti_sysbios_family_arm_m3_Hwi_doSwiRestore__I                    
00004169  ti_sysbios_family_arm_m3_Hwi_startup__E                         
00004169  ti_sysbios_hal_Hwi_HwiProxy_startup__E                          
00004169  ti_sysbios_hal_Hwi_startup__E                                   
00004171  ti_sysbios_family_arm_m3_Hwi_doTaskRestore__I                   
00004179  ti_sysbios_gates_GateHwi_leave__E                               
00004181  ti_sysbios_heaps_HeapMem_isBlocking__E                          
00004189  ti_sysbios_knl_Queue_Instance_init__E                           
00004191  ti_sysbios_knl_Swi_startup__E                                   
00004199  xdc_runtime_System_Module_startup__E                            
000041a1  ti_sysbios_gates_GateHwi_query__E                               
000041a1  xdc_runtime_Main_Module_GateProxy_query__E                      
000041a1  xdc_runtime_System_Module_GateProxy_query__E                    
000041a9  ti_sysbios_BIOS_RtsGateProxy_query__E                           
000041a9  ti_sysbios_gates_GateMutex_query__E                             
000041a9  ti_sysbios_heaps_HeapMem_Module_GateProxy_query__E              
000041b1  ti_sysbios_knl_Task_startup__E                                  
000041b9  ti_sysbios_BIOS_linkedWithIncorrectBootLibrary__E               
000041c1  ti_sysbios_gates_GateHwi_Instance_init__E                       
000041c9  ti_sysbios_knl_Clock_logTick__E                                 
000041d1  xdc_runtime_SysCallback_defaultAbort                            
000041d9  xdc_runtime_SysCallback_defaultExit                             
000041e1  xdc_runtime_System_abortSpin__E                                 
000041e9  xdc_runtime_System_exitSpin__E                                  
00004234  ti_sysbios_knl_Task_Object__PARAMS__C                           
00004270  PowerMSP432_config                                              
000042d8  ti_sysbios_family_arm_m3_Hwi_Object__PARAMS__C                  
00004308  ti_sysbios_heaps_HeapMem_Module__FXNS__C                        
00004330  ti_sysbios_gates_GateHwi_Module__FXNS__C                        
00004354  ti_sysbios_gates_GateMutex_Module__FXNS__C                      
00004378  ti_sysbios_heaps_HeapMem_Object__PARAMS__C                      
0000439c  ti_sysbios_knl_Semaphore_Object__PARAMS__C                      
000043c0  xdc_runtime_Startup_sfxnTab__A                                  
000043e4  ti_sysbios_family_arm_m3_Hwi_Object__DESC__C                    
00004404  ti_sysbios_gates_GateHwi_Object__DESC__C                        
00004424  ti_sysbios_gates_GateMutex_Object__DESC__C                      
00004444  ti_sysbios_heaps_HeapMem_Object__DESC__C                        
00004464  ti_sysbios_knl_Queue_Object__DESC__C                            
00004484  ti_sysbios_knl_Semaphore_Object__DESC__C                        
000044a4  ti_sysbios_knl_Task_Object__DESC__C                             
000044e0  ti_sysbios_gates_GateHwi_Object__PARAMS__C                      
000044f8  ti_sysbios_gates_GateMutex_Object__PARAMS__C                    
00004510  ti_sysbios_knl_Queue_Object__PARAMS__C                          
00004528  ti_sysbios_knl_Task_hooks__A                                    
00004540  xdc_runtime_Startup_sfxnRts__A                                  
00004552  ti_sysbios_family_arm_m3_Hwi_Module__id__C                      
00004554  xdc_runtime_Startup_firstFxns__A                                
00004568  ti_sysbios_knl_Idle_funcList__A                                 
00004570  ti_sysbios_knl_Idle_funcList__C                                 
00004578  ti_sysbios_knl_Task_hooks__C                                    
00004580  xdc_runtime_Startup_firstFxns__C                                
00004588  xdc_runtime_Startup_lastFxns__C                                 
00004590  ti_sysbios_family_arm_m3_Hwi_E_alreadyDefined__C                
00004594  ti_sysbios_family_arm_m3_Hwi_E_badIntNum__C                     
00004598  ti_sysbios_family_arm_m3_Hwi_NUM_INTERRUPTS__C                  
0000459c  ti_sysbios_family_arm_m3_Hwi_Object__count__C                   
000045a0  ti_sysbios_family_arm_m3_Hwi_ccr__C                             
000045a4  ti_sysbios_family_arm_m3_Hwi_excHandlerFunc__C                  
000045a8  ti_sysbios_family_arm_m3_Hwi_nullIsrFunc__C                     
000045ac  ti_sysbios_family_arm_m3_Hwi_priGroup__C                        
000045b0  ti_sysbios_family_arm_m3_Hwi_swiDisable__C                      
000045b4  ti_sysbios_family_arm_m3_Hwi_swiRestore__C                      
000045b8  ti_sysbios_family_arm_m3_TaskSupport_stackAlignment__C          
000045bc  ti_sysbios_family_arm_msp432_Timer_numTimerDevices__C           
000045c0  ti_sysbios_family_arm_msp432_Timer_startupNeeded__C             
000045c4  ti_sysbios_gates_GateMutex_Instance_State_sem__O                
000045c8  ti_sysbios_heaps_HeapMem_E_memory__C                            
000045cc  ti_sysbios_heaps_HeapMem_Module__gateObj__C                     
000045d0  ti_sysbios_heaps_HeapMem_Object__count__C                       
000045d4  ti_sysbios_heaps_HeapMem_primaryHeapBaseAddr__C                 
000045d8  ti_sysbios_heaps_HeapMem_primaryHeapEndAddr__C                  
000045dc  ti_sysbios_heaps_HeapMem_reqAlign__C                            
000045e0  ti_sysbios_knl_Clock_Module_State_clockQ__O                     
000045e4  ti_sysbios_knl_Mailbox_Instance_State_freeQue__O                
000045e8  ti_sysbios_knl_Mailbox_Object__count__C                         
000045ec  ti_sysbios_knl_Mailbox_maxTypeAlign__C                          
000045f0  ti_sysbios_knl_Semaphore_Instance_State_pendQ__O                
000045f4  ti_sysbios_knl_Swi_Object__count__C                             
000045f8  ti_sysbios_knl_Task_Module_State_inactiveQ__O                   
000045fc  ti_sysbios_knl_Task_Object__count__C                            
00004600  ti_sysbios_knl_Task_Object__heap__C                             
00004604  ti_sysbios_knl_Task_allBlockedFunc__C                           
00004608  ti_sysbios_knl_Task_defaultStackHeap__C                         
0000460c  ti_sysbios_knl_Task_defaultStackSize__C                         
00004610  ti_sysbios_knl_Task_numConstructedTasks__C                      
00004614  xdc_runtime_Error_E_memory__C                                   
00004618  xdc_runtime_Error_policyFxn__C                                  
0000461c  xdc_runtime_IGateProvider_Interface__BASE__C                    
00004620  xdc_runtime_IHeap_Interface__BASE__C                            
00004624  xdc_runtime_IModule_Interface__BASE__C                          
00004628  xdc_runtime_Memory_defaultHeapInstance__C                       
0000462c  xdc_runtime_Startup_execImpl__C                                 
00004630  xdc_runtime_Startup_maxPasses__C                                
00004634  xdc_runtime_Startup_sfxnRts__C                                  
00004638  xdc_runtime_Startup_sfxnTab__C                                  
0000463c  xdc_runtime_SysCallback_abortFxn__C                             
00004640  xdc_runtime_SysCallback_exitFxn__C                              
00004644  xdc_runtime_System_Module__gateObj__C                           
00004648  xdc_runtime_System_abortFxn__C                                  
0000464c  xdc_runtime_System_exitFxn__C                                   
00004650  xdc_runtime_System_maxAtexitHandlers__C                         
00004654  xdc_runtime_Text_charTab__C                                     
00004658  xdc_runtime_Text_nameEmpty__C                                   
0000465c  xdc_runtime_Text_nameStatic__C                                  
00004660  xdc_runtime_Text_nameUnknown__C                                 
00004664  ti_sysbios_family_arm_msp432_init_Boot_bypassHFXT__C            
00004666  ti_sysbios_family_arm_msp432_init_Boot_bypassLFXT__C            
00004668  ti_sysbios_family_arm_msp432_init_Boot_enableHFXT__C            
0000466a  ti_sysbios_family_arm_msp432_init_Boot_enableLFXT__C            
0000466c  ti_sysbios_heaps_HeapMem_Module__id__C                          
0000466e  xdc_runtime_Memory_Module__id__C                                
00004670  xdc_runtime_Text_charCnt__C                                     
00004672  xdc_runtime_Text_isLoaded__C                                    
00004674  xdc_runtime_Error_policy__C                                     
00004675  xdc_runtime_Text_charTab__A                                     
00004800  g_pfnRAMVectors                                                 
000048e8  __TI_static_base__                                              
00004aec  __TI_Handler_Table_Base                                         
00004af8  __TI_Handler_Table_Limit                                        
00004b08  __TI_CINIT_Base                                                 
00004b20  __TI_CINIT_Limit                                                
00008000  HEAPSIZE                                                        
20000000  ti_sysbios_family_arm_m3_Hwi_ramVectors                         
20000140  __primary_heap_start__                                          
20008140  PowerMSP432_perfLevels                                          
20008140  __primary_heap_end__                                            
20008308  ti_sysbios_knl_Swi_Module_State_0_readyQ__A                     
20008388  ti_sysbios_knl_Task_Module_State_0_readyQ__A                    
20008408  ti_sysbios_gates_GateMutex_Object__table__V                     
2000845c  ti_sysbios_knl_Task_Object__table__V                            
200084a8  ti_sysbios_family_arm_msp432_Timer_Object__table__V             
200084ec  ti_sysbios_knl_Task_Module__state__V                            
20008530  ti_sysbios_family_arm_m3_Hwi_Module__state__V                   
20008564  ti_sysbios_knl_Swi_Object__table__V                             
20008594  PowerMSP432_module                                              
200085c0  ti_sysbios_knl_Clock_Module__state__V                           
200085ec  ti_sysbios_BIOS_Module__state__V                                
20008610  ti_sysbios_family_arm_msp432_Timer_Module_State_0_device__A     
20008630  xdc_runtime_Error_IgnoreBlock                                   
20008650  ti_sysbios_knl_Swi_Module__state__V                             
2000866c  ti_sysbios_family_arm_m3_Hwi_Object__table__V                   
20008684  ti_sysbios_heaps_HeapMem_Object__table__V                       
2000869c  ti_sysbios_family_arm_msp432_Timer_Module_State_0_handles__A    
200086ac  ti_sysbios_family_arm_msp432_ClockFreqs_Module__state__V        
200086b8  ti_sysbios_family_arm_msp432_Timer_Module__state__V             
200086c4  _lock                                                           
200086c8  _unlock                                                         
200086cc  ti_sysbios_family_arm_m3_Hwi_Module__root__V                    
200086d4  ti_sysbios_gates_GateHwi_Module__root__V                        
200086dc  ti_sysbios_gates_GateMutex_Module__root__V                      
200086e4  ti_sysbios_heaps_HeapMem_Module__root__V                        
200086ec  ti_sysbios_knl_Queue_Module__root__V                            
200086f4  ti_sysbios_knl_Semaphore_Module__root__V                        
200086fc  ti_sysbios_knl_Task_Module__root__V                             
20008704  xdc_runtime_Startup_Module__state__V                            
2000870c  xdc_runtime_System_Module_State_0_atexitHandlers__A             
20008714  xdc_runtime_System_Module__state__V                             
2000871c  up_counter                                                      
20008720  main_func_sp                                                    
20008724  ti_sysbios_family_arm_m3_Hwi_Module_State_0_excContext__A       
20008728  ti_sysbios_family_arm_m3_Hwi_Module_State_0_excStack__A         
2000872c  ti_sysbios_gates_GateHwi_Object__table__V                       
20008730  ti_sysbios_knl_Task_Module_State_0_idleTask__A                  
20008734  ti_sysbios_rts_ti_ReentSupport_Module__state__V                 
20008738  xdc_runtime_Memory_Module__state__V                             
2000873c  ti_sysbios_family_arm_m3_Hwi_Module_State_0_excActive__A        
20008740  ti_sysbios_knl_Task_Instance_State_0_stack__A                   
20008940  ti_sysbios_family_arm_m3_Hwi_dispatchTable                      
20008a88  distance                                                        
20008a8c  duration                                                        
20008a90  ti_sysbios_knl_Task_Instance_State_0_hookEnv__A                 
2000fc00  __stack                                                         
20010000  __STACK_END                                                     
4000480c  WDTCTL_SYM                                                      
e000e000  ti_sysbios_family_arm_m3_Hwi_nvic                               
ffffffff  __TI_pprof_out_hndl                                             
ffffffff  __TI_prof_data_size                                             
ffffffff  __TI_prof_data_start                                            
ffffffff  __binit__                                                       
ffffffff  __c_args__                                                      
ffffffff  binit                                                           
UNDEFED   SHT$$INIT_ARRAY$$Base                                           
UNDEFED   SHT$$INIT_ARRAY$$Limit                                          

[458 symbols]
