******************************************************************************
                  TI ARM Linker PC v18.12.2                    
******************************************************************************
>> Linked Fri Nov 15 10:25:00 2019

OUTPUT FILE NAME:   <2104accel.out>
ENTRY POINT SYMBOL: "_c_int00"  address: 00001a01


MEMORY CONFIGURATION

         name            origin    length      used     unused   attr    fill
----------------------  --------  ---------  --------  --------  ----  --------
  MAIN                  00000000   00040000  0000317e  0003ce82  R  X
  INFO                  00200000   00004000  00000000  00004000  R  X
  SRAM_CODE             01000000   00010000  00008d2a  000072d6  RW X
  SRAM_DATA             20000000   00010000  00008d2a  000072d6  RW  


SEGMENT ALLOCATION MAP

run origin  load origin   length   init length attrs members
----------  ----------- ---------- ----------- ----- -------
00000000    00000000    00003188   00003188    r-x
  00000000    00000000    0000003c   0000003c    r-- .resetVecs
  00000040    00000040    00002caa   00002caa    r-x .text
  00002cec    00002cec    00000390   00000390    r-- .const
  00003080    00003080    00000108   00000108    r-- .cinit
20000140    20000140    00008000   00000000    r--
  20000140    20000140    00008000   00000000    r-- .priheap
20008140    20008140    000007ec   00000000    rw-
  20008140    20008140    000004a6   00000000    rw- .data
  200085e8    200085e8    00000344   00000000    rw- .bss
2000fc00    2000fc00    00000400   00000000    rw-
  2000fc00    2000fc00    00000400   00000000    rw- .stack


SECTION ALLOCATION MAP

 output                                  attributes/
section   page    origin      length       input sections
--------  ----  ----------  ----------   ----------------
.text      0    00000040    00002caa     
                  00000040    0000028a     msp432p4xx_driverlib.lib : pcm.o (.text:__PCM_setPowerStateAdvanced)
                  000002ca    00000002     rtsv7M4_T_le_v4SPD16_eabi.lib : _lock.c.obj (.text:_nop)
                  000002cc    0000015c     msp432p4xx_driverlib.lib : pcm.o (.text:__PCM_setPowerModeAdvanced)
                  00000428    00000130     sysbios.aem4f : BIOS.obj (.text:ti_sysbios_knl_Semaphore_pend__E)
                  00000558    00000108     msp432p4xx_driverlib.lib : pcm.o (.text:__PCM_setCoreVoltageLevelAdvanced)
                  00000660    00000108     sysbios.aem4f : BIOS.obj (.text:ti_sysbios_knl_Task_postInit__I)
                  00000768    00000108                   : BIOS.obj (.text:xdc_runtime_Startup_startMods__I)
                  00000870    00000104                   : BIOS.obj (.text:ti_sysbios_knl_Task_Instance_finalize__E)
                  00000974    00000004     msp432p4xx_driverlib.lib : cpu.o (.text:CPU_wfi)
                  00000978    000000f8     sysbios.aem4f : BIOS.obj (.text:ti_sysbios_family_arm_msp432_init_Boot_configureClocksHigh)
                  00000a70    000000f0                   : m3_Hwi_asm.obj (.text:ti_sysbios_family_arm_m3_Hwi_dispatch__I)
                  00000b60    000000d0                   : BIOS.obj (.text:ti_sysbios_heaps_HeapMem_alloc__E)
                  00000c30    000000a8                   : BIOS.obj (.text:ti_sysbios_family_arm_msp432_Timer_periodicStub__E)
                  00000cd8    000000a6                   : BIOS.obj (.text:xdc_runtime_Core_createObject__I)
                  00000d7e    00000002     release_pem4f.oem4f (.text:ti_sysbios_BIOS_nullFunc__I)
                  00000d80    000000a0     auto_init.aem4f : auto_init.oem4f (.text)
                  00000e20    0000009c     rtsv7M4_T_le_v4SPD16_eabi.lib : memcpy_t2.asm.obj (.text)
                  00000ebc    00000094     HCSR04.obj (.text:main)
                  00000f50    00000094     sysbios.aem4f : BIOS.obj (.text:ti_sysbios_family_arm_m3_Hwi_initNVIC__E)
                  00000fe4    00000004     release_pem4f.oem4f (.text:ti_sysbios_BIOS_RtsGateProxy_enter__E)
                  00000fe8    00000094     sysbios.aem4f : BIOS.obj (.text:ti_sysbios_knl_Task_exit__E)
                  0000107c    00000004     release_pem4f.oem4f (.text:ti_sysbios_BIOS_RtsGateProxy_leave__E)
                  00001080    00000090     sysbios.aem4f : BIOS.obj (.text:ti_sysbios_knl_Task_Module_startup__E)
                  00001110    0000008c                   : m3_TaskSupport_asm.obj (.text:ti_sysbios_family_arm_m3_TaskSupport_buildTaskStack)
                  0000119c    00000004     release_pem4f.oem4f (.text:ti_sysbios_family_arm_m3_TaskSupport_Module__startupDone__S)
                  000011a0    0000008c     sysbios.aem4f : BIOS.obj (.text:xdc_runtime_Memory_alloc__E)
                  0000122c    00000004     release_pem4f.oem4f (.text:ti_sysbios_heaps_HeapMem_Module_GateProxy_enter__E)
                  00001230    00000086     sysbios.aem4f : BIOS.obj (.text:xdc_runtime_Core_constructObject__I)
                  000012b6    00000002     --HOLE-- [fill = 0]
                  000012b8    00000084     msp432p4xx_driverlib.lib : pcm.o (.text:PCM_gotoLPM3)
                  0000133c    00000004     release_pem4f.oem4f (.text:ti_sysbios_heaps_HeapMem_Module_GateProxy_leave__E)
                  00001340    00000084     sysbios.aem4f : BIOS.obj (.text:ti_sysbios_family_arm_m3_Hwi_postInit__I)
                  000013c4    00000004     release_pem4f.oem4f (.text:ti_sysbios_knl_Clock_TimerProxy_getMaxTicks__E)
                  000013c8    00000084     sysbios.aem4f : BIOS.obj (.text:ti_sysbios_heaps_HeapMem_free__E)
                  0000144c    00000004     release_pem4f.oem4f (.text:ti_sysbios_knl_Task_delete)
                  00001450    00000080     sysbios.aem4f : BIOS.obj (.text:ti_sysbios_knl_Clock_workFunc__E)
                  000014d0    0000007a     rtsv7M4_T_le_v4SPD16_eabi.lib : memset_t2.asm.obj (.text)
                  0000154a    00000004     release_pem4f.oem4f (.text:xdc_runtime_System_Module_GateProxy_enter__E)
                  0000154e    00000002     --HOLE-- [fill = 0]
                  00001550    00000070     sysbios.aem4f : BIOS.obj (.text:ti_sysbios_heaps_HeapMem_initPrimary__I)
                  000015c0    0000006c                   : BIOS.obj (.text:ti_sysbios_knl_Swi_restoreHwi__E)
                  0000162c    00000068     rtsv7M4_T_le_v4SPD16_eabi.lib : copy_decompress_lzss.c.obj (.text:decompress:lzss:__TI_decompress_lzss)
                  00001694    00000004     release_pem4f.oem4f (.text:xdc_runtime_System_Module_GateProxy_leave__E)
                  00001698    00000066     sysbios.aem4f : BIOS.obj (.text:xdc_runtime_Core_deleteObject__I)
                  000016fe    00000002     --HOLE-- [fill = 0]
                  00001700    00000064                   : BIOS.obj (.text:ti_sysbios_family_arm_m3_Hwi_dispatchC__I)
                  00001764    00000004     --HOLE-- [fill = 0]
                  00001768    00000060                   : BIOS.obj (.text:ti_sysbios_knl_Semaphore_post__E)
                  000017c8    00000060                   : BIOS.obj (.text:ti_sysbios_knl_Swi_run__I)
                  00001828    0000005e     msp432p4xx_driverlib.lib : pcm.o (.text:PCM_getCoreVoltageLevel)
                  00001886    00000002     --HOLE-- [fill = 0]
                  00001888    0000005c     sysbios.aem4f : BIOS.obj (.text:ti_sysbios_knl_Swi_schedule__I)
                  000018e4    00000004     --HOLE-- [fill = 0]
                  000018e8    0000005c                   : BIOS.obj (.text:ti_sysbios_knl_Task_startCore__E)
                  00001944    00000004     --HOLE-- [fill = 0]
                  00001948    0000005c                   : BIOS.obj (.text:xdc_runtime_Startup_exec__E)
                  000019a4    0000005a     msp432p4xx_driverlib.lib : pcm.o (.text:PCM_getPowerMode)
                  000019fe    00000002     --HOLE-- [fill = 0]
                  00001a00    00000058     boot.aem4f : boot.oem4f (.text)
                  00001a58    00000058     sysbios.aem4f : m3_Hwi_asm_switch.obj (.text:ti_sysbios_family_arm_m3_Hwi_initStacks__E)
                  00001ab0    00000054     msp432p4xx_driverlib.lib : pcm.o (.text:PCM_shutdownDevice)
                  00001b04    00000004     --HOLE-- [fill = 0]
                  00001b08    00000054     sysbios.aem4f : BIOS.obj (.text:ti_sysbios_family_arm_msp432_Timer_initDevice__I)
                  00001b5c    00000004     --HOLE-- [fill = 0]
                  00001b60    00000054                   : BIOS.obj (.text:xdc_runtime_Core_assignLabel__I)
                  00001bb4    00000004     --HOLE-- [fill = 0]
                  00001bb8    00000050                   : BIOS.obj (.text:ti_sysbios_family_arm_m3_Hwi_Module_startup__E)
                  00001c08    0000004c     rtsv7M4_T_le_v4SPD16_eabi.lib : cpy_tbl.c.obj (.text:copy_in)
                  00001c54    00000004     --HOLE-- [fill = 0]
                  00001c58    0000004c     sysbios.aem4f : BIOS.obj (.text:ti_sysbios_family_arm_msp432_Timer_postInit__I)
                  00001ca4    00000004     --HOLE-- [fill = 0]
                  00001ca8    0000004c                   : BIOS.obj (.text:ti_sysbios_family_arm_msp432_Timer_start__E)
                  00001cf4    00000004     --HOLE-- [fill = 0]
                  00001cf8    0000004c                   : BIOS.obj (.text:ti_sysbios_heaps_HeapMem_getStats__E)
                  00001d44    00000004     --HOLE-- [fill = 0]
                  00001d48    0000004c                   : BIOS.obj (.text:ti_sysbios_knl_Swi_runLoop__I)
                  00001d94    00000004     --HOLE-- [fill = 0]
                  00001d98    0000004c                   : BIOS.obj (.text:ti_sysbios_knl_Task_allBlockedFunction__I)
                  00001de4    00000004     --HOLE-- [fill = 0]
                  00001de8    0000004c                   : BIOS.obj (.text:ti_sysbios_knl_Task_schedule__I)
                  00001e34    00000004     --HOLE-- [fill = 0]
                  00001e38    00000048                   : BIOS.obj (.text:ti_sysbios_family_arm_m3_Hwi_enableInterrupt__E)
                  00001e80    00000048                   : BIOS.obj (.text:ti_sysbios_knl_Mailbox_Module_startup__E)
                  00001ec8    00000044                   : BIOS.obj (.text:ti_sysbios_family_arm_m3_Hwi_getStackInfo__E)
                  00001f0c    00000004     --HOLE-- [fill = 0]
                  00001f10    00000044                   : BIOS.obj (.text:ti_sysbios_knl_Swi_post__E)
                  00001f54    00000004     --HOLE-- [fill = 0]
                  00001f58    00000040                   : BIOS.obj (.text:ti_sysbios_family_arm_msp432_Timer_Module_startup__E)
                  00001f98    00000040                   : BIOS.obj (.text:ti_sysbios_family_arm_msp432_Timer_startup__E)
                  00001fd8    00000040                   : BIOS.obj (.text:ti_sysbios_heaps_HeapMem_Instance_init__E)
                  00002018    0000003c                   : BIOS.obj (.text:ti_sysbios_family_arm_msp432_Seconds_Module_startup__E)
                  00002054    00000004     --HOLE-- [fill = 0]
                  00002058    0000003c                   : BIOS.obj (.text:ti_sysbios_knl_Swi_restore__E)
                  00002094    00000004     --HOLE-- [fill = 0]
                  00002098    00000038                   : BIOS.obj (.text:xdc_runtime_System_atexit__E)
                  000020d0    00000034     HCSR04.obj (.text:setTrigger)
                  00002104    00000004     --HOLE-- [fill = 0]
                  00002108    00000032     sysbios.aem4f : BIOS.obj (.text:ti_sysbios_hal_Hwi_initStack)
                  0000213a    00000002     --HOLE-- [fill = 0]
                  0000213c    00000030     release_pem4f.oem4f (.text:ti_sysbios_BIOS_atExitFunc__I)
                  0000216c    00000030     release_pem4f.oem4f (.text:ti_sysbios_BIOS_startFunc__I)
                  0000219c    00000004     --HOLE-- [fill = 0]
                  000021a0    00000030     sysbios.aem4f : BIOS.obj (.text:ti_sysbios_family_arm_m3_TaskSupport_start__E)
                  000021d0    00000030     release_pem4f.oem4f (.text:ti_sysbios_gates_GateHwi_Object__create__S)
                  00002200    00000030     release_pem4f.oem4f (.text:ti_sysbios_gates_GateMutex_Object__create__S)
                  00002230    00000030     sysbios.aem4f : BIOS.obj (.text:ti_sysbios_gates_GateMutex_enter__E)
                  00002260    00000030     release_pem4f.oem4f (.text:ti_sysbios_heaps_HeapMem_Object__create__S)
                  00002290    00000030     sysbios.aem4f : BIOS.obj (.text:ti_sysbios_knl_Mailbox_postInit__I)
                  000022c0    00000030     release_pem4f.oem4f (.text:ti_sysbios_knl_Semaphore_construct)
                  000022f0    00000030     sysbios.aem4f : BIOS.obj (.text:ti_sysbios_knl_Semaphore_pendTimeout__I)
                  00002320    00000030                   : BIOS.obj (.text:ti_sysbios_knl_Task_processVitalTaskFlag__I)
                  00002350    00000030                   : BIOS.obj (.text:ti_sysbios_knl_Task_restore__E)
                  00002380    00000030                   : BIOS.obj (.text:ti_sysbios_knl_Task_unblockI__E)
                  000023b0    00000030                   : BIOS.obj (.text:xdc_runtime_System_processAtExit__E)
                  000023e0    0000002c     msp432p4xx_driverlib.lib : rtc_c.o (.text:RTC_C_holdClock)
                  0000240c    00000004     --HOLE-- [fill = 0]
                  00002410    0000002c     sysbios.aem4f : BIOS.obj (.text:_pthread_cleanupFxn)
                  0000243c    00000004     --HOLE-- [fill = 0]
                  00002440    0000002c                   : BIOS.obj (.text:_pthread_delete$43)
                  0000246c    0000002c     release_pem4f.oem4f (.text:ti_sysbios_knl_Clock_doTick__I)
                  00002498    0000002c     release_pem4f.oem4f (.text:ti_sysbios_knl_Queue_construct)
                  000024c4    00000028     msp432p4xx_driverlib.lib : pcm.o (.text:PCM_gotoLPM0)
                  000024ec    00000028     sysbios.aem4f : m3_Hwi_asm.obj (.text:ti_sysbios_family_arm_m3_Hwi_excHandlerAsm__I)
                  00002514    00000004     --HOLE-- [fill = 0]
                  00002518    00000028                   : BIOS.obj (.text:ti_sysbios_knl_Clock_addI__E)
                  00002540    00000028                   : BIOS.obj (.text:ti_sysbios_knl_Swi_Module_startup__E)
                  00002568    00000026                   : m3_Hwi_asm.obj (.text:ti_sysbios_family_arm_m3_Hwi_pendSV__I)
                  0000258e    00000002     --HOLE-- [fill = 0]
                  00002590    00000024     msp432p4xx_driverlib.lib : wdt_a.o (.text:WDT_A_holdTimer)
                  000025b4    00000024     release_pem4f.oem4f (.text:ti_sysbios_BIOS_registerRTSLock__I)
                  000025d8    00000024     release_pem4f.oem4f (.text:ti_sysbios_BIOS_removeRTSLock__I)
                  000025fc    00000024     release_pem4f.oem4f (.text:ti_sysbios_gates_GateMutex_Object__delete__S)
                  00002620    00000024     sysbios.aem4f : BIOS.obj (.text:ti_sysbios_knl_Clock_Module_startup__E)
                  00002644    00000004     --HOLE-- [fill = 0]
                  00002648    00000024                   : BIOS.obj (.text:ti_sysbios_knl_Semaphore_Instance_init__E)
                  0000266c    00000004     --HOLE-- [fill = 0]
                  00002670    00000024                   : BIOS.obj (.text:ti_sysbios_knl_Task_restoreHwi__E)
                  00002694    00000004     --HOLE-- [fill = 0]
                  00002698    00000024                   : BIOS.obj (.text:xdc_runtime_Error_policyMin__E)
                  000026bc    00000020     release_pem4f.oem4f (.text:ti_sysbios_BIOS_rtsLock__I)
                  000026dc    00000020     release_pem4f.oem4f (.text:ti_sysbios_gates_GateHwi_Object__delete__S)
                  000026fc    00000020     release_pem4f.oem4f (.text:ti_sysbios_heaps_HeapMem_Object__delete__S)
                  0000271c    00000004     --HOLE-- [fill = 0]
                  00002720    00000020     sysbios.aem4f : BIOS.obj (.text:ti_sysbios_knl_Idle_run__E)
                  00002740    00000020     release_pem4f.oem4f (.text:ti_sysbios_knl_Semaphore_destruct)
                  00002760    00000020     release_pem4f.oem4f (.text:ti_sysbios_knl_Task_Object__delete__S)
                  00002780    0000001e     sysbios.aem4f : m3_Hwi_asm_switch.obj (.text:ti_sysbios_family_xxx_Hwi_switchAndRunFunc)
                  0000279e    0000001c     rtsv7M4_T_le_v4SPD16_eabi.lib : copy_zero_init.c.obj (.text:decompress:ZI:__TI_zero_init_nomemset:__TI_zero_init_nomemset)
                  000027ba    00000006     --HOLE-- [fill = 0]
                  000027c0    0000001c     sysbios.aem4f : BIOS.obj (.text:ti_sysbios_family_arm_m3_Hwi_excHandler__I)
                  000027dc    00000004     --HOLE-- [fill = 0]
                  000027e0    0000001c                   : BIOS.obj (.text:ti_sysbios_gates_GateMutex_Instance_init__E)
                  000027fc    0000001c     release_pem4f.oem4f (.text:ti_sysbios_knl_Queue_destruct)
                  00002818    0000001c     sysbios.aem4f : BIOS.obj (.text:ti_sysbios_knl_Queue_put__E)
                  00002834    00000004     --HOLE-- [fill = 0]
                  00002838    0000001c                   : BIOS.obj (.text:ti_sysbios_knl_Task_enter__I)
                  00002854    00000004     --HOLE-- [fill = 0]
                  00002858    0000001c                   : BIOS.obj (.text:xdc_runtime_Memory_valloc__E)
                  00002874    00000004     --HOLE-- [fill = 0]
                  00002878    0000001c                   : BIOS.obj (.text:xdc_runtime_System_abort__E)
                  00002894    00000018     release_pem4f.oem4f (.text:.bootCodeSection:ti_sysbios_family_arm_msp432_init_Boot_init__I)
                  000028ac    00000018     rtsv7M4_T_le_v4SPD16_eabi.lib : args_main.c.obj (.text:_args_main)
                  000028c4    00000018     release_pem4f.oem4f (.text:ti_sysbios_BIOS_rtsUnlock__I)
                  000028dc    00000018     release_pem4f.oem4f (.text:ti_sysbios_family_arm_m3_Hwi_Module__startupDone__F)
                  000028f4    00000018     sysbios.aem4f : m3_TaskSupport_asm.obj (.text:ti_sysbios_family_arm_m3_TaskSupport_swap__E)
                  0000290c    00000018     release_pem4f.oem4f (.text:ti_sysbios_family_arm_msp432_Timer_Module__startupDone__F)
                  00002924    00000018     release_pem4f.oem4f (.text:ti_sysbios_gates_GateHwi_Handle__label__S)
                  0000293c    00000018     release_pem4f.oem4f (.text:ti_sysbios_gates_GateMutex_Handle__label__S)
                  00002954    00000004     --HOLE-- [fill = 0]
                  00002958    00000018     sysbios.aem4f : BIOS.obj (.text:ti_sysbios_gates_GateMutex_leave__E)
                  00002970    00000018     release_pem4f.oem4f (.text:ti_sysbios_heaps_HeapMem_Handle__label__S)
                  00002988    00000018     sysbios.aem4f : BIOS.obj (.text:xdc_runtime_Error_init__E)
                  000029a0    00000018                   : BIOS.obj (.text:xdc_runtime_System_exit__E)
                  000029b8    00000016     release_pem4f.oem4f (.text:ti_sysbios_BIOS_exitFunc__I)
                  000029ce    00000002     --HOLE-- [fill = 0]
                  000029d0    00000016     sysbios.aem4f : BIOS.obj (.text:ti_sysbios_knl_Task_unblock__E)
                  000029e6    00000002     --HOLE-- [fill = 0]
                  000029e8    00000014     msp432p4xx_driverlib.lib : pcm.o (.text:PCM_getPowerState)
                  000029fc    00000014     drivers_msp432p401x.aem4f : PowerMSP432.oem4f (.text:Power_idleFunc)
                  00002a10    00000014     release_pem4f.oem4f (.text:ti_sysbios_family_arm_m3_Hwi_Object__get__S)
                  00002a24    00000004     --HOLE-- [fill = 0]
                  00002a28    00000014     sysbios.aem4f : BIOS.obj (.text:ti_sysbios_family_arm_m3_Hwi_switchFromBootStack__E)
                  00002a3c    00000014     release_pem4f.oem4f (.text:ti_sysbios_heaps_HeapMem_Object__get__S)
                  00002a50    00000014     release_pem4f.oem4f (.text:ti_sysbios_knl_Swi_Object__get__S)
                  00002a64    00000004     --HOLE-- [fill = 0]
                  00002a68    00000012     sysbios.aem4f : BIOS.obj (.text:ti_sysbios_hal_Hwi_Module_startup__E)
                  00002a7a    00000012     release_pem4f.oem4f (.text:xdc_runtime_Startup_exec__I)
                  00002a8c    00000010     msp432p4xx_driverlib.lib : pcm.o (.text:PCM_gotoLPM4)
                  00002a9c    00000010                              : pcm.o (.text:PCM_setPowerMode)
                  00002aac    00000010                              : pcm.o (.text:PCM_setPowerState)
                  00002abc    00000004     --HOLE-- [fill = 0]
                  00002ac0    00000010     sysbios.aem4f : BIOS.obj (.text:ti_sysbios_BIOS_exit__E)
                  00002ad0    00000010                   : BIOS.obj (.text:ti_sysbios_BIOS_setThreadType__E)
                  00002ae0    00000010                   : m3_TaskSupport_asm.obj (.text:ti_sysbios_family_arm_m3_TaskSupport_glue)
                  00002af0    00000010                   : BIOS.obj (.text:ti_sysbios_family_arm_msp432_init_Boot_disableWatchdog)
                  00002b00    00000010                   : BIOS.obj (.text:ti_sysbios_gates_GateMutex_Instance_finalize__E)
                  00002b10    00000010     release_pem4f.oem4f (.text:ti_sysbios_knl_Mailbox_Object__get__S)
                  00002b20    00000010     sysbios.aem4f : BIOS.obj (.text:ti_sysbios_knl_Semaphore_Instance_finalize__E)
                  00002b30    00000010                   : BIOS.obj (.text:ti_sysbios_knl_Swi_disable__E)
                  00002b40    00000010     release_pem4f.oem4f (.text:ti_sysbios_knl_Task_Object__get__S)
                  00002b50    00000010     sysbios.aem4f : BIOS.obj (.text:ti_sysbios_knl_Task_disable__E)
                  00002b60    00000010                   : BIOS.obj (.text:xdc_runtime_Gate_leaveSystem__E)
                  00002b70    00000010                   : BIOS.obj (.text:xdc_runtime_Memory_free__E)
                  00002b80    00000010                   : BIOS.obj (.text:xdc_runtime_SysCallback_abort__E)
                  00002b90    00000010                   : BIOS.obj (.text:xdc_runtime_SysCallback_exit__E)
                  00002ba0    0000000e     rtsv7M4_T_le_v4SPD16_eabi.lib : copy_decompress_none.c.obj (.text:decompress:none:__TI_decompress_none)
                  00002bae    00000002     --HOLE-- [fill = 0]
                  00002bb0    0000000e     sysbios.aem4f : BIOS.obj (.text:ti_sysbios_knl_Idle_loop__E)
                  00002bbe    00000002     --HOLE-- [fill = 0]
                  00002bc0    0000000e                   : BIOS.obj (.text:ti_sysbios_knl_Queue_empty__E)
                  00002bce    00000002     --HOLE-- [fill = 0]
                  00002bd0    0000000c     rtsv7M4_T_le_v4SPD16_eabi.lib : _lock.c.obj (.text:_register_lock)
                  00002bdc    0000000c                                   : _lock.c.obj (.text:_register_unlock)
                  00002be8    0000000c     sysbios.aem4f : BIOS.obj (.text:ti_sysbios_family_arm_msp432_Timer_getMaxTicks__E)
                  00002bf4    00000004     --HOLE-- [fill = 0]
                  00002bf8    0000000c                   : BIOS.obj (.text:ti_sysbios_gates_GateHwi_enter__E)
                  00002c04    0000000c     release_pem4f.oem4f (.text:ti_sysbios_knl_Queue_Object__get__S)
                  00002c10    0000000c     sysbios.aem4f : BIOS.obj (.text:ti_sysbios_rts_ti_ReentSupport_taskRegHook__I)
                  00002c1c    00000004     --HOLE-- [fill = 0]
                  00002c20    0000000c                   : BIOS.obj (.text:xdc_runtime_Gate_enterSystem__E)
                  00002c2c    00000004     --HOLE-- [fill = 0]
                  00002c30    0000000c                   : BIOS.obj (.text:xdc_runtime_Memory_calloc__E)
                  00002c3c    00000004     --HOLE-- [fill = 0]
                  00002c40    0000000c                   : BIOS.obj (.text:xdc_runtime_Startup_rtsDone__E)
                  00002c4c    0000000a     release_pem4f.oem4f (.text:xdc_runtime_IHeap_alloc)
                  00002c56    0000000a     release_pem4f.oem4f (.text:xdc_runtime_IHeap_free)
                  00002c60    00000008     sysbios.aem4f : BIOS.obj (.text:ti_sysbios_family_arm_m3_Hwi_doSwiRestore__I)
                  00002c68    00000008                   : BIOS.obj (.text:ti_sysbios_family_arm_m3_Hwi_startup__E)
                  00002c70    00000006                   : BIOS.obj (.text:ti_sysbios_family_arm_m3_Hwi_doTaskRestore__I)
                  00002c76    00000002     --HOLE-- [fill = 0]
                  00002c78    00000006                   : BIOS.obj (.text:ti_sysbios_gates_GateHwi_leave__E)
                  00002c7e    00000002     --HOLE-- [fill = 0]
                  00002c80    00000006                   : BIOS.obj (.text:ti_sysbios_heaps_HeapMem_isBlocking__E)
                  00002c86    00000002     --HOLE-- [fill = 0]
                  00002c88    00000006                   : BIOS.obj (.text:ti_sysbios_knl_Queue_Instance_init__E)
                  00002c8e    00000002     --HOLE-- [fill = 0]
                  00002c90    00000006                   : BIOS.obj (.text:ti_sysbios_knl_Swi_startup__E)
                  00002c96    00000002     --HOLE-- [fill = 0]
                  00002c98    00000006                   : BIOS.obj (.text:xdc_runtime_System_Module_startup__E)
                  00002c9e    00000002     --HOLE-- [fill = 0]
                  00002ca0    00000004                   : BIOS.obj (.text:ti_sysbios_gates_GateHwi_query__E)
                  00002ca4    00000004     --HOLE-- [fill = 0]
                  00002ca8    00000004                   : BIOS.obj (.text:ti_sysbios_gates_GateMutex_query__E)
                  00002cac    00000004     --HOLE-- [fill = 0]
                  00002cb0    00000004                   : BIOS.obj (.text:ti_sysbios_knl_Task_startup__E)
                  00002cb4    00000004     --HOLE-- [fill = 0]
                  00002cb8    00000002                   : BIOS.obj (.text:ti_sysbios_BIOS_linkedWithIncorrectBootLibrary__E)
                  00002cba    00000006     --HOLE-- [fill = 0]
                  00002cc0    00000002                   : BIOS.obj (.text:ti_sysbios_gates_GateHwi_Instance_init__E)
                  00002cc2    00000006     --HOLE-- [fill = 0]
                  00002cc8    00000002                   : BIOS.obj (.text:ti_sysbios_knl_Clock_logTick__E)
                  00002cca    00000006     --HOLE-- [fill = 0]
                  00002cd0    00000002                   : BIOS.obj (.text:xdc_runtime_SysCallback_defaultAbort)
                  00002cd2    00000006     --HOLE-- [fill = 0]
                  00002cd8    00000002                   : BIOS.obj (.text:xdc_runtime_SysCallback_defaultExit)
                  00002cda    00000006     --HOLE-- [fill = 0]
                  00002ce0    00000002                   : BIOS.obj (.text:xdc_runtime_System_abortSpin__E)
                  00002ce2    00000006     --HOLE-- [fill = 0]
                  00002ce8    00000002                   : BIOS.obj (.text:xdc_runtime_System_exitSpin__E)

.const     0    00002cec    00000390     
                  00002cec    00000048     release_pem4f.oem4f (.const:.string)
                  00002d34    0000003c     release_pem4f.oem4f (.const:ti_sysbios_knl_Task_Object__PARAMS__C)
                  00002d70    00000028     release_pem4f.oem4f (.const:ti_sysbios_heaps_HeapMem_Module__FXNS__C)
                  00002d98    00000024     release_pem4f.oem4f (.const:ti_sysbios_gates_GateHwi_Module__FXNS__C)
                  00002dbc    00000024     release_pem4f.oem4f (.const:ti_sysbios_gates_GateMutex_Module__FXNS__C)
                  00002de0    00000024     release_pem4f.oem4f (.const:ti_sysbios_heaps_HeapMem_Object__PARAMS__C)
                  00002e04    00000024     release_pem4f.oem4f (.const:ti_sysbios_knl_Semaphore_Object__PARAMS__C)
                  00002e28    00000024     release_pem4f.oem4f (.const:xdc_runtime_Startup_sfxnTab__A)
                  00002e4c    00000020     release_pem4f.oem4f (.const:ti_sysbios_gates_GateHwi_Object__DESC__C)
                  00002e6c    00000020     release_pem4f.oem4f (.const:ti_sysbios_gates_GateMutex_Object__DESC__C)
                  00002e8c    00000020     release_pem4f.oem4f (.const:ti_sysbios_heaps_HeapMem_Object__DESC__C)
                  00002eac    00000020     release_pem4f.oem4f (.const:ti_sysbios_knl_Queue_Object__DESC__C)
                  00002ecc    00000020     release_pem4f.oem4f (.const:ti_sysbios_knl_Semaphore_Object__DESC__C)
                  00002eec    00000020     release_pem4f.oem4f (.const:ti_sysbios_knl_Task_Object__DESC__C)
                  00002f0c    00000018     release_pem4f.oem4f (.const:ti_sysbios_gates_GateHwi_Object__PARAMS__C)
                  00002f24    00000018     release_pem4f.oem4f (.const:ti_sysbios_gates_GateMutex_Object__PARAMS__C)
                  00002f3c    00000018     release_pem4f.oem4f (.const:ti_sysbios_knl_Queue_Object__PARAMS__C)
                  00002f54    00000018     release_pem4f.oem4f (.const:ti_sysbios_knl_Task_hooks__A)
                  00002f6c    00000012     release_pem4f.oem4f (.const:xdc_runtime_Startup_sfxnRts__A)
                  00002f7e    00000002     release_pem4f.oem4f (.const:ti_sysbios_family_arm_msp432_init_Boot_bypassHFXT__C)
                  00002f80    0000000c     release_pem4f.oem4f (.const:xdc_runtime_Startup_firstFxns__A)
                  00002f8c    00000008     release_pem4f.oem4f (.const:ti_sysbios_knl_Idle_funcList__A)
                  00002f94    00000008     release_pem4f.oem4f (.const:ti_sysbios_knl_Idle_funcList__C)
                  00002f9c    00000008     release_pem4f.oem4f (.const:ti_sysbios_knl_Task_hooks__C)
                  00002fa4    00000008     release_pem4f.oem4f (.const:xdc_runtime_Startup_firstFxns__C)
                  00002fac    00000008     release_pem4f.oem4f (.const:xdc_runtime_Startup_lastFxns__C)
                  00002fb4    00000004     release_pem4f.oem4f (.const:ti_sysbios_family_arm_m3_Hwi_NUM_INTERRUPTS__C)
                  00002fb8    00000004     release_pem4f.oem4f (.const:ti_sysbios_family_arm_m3_Hwi_Object__count__C)
                  00002fbc    00000004     release_pem4f.oem4f (.const:ti_sysbios_family_arm_m3_Hwi_ccr__C)
                  00002fc0    00000004     release_pem4f.oem4f (.const:ti_sysbios_family_arm_m3_Hwi_excHandlerFunc__C)
                  00002fc4    00000004     release_pem4f.oem4f (.const:ti_sysbios_family_arm_m3_Hwi_nullIsrFunc__C)
                  00002fc8    00000004     release_pem4f.oem4f (.const:ti_sysbios_family_arm_m3_Hwi_priGroup__C)
                  00002fcc    00000004     release_pem4f.oem4f (.const:ti_sysbios_family_arm_msp432_Timer_numTimerDevices__C)
                  00002fd0    00000004     release_pem4f.oem4f (.const:ti_sysbios_family_arm_msp432_Timer_startupNeeded__C)
                  00002fd4    00000004     release_pem4f.oem4f (.const:ti_sysbios_gates_GateMutex_Instance_State_sem__O)
                  00002fd8    00000004     release_pem4f.oem4f (.const:ti_sysbios_heaps_HeapMem_E_memory__C)
                  00002fdc    00000004     release_pem4f.oem4f (.const:ti_sysbios_heaps_HeapMem_Module__gateObj__C)
                  00002fe0    00000004     release_pem4f.oem4f (.const:ti_sysbios_heaps_HeapMem_Object__count__C)
                  00002fe4    00000004     release_pem4f.oem4f (.const:ti_sysbios_heaps_HeapMem_primaryHeapBaseAddr__C)
                  00002fe8    00000004     release_pem4f.oem4f (.const:ti_sysbios_heaps_HeapMem_primaryHeapEndAddr__C)
                  00002fec    00000004     release_pem4f.oem4f (.const:ti_sysbios_heaps_HeapMem_reqAlign__C)
                  00002ff0    00000004     release_pem4f.oem4f (.const:ti_sysbios_knl_Clock_Module_State_clockQ__O)
                  00002ff4    00000004     release_pem4f.oem4f (.const:ti_sysbios_knl_Mailbox_Instance_State_freeQue__O)
                  00002ff8    00000004     release_pem4f.oem4f (.const:ti_sysbios_knl_Mailbox_Object__count__C)
                  00002ffc    00000004     release_pem4f.oem4f (.const:ti_sysbios_knl_Mailbox_maxTypeAlign__C)
                  00003000    00000004     release_pem4f.oem4f (.const:ti_sysbios_knl_Semaphore_Instance_State_pendQ__O)
                  00003004    00000004     release_pem4f.oem4f (.const:ti_sysbios_knl_Swi_Object__count__C)
                  00003008    00000004     release_pem4f.oem4f (.const:ti_sysbios_knl_Task_Module_State_inactiveQ__O)
                  0000300c    00000004     release_pem4f.oem4f (.const:ti_sysbios_knl_Task_Object__count__C)
                  00003010    00000004     release_pem4f.oem4f (.const:ti_sysbios_knl_Task_Object__heap__C)
                  00003014    00000004     release_pem4f.oem4f (.const:ti_sysbios_knl_Task_allBlockedFunc__C)
                  00003018    00000004     release_pem4f.oem4f (.const:ti_sysbios_knl_Task_numConstructedTasks__C)
                  0000301c    00000004     release_pem4f.oem4f (.const:xdc_runtime_Error_E_memory__C)
                  00003020    00000004     release_pem4f.oem4f (.const:xdc_runtime_Error_policyFxn__C)
                  00003024    00000004     release_pem4f.oem4f (.const:xdc_runtime_IGateProvider_Interface__BASE__C)
                  00003028    00000004     release_pem4f.oem4f (.const:xdc_runtime_IHeap_Interface__BASE__C)
                  0000302c    00000004     release_pem4f.oem4f (.const:xdc_runtime_IModule_Interface__BASE__C)
                  00003030    00000004     release_pem4f.oem4f (.const:xdc_runtime_Memory_defaultHeapInstance__C)
                  00003034    00000004     release_pem4f.oem4f (.const:xdc_runtime_Startup_execImpl__C)
                  00003038    00000004     release_pem4f.oem4f (.const:xdc_runtime_Startup_maxPasses__C)
                  0000303c    00000004     release_pem4f.oem4f (.const:xdc_runtime_Startup_sfxnRts__C)
                  00003040    00000004     release_pem4f.oem4f (.const:xdc_runtime_Startup_sfxnTab__C)
                  00003044    00000004     release_pem4f.oem4f (.const:xdc_runtime_SysCallback_abortFxn__C)
                  00003048    00000004     release_pem4f.oem4f (.const:xdc_runtime_SysCallback_exitFxn__C)
                  0000304c    00000004     release_pem4f.oem4f (.const:xdc_runtime_System_Module__gateObj__C)
                  00003050    00000004     release_pem4f.oem4f (.const:xdc_runtime_System_abortFxn__C)
                  00003054    00000004     release_pem4f.oem4f (.const:xdc_runtime_System_exitFxn__C)
                  00003058    00000004     release_pem4f.oem4f (.const:xdc_runtime_System_maxAtexitHandlers__C)
                  0000305c    00000004     release_pem4f.oem4f (.const:xdc_runtime_Text_charTab__C)
                  00003060    00000004     release_pem4f.oem4f (.const:xdc_runtime_Text_nameEmpty__C)
                  00003064    00000004     release_pem4f.oem4f (.const:xdc_runtime_Text_nameStatic__C)
                  00003068    00000004     release_pem4f.oem4f (.const:xdc_runtime_Text_nameUnknown__C)
                  0000306c    00000002     release_pem4f.oem4f (.const:ti_sysbios_family_arm_msp432_init_Boot_bypassLFXT__C)
                  0000306e    00000002     release_pem4f.oem4f (.const:ti_sysbios_family_arm_msp432_init_Boot_enableHFXT__C)
                  00003070    00000002     release_pem4f.oem4f (.const:ti_sysbios_family_arm_msp432_init_Boot_enableLFXT__C)
                  00003072    00000002     release_pem4f.oem4f (.const:ti_sysbios_heaps_HeapMem_Module__id__C)
                  00003074    00000002     release_pem4f.oem4f (.const:xdc_runtime_Memory_Module__id__C)
                  00003076    00000002     release_pem4f.oem4f (.const:xdc_runtime_Text_charCnt__C)
                  00003078    00000002     release_pem4f.oem4f (.const:xdc_runtime_Text_isLoaded__C)
                  0000307a    00000001     release_pem4f.oem4f (.const:xdc_runtime_Error_policy__C)
                  0000307b    00000001     release_pem4f.oem4f (.const:xdc_runtime_Text_charTab__A)

.cinit     0    00003080    00000108     
                  00003080    000000e0     (.cinit..data.load) [load image, compression = lzss]
                  00003160    0000000c     (__TI_handler_table)
                  0000316c    00000004     --HOLE-- [fill = 0]
                  00003170    00000008     (.cinit..bss.load) [load image, compression = zero_init]
                  00003178    00000010     (__TI_cinit_table)

.init_array 
*          0    00000000    00000000     UNINITIALIZED

.data      0    20008140    000004a6     UNINITIALIZED
                  20008140    00000088     sysbios.aem4f : BIOS.obj (.data:$O1$$)
                  200081c8    00000080     release_pem4f.oem4f (.data:ti_sysbios_knl_Swi_Module_State_0_readyQ__A)
                  20008248    00000080     release_pem4f.oem4f (.data:ti_sysbios_knl_Task_Module_State_0_readyQ__A)
                  200082c8    00000054     release_pem4f.oem4f (.data:ti_sysbios_gates_GateMutex_Object__table__V)
                  2000831c    0000004c     release_pem4f.oem4f (.data:ti_sysbios_knl_Task_Object__table__V)
                  20008368    00000044     release_pem4f.oem4f (.data:ti_sysbios_family_arm_msp432_Timer_Object__table__V)
                  200083ac    00000044     release_pem4f.oem4f (.data:ti_sysbios_knl_Task_Module__state__V)
                  200083f0    00000034     release_pem4f.oem4f (.data:ti_sysbios_family_arm_m3_Hwi_Module__state__V)
                  20008424    00000030     release_pem4f.oem4f (.data:ti_sysbios_knl_Swi_Object__table__V)
                  20008454    0000002c     drivers_msp432p401x.aem4f : PowerMSP432.oem4f (.data:PowerMSP432_module)
                  20008480    0000002c     release_pem4f.oem4f (.data:ti_sysbios_knl_Clock_Module__state__V)
                  200084ac    00000024     release_pem4f.oem4f (.data:ti_sysbios_BIOS_Module__state__V)
                  200084d0    00000020     release_pem4f.oem4f (.data:ti_sysbios_family_arm_msp432_Timer_Module_State_0_device__A)
                  200084f0    00000020     release_pem4f.oem4f (.data:xdc_runtime_Error_IgnoreBlock)
                  20008510    0000001c     release_pem4f.oem4f (.data:ti_sysbios_knl_Swi_Module__state__V)
                  2000852c    00000018     release_pem4f.oem4f (.data:ti_sysbios_family_arm_m3_Hwi_Object__table__V)
                  20008544    00000018     release_pem4f.oem4f (.data:ti_sysbios_heaps_HeapMem_Object__table__V)
                  2000855c    00000010     release_pem4f.oem4f (.data:ti_sysbios_family_arm_msp432_Timer_Module_State_0_handles__A)
                  2000856c    0000000c     release_pem4f.oem4f (.data:ti_sysbios_family_arm_msp432_Timer_Module__state__V)
                  20008578    00000008     rtsv7M4_T_le_v4SPD16_eabi.lib : _lock.c.obj (.data:$O1$$)
                  20008580    00000008     release_pem4f.oem4f (.data:ti_sysbios_gates_GateHwi_Module__root__V)
                  20008588    00000008     release_pem4f.oem4f (.data:ti_sysbios_gates_GateMutex_Module__root__V)
                  20008590    00000008     release_pem4f.oem4f (.data:ti_sysbios_heaps_HeapMem_Module__root__V)
                  20008598    00000008     release_pem4f.oem4f (.data:ti_sysbios_knl_Queue_Module__root__V)
                  200085a0    00000008     release_pem4f.oem4f (.data:ti_sysbios_knl_Semaphore_Module__root__V)
                  200085a8    00000008     release_pem4f.oem4f (.data:ti_sysbios_knl_Task_Module__root__V)
                  200085b0    00000008     release_pem4f.oem4f (.data:xdc_runtime_Startup_Module__state__V)
                  200085b8    00000008     release_pem4f.oem4f (.data:xdc_runtime_System_Module_State_0_atexitHandlers__A)
                  200085c0    00000008     release_pem4f.oem4f (.data:xdc_runtime_System_Module__state__V)
                  200085c8    00000004     rtsv7M4_T_le_v4SPD16_eabi.lib : stkdepth_vars.c.obj (.data)
                  200085cc    00000004     release_pem4f.oem4f (.data:ti_sysbios_family_arm_m3_Hwi_Module_State_0_excContext__A)
                  200085d0    00000004     release_pem4f.oem4f (.data:ti_sysbios_family_arm_m3_Hwi_Module_State_0_excStack__A)
                  200085d4    00000004     release_pem4f.oem4f (.data:ti_sysbios_gates_GateHwi_Object__table__V)
                  200085d8    00000004     release_pem4f.oem4f (.data:ti_sysbios_knl_Task_Module_State_0_idleTask__A)
                  200085dc    00000004     release_pem4f.oem4f (.data:ti_sysbios_rts_ti_ReentSupport_Module__state__V)
                  200085e0    00000004     release_pem4f.oem4f (.data:xdc_runtime_Memory_Module__state__V)
                  200085e4    00000002     release_pem4f.oem4f (.data:ti_sysbios_family_arm_m3_Hwi_Module_State_0_excActive__A)

.bss       0    200085e8    00000344     UNINITIALIZED
                  200085e8    00000200     release_pem4f.oem4f (.bss:taskStackSection)
                  200087e8    00000140     (.common:ti_sysbios_family_arm_m3_Hwi_dispatchTable)
                  20008928    00000004     (.common:ti_sysbios_knl_Task_Instance_State_0_hookEnv__A)

.priheap   0    20000140    00008000     UNINITIALIZED
                  20000140    00008000     --HOLE--

.stack     0    2000fc00    00000400     UNINITIALIZED
                  2000fc00    00000400     --HOLE--

.bootVecs 
*          0    00000000    00000008     DSECT
                  00000000    00000008     boot.aem4f : boot.oem4f (.bootVecs)

.resetVecs 
*          0    00000000    0000003c     
                  00000000    0000003c     release_pem4f.oem4f (.resetVecs)

.vecs      0    20000000    00000140     NOLOAD SECTION
                  20000000    00000140     release_pem4f.oem4f (.vecs)

xdc.meta   0    00000000    000000fd     COPY SECTION
                  00000000    000000fd     release_pem4f.oem4f (xdc.meta)

xdc.noload 
*          0    00000000    00000000     COPY SECTION

.binit     0    00000000    00000000     

MODULE SUMMARY

       Module                       code    ro data   rw data
       ------                       ----    -------   -------
    .\
       HCSR04.obj                   200     0         0      
    +--+----------------------------+-------+---------+---------+
       Total:                       200     0         0      
                                                             
    C:\Users\hafiz\workspace_v9\tirtos_builds_MSP_EXP432P401R_release_ccs\Debug\configPkg\package\cfg\
       release_pem4f.oem4f          1042    972       4308   
    +--+----------------------------+-------+---------+---------+
       Total:                       1042    972       4308   
                                                             
    C:/ti/simplelink_msp432p4_sdk_3_30_00_13/source/ti/devices/msp432p4xx/driverlib/ccs/msp432p4xx_driverlib.lib
       pcm.o                        1770    0         0      
       rtc_c.o                      44      0         0      
       wdt_a.o                      36      0         0      
       cpu.o                        4       0         0      
    +--+----------------------------+-------+---------+---------+
       Total:                       1854    0         0      
                                                             
    C:/ti/simplelink_msp432p4_sdk_3_30_00_13/source/ti/drivers/lib/drivers_msp432p401x.aem4f
       PowerMSP432.oem4f            20      0         88     
    +--+----------------------------+-------+---------+---------+
       Total:                       20      0         88     
                                                             
    C:\Users\hafiz\workspace_v9\tirtos_builds_MSP_EXP432P401R_release_ccs\src\sysbios\sysbios.aem4f
       BIOS.obj                     6662    0         272    
       m3_Hwi_asm.obj               318     0         0      
       m3_TaskSupport_asm.obj       180     0         0      
       m3_Hwi_asm_switch.obj        118     0         0      
    +--+----------------------------+-------+---------+---------+
       Total:                       7278    0         272    
                                                             
    C:\ti\ccs\tools\compiler\ti-cgt-arm_18.12.2.LTS\lib\rtsv7M4_T_le_v4SPD16_eabi.lib
       memcpy_t2.asm.obj            156     0         0      
       memset_t2.asm.obj            122     0         0      
       copy_decompress_lzss.c.obj   104     0         0      
       cpy_tbl.c.obj                76      0         0      
       _lock.c.obj                  26      0         16     
       copy_zero_init.c.obj         28      0         0      
       args_main.c.obj              24      0         0      
       copy_decompress_none.c.obj   14      0         0      
       stkdepth_vars.c.obj          0       0         8      
    +--+----------------------------+-------+---------+---------+
       Total:                       550     0         24     
                                                             
    C:\ti\simplelink_msp432p4_sdk_3_30_00_13\kernel\tirtos\packages\ti\targets\arm\rtsarm\lib\auto_init.aem4f
       auto_init.oem4f              160     0         0      
    +--+----------------------------+-------+---------+---------+
       Total:                       160     0         0      
                                                             
    C:\ti\simplelink_msp432p4_sdk_3_30_00_13\kernel\tirtos\packages\ti\targets\arm\rtsarm\lib\boot.aem4f
       boot.oem4f                   88      0         0      
    +--+----------------------------+-------+---------+---------+
       Total:                       88      0         0      
                                                             
       Stack:                       0       0         2048   
       Linker Generated:            0       260       0      
    +--+----------------------------+-------+---------+---------+
       Grand Total:                 11192   1232      6740   


LINKER GENERATED COPY TABLES

__TI_cinit_table @ 00003178 records: 2, size/record: 8, table size: 16
	.data: load addr=00003080, load size=000000e0 bytes, run addr=20008140, run size=000004a6 bytes, compression=lzss
	.bss: load addr=00003170, load size=00000008 bytes, run addr=200085e8, run size=00000344 bytes, compression=zero_init


LINKER GENERATED HANDLER TABLE

__TI_handler_table @ 00003160 records: 3, size/record: 4, table size: 12
	index: 0, handler: __TI_decompress_lzss
	index: 1, handler: __TI_decompress_none
	index: 2, handler: __TI_zero_init


GLOBAL SYMBOLS: SORTED ALPHABETICALLY BY Name 

address   name                                                            
-------   ----                                                            
00000975  CPU_wfi                                                         
00008000  HEAPSIZE                                                        
00001829  PCM_getCoreVoltageLevel                                         
000019a5  PCM_getPowerMode                                                
000029e9  PCM_getPowerState                                               
000024c5  PCM_gotoLPM0                                                    
000012b9  PCM_gotoLPM3                                                    
00002a8d  PCM_gotoLPM4                                                    
00002a9d  PCM_setPowerMode                                                
00002aad  PCM_setPowerState                                               
00001ab1  PCM_shutdownDevice                                              
20008454  PowerMSP432_module                                              
000029fd  Power_idleFunc                                                  
000023e1  RTC_C_holdClock                                                 
UNDEFED   SHT$$INIT_ARRAY$$Base                                           
UNDEFED   SHT$$INIT_ARRAY$$Limit                                          
4000480c  WDTCTL_SYM                                                      
00002591  WDT_A_holdTimer                                                 
00000000  __ASM__                                                         
0000007e  __ISA__                                                         
00000091  __PLAT__                                                        
20010000  __STACK_END                                                     
00000400  __STACK_SIZE                                                    
000000b4  __TARG__                                                        
00003178  __TI_CINIT_Base                                                 
00003188  __TI_CINIT_Limit                                                
00003160  __TI_Handler_Table_Base                                         
0000316c  __TI_Handler_Table_Limit                                        
00000d81  __TI_auto_init                                                  
0000162d  __TI_decompress_lzss                                            
00002ba1  __TI_decompress_none                                            
ffffffff  __TI_pprof_out_hndl                                             
ffffffff  __TI_prof_data_size                                             
ffffffff  __TI_prof_data_start                                            
00003080  __TI_static_base__                                              
0000279f  __TI_zero_init_nomemset                                         
000000da  __TRDR__                                                        
000014d1  __aeabi_memclr                                                  
000014d1  __aeabi_memclr4                                                 
000014d1  __aeabi_memclr8                                                 
00000e21  __aeabi_memcpy                                                  
00000e21  __aeabi_memcpy4                                                 
00000e21  __aeabi_memcpy8                                                 
000014d3  __aeabi_memset                                                  
000014d3  __aeabi_memset4                                                 
000014d3  __aeabi_memset8                                                 
ffffffff  __binit__                                                       
ffffffff  __c_args__                                                      
20008140  __primary_heap_end__                                            
20000140  __primary_heap_start__                                          
2000fc00  __stack                                                         
000028ad  _args_main                                                      
00001a01  _c_int00                                                        
20008578  _lock                                                           
000002cb  _nop                                                            
00002411  _pthread_cleanupFxn                                             
00002bd1  _register_lock                                                  
00002bdd  _register_unlock                                                
2000857c  _unlock                                                         
ffffffff  binit                                                           
00001c09  copy_in                                                         
00000ebd  main                                                            
200085c8  main_func_sp                                                    
00000e21  memcpy                                                          
000014d9  memset                                                          
000020d1  setTrigger                                                      
200084ac  ti_sysbios_BIOS_Module__state__V                                
0000293d  ti_sysbios_BIOS_RtsGateProxy_Handle__label__S                   
00000fe5  ti_sysbios_BIOS_RtsGateProxy_enter__E                           
0000107d  ti_sysbios_BIOS_RtsGateProxy_leave__E                           
00002ca9  ti_sysbios_BIOS_RtsGateProxy_query__E                           
0000213d  ti_sysbios_BIOS_atExitFunc__I                                   
000029b9  ti_sysbios_BIOS_exitFunc__I                                     
00002ac1  ti_sysbios_BIOS_exit__E                                         
00002cb9  ti_sysbios_BIOS_linkedWithIncorrectBootLibrary__E               
00000d7f  ti_sysbios_BIOS_nullFunc__I                                     
000025b5  ti_sysbios_BIOS_registerRTSLock__I                              
000025d9  ti_sysbios_BIOS_removeRTSLock__I                                
000026bd  ti_sysbios_BIOS_rtsLock__I                                      
000028c5  ti_sysbios_BIOS_rtsUnlock__I                                    
00002ad1  ti_sysbios_BIOS_setThreadType__E                                
0000216d  ti_sysbios_BIOS_startFunc__I                                    
200085e4  ti_sysbios_family_arm_m3_Hwi_Module_State_0_excActive__A        
200085cc  ti_sysbios_family_arm_m3_Hwi_Module_State_0_excContext__A       
200085d0  ti_sysbios_family_arm_m3_Hwi_Module_State_0_excStack__A         
000028dd  ti_sysbios_family_arm_m3_Hwi_Module__startupDone__F             
000028dd  ti_sysbios_family_arm_m3_Hwi_Module__startupDone__S             
200083f0  ti_sysbios_family_arm_m3_Hwi_Module__state__V                   
00001bb9  ti_sysbios_family_arm_m3_Hwi_Module_startup__E                  
00002fb4  ti_sysbios_family_arm_m3_Hwi_NUM_INTERRUPTS__C                  
00002fb8  ti_sysbios_family_arm_m3_Hwi_Object__count__C                   
00002a11  ti_sysbios_family_arm_m3_Hwi_Object__get__S                     
2000852c  ti_sysbios_family_arm_m3_Hwi_Object__table__V                   
00002fbc  ti_sysbios_family_arm_m3_Hwi_ccr__C                             
00001701  ti_sysbios_family_arm_m3_Hwi_dispatchC__I                       
200087e8  ti_sysbios_family_arm_m3_Hwi_dispatchTable                      
00000a71  ti_sysbios_family_arm_m3_Hwi_dispatch__I                        
00002c61  ti_sysbios_family_arm_m3_Hwi_doSwiRestore__I                    
00002c71  ti_sysbios_family_arm_m3_Hwi_doTaskRestore__I                   
00001e39  ti_sysbios_family_arm_m3_Hwi_enableInterrupt__E                 
000024ed  ti_sysbios_family_arm_m3_Hwi_excHandlerAsm__I                   
00002fc0  ti_sysbios_family_arm_m3_Hwi_excHandlerFunc__C                  
000027c1  ti_sysbios_family_arm_m3_Hwi_excHandler__I                      
00001ec9  ti_sysbios_family_arm_m3_Hwi_getStackInfo__E                    
00000f51  ti_sysbios_family_arm_m3_Hwi_initNVIC__E                        
00001a59  ti_sysbios_family_arm_m3_Hwi_initStacks__E                      
00000b45  ti_sysbios_family_arm_m3_Hwi_interruptsAreDisabledButShouldNotBe
00002fc4  ti_sysbios_family_arm_m3_Hwi_nullIsrFunc__C                     
e000e000  ti_sysbios_family_arm_m3_Hwi_nvic                               
00002569  ti_sysbios_family_arm_m3_Hwi_pendSV__I                          
00001341  ti_sysbios_family_arm_m3_Hwi_postInit__I                        
00002fc8  ti_sysbios_family_arm_m3_Hwi_priGroup__C                        
20000000  ti_sysbios_family_arm_m3_Hwi_ramVectors                         
00000000  ti_sysbios_family_arm_m3_Hwi_resetVectors                       
0000258d  ti_sysbios_family_arm_m3_Hwi_return                             
00002c69  ti_sysbios_family_arm_m3_Hwi_startup__E                         
00002a29  ti_sysbios_family_arm_m3_Hwi_switchFromBootStack__E             
0000119d  ti_sysbios_family_arm_m3_TaskSupport_Module__startupDone__S     
00001111  ti_sysbios_family_arm_m3_TaskSupport_buildTaskStack             
00002ae1  ti_sysbios_family_arm_m3_TaskSupport_glue                       
000021a1  ti_sysbios_family_arm_m3_TaskSupport_start__E                   
000028f5  ti_sysbios_family_arm_m3_TaskSupport_swap__E                    
00002019  ti_sysbios_family_arm_msp432_Seconds_Module_startup__E          
200084d0  ti_sysbios_family_arm_msp432_Timer_Module_State_0_device__A     
2000855c  ti_sysbios_family_arm_msp432_Timer_Module_State_0_handles__A    
0000290d  ti_sysbios_family_arm_msp432_Timer_Module__startupDone__F       
0000290d  ti_sysbios_family_arm_msp432_Timer_Module__startupDone__S       
2000856c  ti_sysbios_family_arm_msp432_Timer_Module__state__V             
00001f59  ti_sysbios_family_arm_msp432_Timer_Module_startup__E            
20008368  ti_sysbios_family_arm_msp432_Timer_Object__table__V             
00002be9  ti_sysbios_family_arm_msp432_Timer_getMaxTicks__E               
00001b09  ti_sysbios_family_arm_msp432_Timer_initDevice__I                
00002fcc  ti_sysbios_family_arm_msp432_Timer_numTimerDevices__C           
00000c31  ti_sysbios_family_arm_msp432_Timer_periodicStub__E              
00001c59  ti_sysbios_family_arm_msp432_Timer_postInit__I                  
00001ca9  ti_sysbios_family_arm_msp432_Timer_start__E                     
00002fd0  ti_sysbios_family_arm_msp432_Timer_startupNeeded__C             
00001f99  ti_sysbios_family_arm_msp432_Timer_startup__E                   
00002f7e  ti_sysbios_family_arm_msp432_init_Boot_bypassHFXT__C            
0000306c  ti_sysbios_family_arm_msp432_init_Boot_bypassLFXT__C            
00000979  ti_sysbios_family_arm_msp432_init_Boot_configureClocksHigh      
00002af1  ti_sysbios_family_arm_msp432_init_Boot_disableWatchdog          
0000306e  ti_sysbios_family_arm_msp432_init_Boot_enableHFXT__C            
00003070  ti_sysbios_family_arm_msp432_init_Boot_enableLFXT__C            
00002895  ti_sysbios_family_arm_msp432_init_Boot_init__I                  
00002781  ti_sysbios_family_xxx_Hwi_switchAndRunFunc                      
00002925  ti_sysbios_gates_GateHwi_Handle__label__S                       
00002cc1  ti_sysbios_gates_GateHwi_Instance_init__E                       
00002d98  ti_sysbios_gates_GateHwi_Module__FXNS__C                        
20008580  ti_sysbios_gates_GateHwi_Module__root__V                        
00002e4c  ti_sysbios_gates_GateHwi_Object__DESC__C                        
00002f0c  ti_sysbios_gates_GateHwi_Object__PARAMS__C                      
000021d1  ti_sysbios_gates_GateHwi_Object__create__S                      
000026dd  ti_sysbios_gates_GateHwi_Object__delete__S                      
200085d4  ti_sysbios_gates_GateHwi_Object__table__V                       
00002bf9  ti_sysbios_gates_GateHwi_enter__E                               
00002c79  ti_sysbios_gates_GateHwi_leave__E                               
00002ca1  ti_sysbios_gates_GateHwi_query__E                               
0000293d  ti_sysbios_gates_GateMutex_Handle__label__S                     
00002fd4  ti_sysbios_gates_GateMutex_Instance_State_sem__O                
00002b01  ti_sysbios_gates_GateMutex_Instance_finalize__E                 
000027e1  ti_sysbios_gates_GateMutex_Instance_init__E                     
00002dbc  ti_sysbios_gates_GateMutex_Module__FXNS__C                      
20008588  ti_sysbios_gates_GateMutex_Module__root__V                      
00002e6c  ti_sysbios_gates_GateMutex_Object__DESC__C                      
00002f24  ti_sysbios_gates_GateMutex_Object__PARAMS__C                    
00002201  ti_sysbios_gates_GateMutex_Object__create__S                    
000025fd  ti_sysbios_gates_GateMutex_Object__delete__S                    
200082c8  ti_sysbios_gates_GateMutex_Object__table__V                     
00002231  ti_sysbios_gates_GateMutex_enter__E                             
00002959  ti_sysbios_gates_GateMutex_leave__E                             
00002ca9  ti_sysbios_gates_GateMutex_query__E                             
000028dd  ti_sysbios_hal_Hwi_HwiProxy_Module__startupDone__S              
00001e39  ti_sysbios_hal_Hwi_HwiProxy_enableInterrupt__E                  
00001ec9  ti_sysbios_hal_Hwi_HwiProxy_getStackInfo__E                     
00002c69  ti_sysbios_hal_Hwi_HwiProxy_startup__E                          
00002a29  ti_sysbios_hal_Hwi_HwiProxy_switchFromBootStack__E              
00002a69  ti_sysbios_hal_Hwi_Module_startup__E                            
00001e39  ti_sysbios_hal_Hwi_enableInterrupt__E                           
00001ec9  ti_sysbios_hal_Hwi_getStackInfo__E                              
00002109  ti_sysbios_hal_Hwi_initStack                                    
00002c69  ti_sysbios_hal_Hwi_startup__E                                   
00002a29  ti_sysbios_hal_Hwi_switchFromBootStack__E                       
00002fd8  ti_sysbios_heaps_HeapMem_E_memory__C                            
00002971  ti_sysbios_heaps_HeapMem_Handle__label__S                       
00001fd9  ti_sysbios_heaps_HeapMem_Instance_init__E                       
0000293d  ti_sysbios_heaps_HeapMem_Module_GateProxy_Handle__label__S      
0000122d  ti_sysbios_heaps_HeapMem_Module_GateProxy_enter__E              
0000133d  ti_sysbios_heaps_HeapMem_Module_GateProxy_leave__E              
00002ca9  ti_sysbios_heaps_HeapMem_Module_GateProxy_query__E              
00002d70  ti_sysbios_heaps_HeapMem_Module__FXNS__C                        
00002fdc  ti_sysbios_heaps_HeapMem_Module__gateObj__C                     
00003072  ti_sysbios_heaps_HeapMem_Module__id__C                          
20008590  ti_sysbios_heaps_HeapMem_Module__root__V                        
00002e8c  ti_sysbios_heaps_HeapMem_Object__DESC__C                        
00002de0  ti_sysbios_heaps_HeapMem_Object__PARAMS__C                      
00002fe0  ti_sysbios_heaps_HeapMem_Object__count__C                       
00002261  ti_sysbios_heaps_HeapMem_Object__create__S                      
000026fd  ti_sysbios_heaps_HeapMem_Object__delete__S                      
00002a3d  ti_sysbios_heaps_HeapMem_Object__get__S                         
20008544  ti_sysbios_heaps_HeapMem_Object__table__V                       
00000b61  ti_sysbios_heaps_HeapMem_alloc__E                               
000013c9  ti_sysbios_heaps_HeapMem_free__E                                
00001cf9  ti_sysbios_heaps_HeapMem_getStats__E                            
00001551  ti_sysbios_heaps_HeapMem_initPrimary__I                         
00002c81  ti_sysbios_heaps_HeapMem_isBlocking__E                          
00002fe4  ti_sysbios_heaps_HeapMem_primaryHeapBaseAddr__C                 
00002fe8  ti_sysbios_heaps_HeapMem_primaryHeapEndAddr__C                  
00002fec  ti_sysbios_heaps_HeapMem_reqAlign__C                            
00002ff0  ti_sysbios_knl_Clock_Module_State_clockQ__O                     
20008480  ti_sysbios_knl_Clock_Module__state__V                           
00002621  ti_sysbios_knl_Clock_Module_startup__E                          
0000290d  ti_sysbios_knl_Clock_TimerProxy_Module__startupDone__S          
000013c5  ti_sysbios_knl_Clock_TimerProxy_getMaxTicks__E                  
00001f99  ti_sysbios_knl_Clock_TimerProxy_startup__E                      
00002519  ti_sysbios_knl_Clock_addI__E                                    
0000246d  ti_sysbios_knl_Clock_doTick__I                                  
00002cc9  ti_sysbios_knl_Clock_logTick__E                                 
00001451  ti_sysbios_knl_Clock_workFunc__E                                
00002f8c  ti_sysbios_knl_Idle_funcList__A                                 
00002f94  ti_sysbios_knl_Idle_funcList__C                                 
00002bb1  ti_sysbios_knl_Idle_loop__E                                     
00002721  ti_sysbios_knl_Idle_run__E                                      
00002ff4  ti_sysbios_knl_Mailbox_Instance_State_freeQue__O                
00001e81  ti_sysbios_knl_Mailbox_Module_startup__E                        
00002ff8  ti_sysbios_knl_Mailbox_Object__count__C                         
00002b11  ti_sysbios_knl_Mailbox_Object__get__S                           
00002ffc  ti_sysbios_knl_Mailbox_maxTypeAlign__C                          
00002291  ti_sysbios_knl_Mailbox_postInit__I                              
00002c89  ti_sysbios_knl_Queue_Instance_init__E                           
20008598  ti_sysbios_knl_Queue_Module__root__V                            
00002eac  ti_sysbios_knl_Queue_Object__DESC__C                            
00002f3c  ti_sysbios_knl_Queue_Object__PARAMS__C                          
00002c05  ti_sysbios_knl_Queue_Object__get__S                             
00002499  ti_sysbios_knl_Queue_construct                                  
000027fd  ti_sysbios_knl_Queue_destruct                                   
00002bc1  ti_sysbios_knl_Queue_empty__E                                   
00002819  ti_sysbios_knl_Queue_put__E                                     
00003000  ti_sysbios_knl_Semaphore_Instance_State_pendQ__O                
00002b21  ti_sysbios_knl_Semaphore_Instance_finalize__E                   
00002649  ti_sysbios_knl_Semaphore_Instance_init__E                       
200085a0  ti_sysbios_knl_Semaphore_Module__root__V                        
00002ecc  ti_sysbios_knl_Semaphore_Object__DESC__C                        
00002e04  ti_sysbios_knl_Semaphore_Object__PARAMS__C                      
000022c1  ti_sysbios_knl_Semaphore_construct                              
00002741  ti_sysbios_knl_Semaphore_destruct                               
000022f1  ti_sysbios_knl_Semaphore_pendTimeout__I                         
00000429  ti_sysbios_knl_Semaphore_pend__E                                
00001769  ti_sysbios_knl_Semaphore_post__E                                
200081c8  ti_sysbios_knl_Swi_Module_State_0_readyQ__A                     
20008510  ti_sysbios_knl_Swi_Module__state__V                             
00002541  ti_sysbios_knl_Swi_Module_startup__E                            
00003004  ti_sysbios_knl_Swi_Object__count__C                             
00002a51  ti_sysbios_knl_Swi_Object__get__S                               
20008424  ti_sysbios_knl_Swi_Object__table__V                             
00002b31  ti_sysbios_knl_Swi_disable__E                                   
00001f11  ti_sysbios_knl_Swi_post__E                                      
000015c1  ti_sysbios_knl_Swi_restoreHwi__E                                
00002059  ti_sysbios_knl_Swi_restore__E                                   
00001d49  ti_sysbios_knl_Swi_runLoop__I                                   
000017c9  ti_sysbios_knl_Swi_run__I                                       
00001889  ti_sysbios_knl_Swi_schedule__I                                  
00002c91  ti_sysbios_knl_Swi_startup__E                                   
20008928  ti_sysbios_knl_Task_Instance_State_0_hookEnv__A                 
200085e8  ti_sysbios_knl_Task_Instance_State_0_stack__A                   
00000871  ti_sysbios_knl_Task_Instance_finalize__E                        
200085d8  ti_sysbios_knl_Task_Module_State_0_idleTask__A                  
20008248  ti_sysbios_knl_Task_Module_State_0_readyQ__A                    
00003008  ti_sysbios_knl_Task_Module_State_inactiveQ__O                   
200085a8  ti_sysbios_knl_Task_Module__root__V                             
200083ac  ti_sysbios_knl_Task_Module__state__V                            
00001081  ti_sysbios_knl_Task_Module_startup__E                           
00002eec  ti_sysbios_knl_Task_Object__DESC__C                             
00002d34  ti_sysbios_knl_Task_Object__PARAMS__C                           
0000300c  ti_sysbios_knl_Task_Object__count__C                            
00002761  ti_sysbios_knl_Task_Object__delete__S                           
00002b41  ti_sysbios_knl_Task_Object__get__S                              
00003010  ti_sysbios_knl_Task_Object__heap__C                             
2000831c  ti_sysbios_knl_Task_Object__table__V                            
0000119d  ti_sysbios_knl_Task_SupportProxy_Module__startupDone__S         
000021a1  ti_sysbios_knl_Task_SupportProxy_start__E                       
000028f5  ti_sysbios_knl_Task_SupportProxy_swap__E                        
00003014  ti_sysbios_knl_Task_allBlockedFunc__C                           
00001d99  ti_sysbios_knl_Task_allBlockedFunction__I                       
0000144d  ti_sysbios_knl_Task_delete                                      
00002b51  ti_sysbios_knl_Task_disable__E                                  
00002839  ti_sysbios_knl_Task_enter__I                                    
00000fe9  ti_sysbios_knl_Task_exit__E                                     
00002f54  ti_sysbios_knl_Task_hooks__A                                    
00002f9c  ti_sysbios_knl_Task_hooks__C                                    
00003018  ti_sysbios_knl_Task_numConstructedTasks__C                      
00000661  ti_sysbios_knl_Task_postInit__I                                 
00002321  ti_sysbios_knl_Task_processVitalTaskFlag__I                     
00002671  ti_sysbios_knl_Task_restoreHwi__E                               
00002351  ti_sysbios_knl_Task_restore__E                                  
00001de9  ti_sysbios_knl_Task_schedule__I                                 
000018e9  ti_sysbios_knl_Task_startCore__E                                
00002cb1  ti_sysbios_knl_Task_startup__E                                  
00002901  ti_sysbios_knl_Task_swapReturn                                  
00002381  ti_sysbios_knl_Task_unblockI__E                                 
000029d1  ti_sysbios_knl_Task_unblock__E                                  
200085dc  ti_sysbios_rts_ti_ReentSupport_Module__state__V                 
00002c11  ti_sysbios_rts_ti_ReentSupport_taskRegHook__I                   
00000001  xdc_rov_runtime_Mon__checksum                                   
00000001  xdc_rov_runtime_Mon__write                                      
00001b61  xdc_runtime_Core_assignLabel__I                                 
00001231  xdc_runtime_Core_constructObject__I                             
00000cd9  xdc_runtime_Core_createObject__I                                
00001699  xdc_runtime_Core_deleteObject__I                                
0000301c  xdc_runtime_Error_E_memory__C                                   
200084f0  xdc_runtime_Error_IgnoreBlock                                   
00002989  xdc_runtime_Error_init__E                                       
00003020  xdc_runtime_Error_policyFxn__C                                  
00002699  xdc_runtime_Error_policyMin__E                                  
0000307a  xdc_runtime_Error_policy__C                                     
00002c21  xdc_runtime_Gate_enterSystem__E                                 
00002b61  xdc_runtime_Gate_leaveSystem__E                                 
00003024  xdc_runtime_IGateProvider_Interface__BASE__C                    
00003028  xdc_runtime_IHeap_Interface__BASE__C                            
0000302c  xdc_runtime_IModule_Interface__BASE__C                          
00002925  xdc_runtime_Main_Module_GateProxy_Handle__label__S              
00002ca1  xdc_runtime_Main_Module_GateProxy_query__E                      
00002971  xdc_runtime_Memory_HeapProxy_Handle__label__S                   
00002c4d  xdc_runtime_Memory_HeapProxy_alloc__E                           
00002c57  xdc_runtime_Memory_HeapProxy_free__E                            
00003074  xdc_runtime_Memory_Module__id__C                                
200085e0  xdc_runtime_Memory_Module__state__V                             
000011a1  xdc_runtime_Memory_alloc__E                                     
00002c31  xdc_runtime_Memory_calloc__E                                    
00003030  xdc_runtime_Memory_defaultHeapInstance__C                       
00002b71  xdc_runtime_Memory_free__E                                      
00002859  xdc_runtime_Memory_valloc__E                                    
200085b0  xdc_runtime_Startup_Module__state__V                            
00000001  xdc_runtime_Startup__EXECFXN__C                                 
00000001  xdc_runtime_Startup__RESETFXN__C                                
00003034  xdc_runtime_Startup_execImpl__C                                 
00001949  xdc_runtime_Startup_exec__E                                     
00002a7b  xdc_runtime_Startup_exec__I                                     
00002f80  xdc_runtime_Startup_firstFxns__A                                
00002fa4  xdc_runtime_Startup_firstFxns__C                                
00002fac  xdc_runtime_Startup_lastFxns__C                                 
00003038  xdc_runtime_Startup_maxPasses__C                                
00002895  xdc_runtime_Startup_reset__I                                    
00002c41  xdc_runtime_Startup_rtsDone__E                                  
00002f6c  xdc_runtime_Startup_sfxnRts__A                                  
0000303c  xdc_runtime_Startup_sfxnRts__C                                  
00002e28  xdc_runtime_Startup_sfxnTab__A                                  
00003040  xdc_runtime_Startup_sfxnTab__C                                  
00000769  xdc_runtime_Startup_startMods__I                                
00003044  xdc_runtime_SysCallback_abortFxn__C                             
00002b81  xdc_runtime_SysCallback_abort__E                                
00002cd1  xdc_runtime_SysCallback_defaultAbort                            
00002cd9  xdc_runtime_SysCallback_defaultExit                             
00003048  xdc_runtime_SysCallback_exitFxn__C                              
00002b91  xdc_runtime_SysCallback_exit__E                                 
00002925  xdc_runtime_System_Module_GateProxy_Handle__label__S            
0000154b  xdc_runtime_System_Module_GateProxy_enter__E                    
00001695  xdc_runtime_System_Module_GateProxy_leave__E                    
00002ca1  xdc_runtime_System_Module_GateProxy_query__E                    
200085b8  xdc_runtime_System_Module_State_0_atexitHandlers__A             
0000304c  xdc_runtime_System_Module__gateObj__C                           
200085c0  xdc_runtime_System_Module__state__V                             
00002c99  xdc_runtime_System_Module_startup__E                            
00002b81  xdc_runtime_System_SupportProxy_abort__E                        
00002b91  xdc_runtime_System_SupportProxy_exit__E                         
00003050  xdc_runtime_System_abortFxn__C                                  
00002ce1  xdc_runtime_System_abortSpin__E                                 
00002879  xdc_runtime_System_abort__E                                     
00002099  xdc_runtime_System_atexit__E                                    
00003054  xdc_runtime_System_exitFxn__C                                   
00002ce9  xdc_runtime_System_exitSpin__E                                  
000029a1  xdc_runtime_System_exit__E                                      
00003058  xdc_runtime_System_maxAtexitHandlers__C                         
000023b1  xdc_runtime_System_processAtExit__E                             
00003076  xdc_runtime_Text_charCnt__C                                     
0000307b  xdc_runtime_Text_charTab__A                                     
0000305c  xdc_runtime_Text_charTab__C                                     
00003078  xdc_runtime_Text_isLoaded__C                                    
00003060  xdc_runtime_Text_nameEmpty__C                                   
00003064  xdc_runtime_Text_nameStatic__C                                  
00003068  xdc_runtime_Text_nameUnknown__C                                 


GLOBAL SYMBOLS: SORTED BY Symbol Address 

address   name                                                            
-------   ----                                                            
00000000  __ASM__                                                         
00000000  ti_sysbios_family_arm_m3_Hwi_resetVectors                       
00000001  xdc_rov_runtime_Mon__checksum                                   
00000001  xdc_rov_runtime_Mon__write                                      
00000001  xdc_runtime_Startup__EXECFXN__C                                 
00000001  xdc_runtime_Startup__RESETFXN__C                                
0000007e  __ISA__                                                         
00000091  __PLAT__                                                        
000000b4  __TARG__                                                        
000000da  __TRDR__                                                        
000002cb  _nop                                                            
00000400  __STACK_SIZE                                                    
00000429  ti_sysbios_knl_Semaphore_pend__E                                
00000661  ti_sysbios_knl_Task_postInit__I                                 
00000769  xdc_runtime_Startup_startMods__I                                
00000871  ti_sysbios_knl_Task_Instance_finalize__E                        
00000975  CPU_wfi                                                         
00000979  ti_sysbios_family_arm_msp432_init_Boot_configureClocksHigh      
00000a71  ti_sysbios_family_arm_m3_Hwi_dispatch__I                        
00000b45  ti_sysbios_family_arm_m3_Hwi_interruptsAreDisabledButShouldNotBe
00000b61  ti_sysbios_heaps_HeapMem_alloc__E                               
00000c31  ti_sysbios_family_arm_msp432_Timer_periodicStub__E              
00000cd9  xdc_runtime_Core_createObject__I                                
00000d7f  ti_sysbios_BIOS_nullFunc__I                                     
00000d81  __TI_auto_init                                                  
00000e21  __aeabi_memcpy                                                  
00000e21  __aeabi_memcpy4                                                 
00000e21  __aeabi_memcpy8                                                 
00000e21  memcpy                                                          
00000ebd  main                                                            
00000f51  ti_sysbios_family_arm_m3_Hwi_initNVIC__E                        
00000fe5  ti_sysbios_BIOS_RtsGateProxy_enter__E                           
00000fe9  ti_sysbios_knl_Task_exit__E                                     
0000107d  ti_sysbios_BIOS_RtsGateProxy_leave__E                           
00001081  ti_sysbios_knl_Task_Module_startup__E                           
00001111  ti_sysbios_family_arm_m3_TaskSupport_buildTaskStack             
0000119d  ti_sysbios_family_arm_m3_TaskSupport_Module__startupDone__S     
0000119d  ti_sysbios_knl_Task_SupportProxy_Module__startupDone__S         
000011a1  xdc_runtime_Memory_alloc__E                                     
0000122d  ti_sysbios_heaps_HeapMem_Module_GateProxy_enter__E              
00001231  xdc_runtime_Core_constructObject__I                             
000012b9  PCM_gotoLPM3                                                    
0000133d  ti_sysbios_heaps_HeapMem_Module_GateProxy_leave__E              
00001341  ti_sysbios_family_arm_m3_Hwi_postInit__I                        
000013c5  ti_sysbios_knl_Clock_TimerProxy_getMaxTicks__E                  
000013c9  ti_sysbios_heaps_HeapMem_free__E                                
0000144d  ti_sysbios_knl_Task_delete                                      
00001451  ti_sysbios_knl_Clock_workFunc__E                                
000014d1  __aeabi_memclr                                                  
000014d1  __aeabi_memclr4                                                 
000014d1  __aeabi_memclr8                                                 
000014d3  __aeabi_memset                                                  
000014d3  __aeabi_memset4                                                 
[...]
00002411  _pthread_cleanupFxn                                             
0000246d  ti_sysbios_knl_Clock_doTick__I                                  
00002499  ti_sysbios_knl_Queue_construct                                  
000024c5  PCM_gotoLPM0                                                    
000024ed  ti_sysbios_family_arm_m3_Hwi_excHandlerAsm__I                   
00002519  ti_sysbios_knl_Clock_addI__E                                    
00002541  ti_sysbios_knl_Swi_Module_startup__E                            
00002569  ti_sysbios_family_arm_m3_Hwi_pendSV__I                          
0000258d  ti_sysbios_family_arm_m3_Hwi_return                             
00002591  WDT_A_holdTimer                                                 
000025b5  ti_sysbios_BIOS_registerRTSLock__I                              
000025d9  ti_sysbios_BIOS_removeRTSLock__I                                
000025fd  ti_sysbios_gates_GateMutex_Object__delete__S                    
00002621  ti_sysbios_knl_Clock_Module_startup__E                          
00002649  ti_sysbios_knl_Semaphore_Instance_init__E                       
00002671  ti_sysbios_knl_Task_restoreHwi__E                               
00002699  xdc_runtime_Error_policyMin__E                                  
000026bd  ti_sysbios_BIOS_rtsLock__I                                      
000026dd  ti_sysbios_gates_GateHwi_Object__delete__S                      
000026fd  ti_sysbios_heaps_HeapMem_Object__delete__S                      
00002721  ti_sysbios_knl_Idle_run__E                                      
00002741  ti_sysbios_knl_Semaphore_destruct                               
00002761  ti_sysbios_knl_Task_Object__delete__S                           
00002781  ti_sysbios_family_xxx_Hwi_switchAndRunFunc                      
0000279f  __TI_zero_init_nomemset                                         
000027c1  ti_sysbios_family_arm_m3_Hwi_excHandler__I                      
000027e1  ti_sysbios_gates_GateMutex_Instance_init__E                     
000027fd  ti_sysbios_knl_Queue_destruct                                   
00002819  ti_sysbios_knl_Queue_put__E                                     
00002839  ti_sysbios_knl_Task_enter__I                                    
00002859  xdc_runtime_Memory_valloc__E                                    
00002879  xdc_runtime_System_abort__E                                     
00002895  ti_sysbios_family_arm_msp432_init_Boot_init__I                  
00002895  xdc_runtime_Startup_reset__I                                    
000028ad  _args_main                                                      
000028c5  ti_sysbios_BIOS_rtsUnlock__I                                    
000028dd  ti_sysbios_family_arm_m3_Hwi_Module__startupDone__F             
000028dd  ti_sysbios_family_arm_m3_Hwi_Module__startupDone__S             
000028dd  ti_sysbios_hal_Hwi_HwiProxy_Module__startupDone__S              
000028f5  ti_sysbios_family_arm_m3_TaskSupport_swap__E                    
000028f5  ti_sysbios_knl_Task_SupportProxy_swap__E                        
00002901  ti_sysbios_knl_Task_swapReturn                                  
0000290d  ti_sysbios_family_arm_msp432_Timer_Module__startupDone__F       
0000290d  ti_sysbios_family_arm_msp432_Timer_Module__startupDone__S       
0000290d  ti_sysbios_knl_Clock_TimerProxy_Module__startupDone__S          
00002925  ti_sysbios_gates_GateHwi_Handle__label__S                       
00002925  xdc_runtime_Main_Module_GateProxy_Handle__label__S              
00002925  xdc_runtime_System_Module_GateProxy_Handle__label__S            
0000293d  ti_sysbios_BIOS_RtsGateProxy_Handle__label__S                   
0000293d  ti_sysbios_gates_GateMutex_Handle__label__S                     
0000293d  ti_sysbios_heaps_HeapMem_Module_GateProxy_Handle__label__S      
00002959  ti_sysbios_gates_GateMutex_leave__E                             
00002971  ti_sysbios_heaps_HeapMem_Handle__label__S                       
00002971  xdc_runtime_Memory_HeapProxy_Handle__label__S                   
00002989  xdc_runtime_Error_init__E                                       
000029a1  xdc_runtime_System_exit__E                                      
000029b9  ti_sysbios_BIOS_exitFunc__I                                     
000029d1  ti_sysbios_knl_Task_unblock__E                                  
000029e9  PCM_getPowerState                                               
000029fd  Power_idleFunc                                                  
00002a11  ti_sysbios_family_arm_m3_Hwi_Object__get__S                     
00002a29  ti_sysbios_family_arm_m3_Hwi_switchFromBootStack__E             
00002a29  ti_sysbios_hal_Hwi_HwiProxy_switchFromBootStack__E              
00002a29  ti_sysbios_hal_Hwi_switchFromBootStack__E                       
00002a3d  ti_sysbios_heaps_HeapMem_Object__get__S                         
00002a51  ti_sysbios_knl_Swi_Object__get__S                               
00002a69  ti_sysbios_hal_Hwi_Module_startup__E                            
00002a7b  xdc_runtime_Startup_exec__I                                     
00002a8d  PCM_gotoLPM4                                                    
00002a9d  PCM_setPowerMode                                                
00002aad  PCM_setPowerState                                               
00002ac1  ti_sysbios_BIOS_exit__E                                         
00002ad1  ti_sysbios_BIOS_setThreadType__E                                
00002ae1  ti_sysbios_family_arm_m3_TaskSupport_glue                       
00002af1  ti_sysbios_family_arm_msp432_init_Boot_disableWatchdog          
00002b01  ti_sysbios_gates_GateMutex_Instance_finalize__E                 
00002b11  ti_sysbios_knl_Mailbox_Object__get__S                           
00002b21  ti_sysbios_knl_Semaphore_Instance_finalize__E                   
00002b31  ti_sysbios_knl_Swi_disable__E                                   
00002b41  ti_sysbios_knl_Task_Object__get__S                              
00002b51  ti_sysbios_knl_Task_disable__E                                  
00002b61  xdc_runtime_Gate_leaveSystem__E                                 
00002b71  xdc_runtime_Memory_free__E                                      
00002b81  xdc_runtime_SysCallback_abort__E                                
00002b81  xdc_runtime_System_SupportProxy_abort__E                        
00002b91  xdc_runtime_SysCallback_exit__E                                 
00002b91  xdc_runtime_System_SupportProxy_exit__E                         
00002ba1  __TI_decompress_none                                            
00002bb1  ti_sysbios_knl_Idle_loop__E                                     
00002bc1  ti_sysbios_knl_Queue_empty__E                                   
00002bd1  _register_lock                                                  
00002bdd  _register_unlock                                                
00002be9  ti_sysbios_family_arm_msp432_Timer_getMaxTicks__E               
00002bf9  ti_sysbios_gates_GateHwi_enter__E                               
00002c05  ti_sysbios_knl_Queue_Object__get__S                             
00002c11  ti_sysbios_rts_ti_ReentSupport_taskRegHook__I                   
00002c21  xdc_runtime_Gate_enterSystem__E                                 
00002c31  xdc_runtime_Memory_calloc__E                                    
00002c41  xdc_runtime_Startup_rtsDone__E                                  
00002c4d  xdc_runtime_Memory_HeapProxy_alloc__E                           
00002c57  xdc_runtime_Memory_HeapProxy_free__E                            
00002c61  ti_sysbios_family_arm_m3_Hwi_doSwiRestore__I                    
00002c69  ti_sysbios_family_arm_m3_Hwi_startup__E                         
00002c69  ti_sysbios_hal_Hwi_HwiProxy_startup__E                          
00002c69  ti_sysbios_hal_Hwi_startup__E                                   
00002c71  ti_sysbios_family_arm_m3_Hwi_doTaskRestore__I                   
00002c79  ti_sysbios_gates_GateHwi_leave__E                               
00002c81  ti_sysbios_heaps_HeapMem_isBlocking__E                          
00002c89  ti_sysbios_knl_Queue_Instance_init__E                           
00002c91  ti_sysbios_knl_Swi_startup__E                                   
00002c99  xdc_runtime_System_Module_startup__E                            
00002ca1  ti_sysbios_gates_GateHwi_query__E                               
00002ca1  xdc_runtime_Main_Module_GateProxy_query__E                      
00002ca1  xdc_runtime_System_Module_GateProxy_query__E                    
00002ca9  ti_sysbios_BIOS_RtsGateProxy_query__E                           
00002ca9  ti_sysbios_gates_GateMutex_query__E                             
00002ca9  ti_sysbios_heaps_HeapMem_Module_GateProxy_query__E              
00002cb1  ti_sysbios_knl_Task_startup__E                                  
00002cb9  ti_sysbios_BIOS_linkedWithIncorrectBootLibrary__E               
00002cc1  ti_sysbios_gates_GateHwi_Instance_init__E                       
00002cc9  ti_sysbios_knl_Clock_logTick__E                                 
00002cd1  xdc_runtime_SysCallback_defaultAbort                            
00002cd9  xdc_runtime_SysCallback_defaultExit                             
00002ce1  xdc_runtime_System_abortSpin__E                                 
00002ce9  xdc_runtime_System_exitSpin__E                                  
00002d34  ti_sysbios_knl_Task_Object__PARAMS__C                           
00002d70  ti_sysbios_heaps_HeapMem_Module__FXNS__C                        
00002d98  ti_sysbios_gates_GateHwi_Module__FXNS__C                        
00002dbc  ti_sysbios_gates_GateMutex_Module__FXNS__C                      
00002de0  ti_sysbios_heaps_HeapMem_Object__PARAMS__C                      
00002e04  ti_sysbios_knl_Semaphore_Object__PARAMS__C                      
00002e28  xdc_runtime_Startup_sfxnTab__A                                  
00002e4c  ti_sysbios_gates_GateHwi_Object__DESC__C                        
00002e6c  ti_sysbios_gates_GateMutex_Object__DESC__C                      
00002e8c  ti_sysbios_heaps_HeapMem_Object__DESC__C                        
00002eac  ti_sysbios_knl_Queue_Object__DESC__C                            
00002ecc  ti_sysbios_knl_Semaphore_Object__DESC__C                        
00002eec  ti_sysbios_knl_Task_Object__DESC__C                             
00002f0c  ti_sysbios_gates_GateHwi_Object__PARAMS__C                      
00002f24  ti_sysbios_gates_GateMutex_Object__PARAMS__C                    
00002f3c  ti_sysbios_knl_Queue_Object__PARAMS__C                          
00002f54  ti_sysbios_knl_Task_hooks__A                                    
00002f6c  xdc_runtime_Startup_sfxnRts__A                                  
00002f7e  ti_sysbios_family_arm_msp432_init_Boot_bypassHFXT__C            
00002f80  xdc_runtime_Startup_firstFxns__A                                
00002f8c  ti_sysbios_knl_Idle_funcList__A                                 
00002f94  ti_sysbios_knl_Idle_funcList__C                                 
00002f9c  ti_sysbios_knl_Task_hooks__C                                    
00002fa4  xdc_runtime_Startup_firstFxns__C                                
00002fac  xdc_runtime_Startup_lastFxns__C                                 
00002fb4  ti_sysbios_family_arm_m3_Hwi_NUM_INTERRUPTS__C                  
00002fb8  ti_sysbios_family_arm_m3_Hwi_Object__count__C                   
00002fbc  ti_sysbios_family_arm_m3_Hwi_ccr__C                             
00002fc0  ti_sysbios_family_arm_m3_Hwi_excHandlerFunc__C                  
00002fc4  ti_sysbios_family_arm_m3_Hwi_nullIsrFunc__C                     
00002fc8  ti_sysbios_family_arm_m3_Hwi_priGroup__C                        
00002fcc  ti_sysbios_family_arm_msp432_Timer_numTimerDevices__C           
00002fd0  ti_sysbios_family_arm_msp432_Timer_startupNeeded__C             
00002fd4  ti_sysbios_gates_GateMutex_Instance_State_sem__O                
00002fd8  ti_sysbios_heaps_HeapMem_E_memory__C                            
00002fdc  ti_sysbios_heaps_HeapMem_Module__gateObj__C                     
00002fe0  ti_sysbios_heaps_HeapMem_Object__count__C                       
00002fe4  ti_sysbios_heaps_HeapMem_primaryHeapBaseAddr__C                 
00002fe8  ti_sysbios_heaps_HeapMem_primaryHeapEndAddr__C                  
00002fec  ti_sysbios_heaps_HeapMem_reqAlign__C                            
00002ff0  ti_sysbios_knl_Clock_Module_State_clockQ__O                     
00002ff4  ti_sysbios_knl_Mailbox_Instance_State_freeQue__O                
00002ff8  ti_sysbios_knl_Mailbox_Object__count__C                         
00002ffc  ti_sysbios_knl_Mailbox_maxTypeAlign__C                          
00003000  ti_sysbios_knl_Semaphore_Instance_State_pendQ__O                
00003004  ti_sysbios_knl_Swi_Object__count__C                             
00003008  ti_sysbios_knl_Task_Module_State_inactiveQ__O                   
0000300c  ti_sysbios_knl_Task_Object__count__C                            
00003010  ti_sysbios_knl_Task_Object__heap__C                             
00003014  ti_sysbios_knl_Task_allBlockedFunc__C                           
00003018  ti_sysbios_knl_Task_numConstructedTasks__C                      
0000301c  xdc_runtime_Error_E_memory__C                                   
00003020  xdc_runtime_Error_policyFxn__C                                  
00003024  xdc_runtime_IGateProvider_Interface__BASE__C                    
00003028  xdc_runtime_IHeap_Interface__BASE__C                            
0000302c  xdc_runtime_IModule_Interface__BASE__C                          
00003030  xdc_runtime_Memory_defaultHeapInstance__C                       
00003034  xdc_runtime_Startup_execImpl__C                                 
00003038  xdc_runtime_Startup_maxPasses__C                                
0000303c  xdc_runtime_Startup_sfxnRts__C                                  
00003040  xdc_runtime_Startup_sfxnTab__C                                  
00003044  xdc_runtime_SysCallback_abortFxn__C                             
00003048  xdc_runtime_SysCallback_exitFxn__C                              
0000304c  xdc_runtime_System_Module__gateObj__C                           
00003050  xdc_runtime_System_abortFxn__C                                  
00003054  xdc_runtime_System_exitFxn__C                                   
00003058  xdc_runtime_System_maxAtexitHandlers__C                         
0000305c  xdc_runtime_Text_charTab__C                                     
00003060  xdc_runtime_Text_nameEmpty__C                                   
00003064  xdc_runtime_Text_nameStatic__C                                  
00003068  xdc_runtime_Text_nameUnknown__C                                 
0000306c  ti_sysbios_family_arm_msp432_init_Boot_bypassLFXT__C            
0000306e  ti_sysbios_family_arm_msp432_init_Boot_enableHFXT__C            
00003070  ti_sysbios_family_arm_msp432_init_Boot_enableLFXT__C            
00003072  ti_sysbios_heaps_HeapMem_Module__id__C                          
00003074  xdc_runtime_Memory_Module__id__C                                
00003076  xdc_runtime_Text_charCnt__C                                     
00003078  xdc_runtime_Text_isLoaded__C                                    
0000307a  xdc_runtime_Error_policy__C                                     
0000307b  xdc_runtime_Text_charTab__A                                     
00003080  __TI_static_base__                                              
00003160  __TI_Handler_Table_Base                                         
0000316c  __TI_Handler_Table_Limit                                        
00003178  __TI_CINIT_Base                                                 
00003188  __TI_CINIT_Limit                                                
00008000  HEAPSIZE                                                        
20000000  ti_sysbios_family_arm_m3_Hwi_ramVectors                         
20000140  __primary_heap_start__                                          
20008140  __primary_heap_end__                                            
200081c8  ti_sysbios_knl_Swi_Module_State_0_readyQ__A                     
20008248  ti_sysbios_knl_Task_Module_State_0_readyQ__A                    
200082c8  ti_sysbios_gates_GateMutex_Object__table__V                     
2000831c  ti_sysbios_knl_Task_Object__table__V                            
20008368  ti_sysbios_family_arm_msp432_Timer_Object__table__V             
200083ac  ti_sysbios_knl_Task_Module__state__V                            
200083f0  ti_sysbios_family_arm_m3_Hwi_Module__state__V                   
20008424  ti_sysbios_knl_Swi_Object__table__V                             
20008454  PowerMSP432_module                                              
20008480  ti_sysbios_knl_Clock_Module__state__V                           
200084ac  ti_sysbios_BIOS_Module__state__V                                
200084d0  ti_sysbios_family_arm_msp432_Timer_Module_State_0_device__A     
200084f0  xdc_runtime_Error_IgnoreBlock                                   
20008510  ti_sysbios_knl_Swi_Module__state__V                             
2000852c  ti_sysbios_family_arm_m3_Hwi_Object__table__V                   
20008544  ti_sysbios_heaps_HeapMem_Object__table__V                       
2000855c  ti_sysbios_family_arm_msp432_Timer_Module_State_0_handles__A    
2000856c  ti_sysbios_family_arm_msp432_Timer_Module__state__V             
20008578  _lock                                                           
2000857c  _unlock                                                         
20008580  ti_sysbios_gates_GateHwi_Module__root__V                        
20008588  ti_sysbios_gates_GateMutex_Module__root__V                      
20008590  ti_sysbios_heaps_HeapMem_Module__root__V                        
20008598  ti_sysbios_knl_Queue_Module__root__V                            
200085a0  ti_sysbios_knl_Semaphore_Module__root__V                        
200085a8  ti_sysbios_knl_Task_Module__root__V                             
200085b0  xdc_runtime_Startup_Module__state__V                            
200085b8  xdc_runtime_System_Module_State_0_atexitHandlers__A             
200085c0  xdc_runtime_System_Module__state__V                             
200085c8  main_func_sp                                                    
200085cc  ti_sysbios_family_arm_m3_Hwi_Module_State_0_excContext__A       
200085d0  ti_sysbios_family_arm_m3_Hwi_Module_State_0_excStack__A         
200085d4  ti_sysbios_gates_GateHwi_Object__table__V                       
200085d8  ti_sysbios_knl_Task_Module_State_0_idleTask__A                  
200085dc  ti_sysbios_rts_ti_ReentSupport_Module__state__V                 
200085e0  xdc_runtime_Memory_Module__state__V                             
200085e4  ti_sysbios_family_arm_m3_Hwi_Module_State_0_excActive__A        
200085e8  ti_sysbios_knl_Task_Instance_State_0_stack__A                   
200087e8  ti_sysbios_family_arm_m3_Hwi_dispatchTable                      
20008928  ti_sysbios_knl_Task_Instance_State_0_hookEnv__A                 
2000fc00  __stack                                                         
20010000  __STACK_END                                                     
4000480c  WDTCTL_SYM                                                      
e000e000  ti_sysbios_family_arm_m3_Hwi_nvic                               
ffffffff  __TI_pprof_out_hndl                                             
ffffffff  __TI_prof_data_size                                             
ffffffff  __TI_prof_data_start                                            
ffffffff  __binit__                                                       
ffffffff  __c_args__                                                      
ffffffff  binit                                                           
UNDEFED   SHT$$INIT_ARRAY$$Base                                           
UNDEFED   SHT$$INIT_ARRAY$$Limit                                          

[381 symbols]
