******************************************************************************
                  TI ARM Linker PC v18.12.2                    
******************************************************************************
>> Linked Thu Oct 31 14:30:15 2019

OUTPUT FILE NAME:   <2104accel.out>
ENTRY POINT SYMBOL: "_c_int00"  address: 00005149


MEMORY CONFIGURATION

         name            origin    length      used     unused   attr    fill
----------------------  --------  ---------  --------  --------  ----  --------
  MAIN                  00000000   00040000  00007a54  000385ac  R  X
  INFO                  00200000   00004000  00000000  00004000  R  X
  SRAM_CODE             01000000   00010000  000092c4  00006d3c  RW X
  SRAM_DATA             20000000   00010000  000092c4  00006d3c  RW  


SEGMENT ALLOCATION MAP

run origin  load origin   length   init length attrs members
----------  ----------- ---------- ----------- ----- -------
00000000    00000000    00007a60   00007a60    r-x
  00000000    00000000    0000003c   0000003c    r-- .resetVecs
  00000040    00000040    0000720a   0000720a    r-x .text
  0000724c    0000724c    0000058e   0000058e    r-- .const
  000077e0    000077e0    00000280   00000280    r-- .cinit
20000140    20000140    00008000   00000000    r--
  20000140    20000140    00008000   00000000    r-- .priheap
20008140    20008140    00000d84   00000000    rw-
  20008140    20008140    000007d0   00000000    rw- .data
  20008910    20008910    000005b4   00000000    rw- .bss
2000fc00    2000fc00    00000400   00000000    rw-
  2000fc00    2000fc00    00000400   00000000    rw- .stack


SECTION ALLOCATION MAP

 output                                  attributes/
section   page    origin      length       input sections
--------  ----  ----------  ----------   ----------------
.text      0    00000040    0000720a     
                  00000040    00000a4e     rtsv7M4_T_le_v4SPD16_eabi.lib : _printfi.c.obj (.text:__TI_printfi)
                  00000a8e    00000002     ti_drivers_config.obj (.text:Board_initHook)
                  00000a90    000002f8     drivers_msp432p401x.aem4f : PowerMSP432.oem4f (.text:Power_sleep)
                  00000d88    0000028a     msp432p4xx_driverlib.lib : pcm.o (.text:__PCM_setPowerStateAdvanced)
                  00001012    00000002     drivers_msp432p401x.aem4f : I2CMSP432.oem4f (.text:I2CMSP432_init)
                  00001014    00000288                               : PowerMSP432.oem4f (.text:initPerfControl)
                  0000129c    00000270     rtsv7M4_T_le_v4SPD16_eabi.lib : _printfi.c.obj (.text:_pconv_a)
                  0000150c    000001f8     drivers_msp432p401x.aem4f : I2CMSP432.oem4f (.text:I2CMSP432_open)
                  00001704    000001d0     rtsv7M4_T_le_v4SPD16_eabi.lib : _printfi.c.obj (.text:_pconv_g)
                  000018d4    000001b6                                   : fd_add_t2.asm.obj (.text)
                  00001a8a    00000184     drivers_msp432p401x.aem4f : I2CMSP432.oem4f (.text:I2CMSP432_hwiIntFxn)
                  00001c0e    00000002     dpl_msp432p401x.aem4f : PowerMSP432_tirtos.oem4f (.text:PowerMSP432_initPolicy)
                  00001c10    0000015c     msp432p4xx_driverlib.lib : pcm.o (.text:__PCM_setPowerModeAdvanced)
                  00001d6c    00000154     masterThread.obj (.text:mainThread)
                  00001ec0    0000013c     rtsv7M4_T_le_v4SPD16_eabi.lib : _printfi.c.obj (.text:_pconv_e)
                  00001ffc    00000136                                   : fd_div_t2.asm.obj (.text)
                  00002132    00000006     drivers_msp432p401x.aem4f : I2CMSP432.oem4f (.text:I2CMSP432_control)
                  00002138    00000130     sysbios.aem4f : BIOS.obj (.text:ti_sysbios_knl_Semaphore_pend__E)
                  00002268    00000124     rtsv7M4_T_le_v4SPD16_eabi.lib : _printfi.c.obj (.text:fcvt)
                  0000238c    0000011c     drivers_msp432p401x.aem4f : I2CMSP432.oem4f (.text:primeTransfer)
                  000024a8    00000114     rtsv7M4_T_le_v4SPD16_eabi.lib : fputs.c.obj (.text:fputs)
                  000025bc    00000110                                   : s_scalbn.c.obj (.text:scalbn)
                  000026cc    00000108     msp432p4xx_driverlib.lib : pcm.o (.text:__PCM_setCoreVoltageLevelAdvanced)
                  000027d4    00000004                              : cpu.o (.text:CPU_wfi)
                  000027d8    00000108     sysbios.aem4f : BIOS.obj (.text:ti_sysbios_knl_Task_postInit__I)
                  000028e0    00000108                   : BIOS.obj (.text:xdc_runtime_Startup_startMods__I)
                  000029e8    00000104                   : BIOS.obj (.text:ti_sysbios_knl_Task_Instance_finalize__E)
                  00002aec    000000fc     rtsv7M4_T_le_v4SPD16_eabi.lib : fd_mul_t2.asm.obj (.text)
                  00002be8    000000f8     sysbios.aem4f : BIOS.obj (.text:ti_sysbios_family_arm_msp432_init_Boot_configureClocksHigh)
                  00002ce0    000000f0     drivers_msp432p401x.aem4f : I2CMSP432.oem4f (.text:I2CMSP432_transfer)
                  00002dd0    000000f0     sysbios.aem4f : BIOS.obj (.text:pthread_create)
                  00002ec0    000000f0                   : m3_Hwi_asm.obj (.text:ti_sysbios_family_arm_m3_Hwi_dispatch__I)
                  00002fb0    000000e4     msp432p4xx_driverlib.lib : cs.o (.text:CS_startHFXTWithTimeout)
                  00003094    00000004     dpl_msp432p401x.aem4f : HwiP_tirtos.oem4f (.text:HwiP_disable)
                  00003098    000000e4     sysbios.aem4f : BIOS.obj (.text:ti_sysbios_knl_Task_Instance_init__E)
                  0000317c    000000e0     msp432p4xx_driverlib.lib : cs.o (.text:CS_startLFXTWithTimeout)
                  0000325c    000000dc                              : cs.o (.text:_CSGetHFXTFrequency)
                  00003338    000000dc     rtsv7M4_T_le_v4SPD16_eabi.lib : setvbuf.c.obj (.text:setvbuf)
                  00003414    00000004     dpl_msp432p401x.aem4f : SemaphoreP_tirtos.oem4f (.text:SemaphoreP_post)
                  00003418    000000d0     sysbios.aem4f : BIOS.obj (.text:ti_sysbios_heaps_HeapMem_alloc__E)
                  000034e8    000000b8                   : BIOS.obj (.text:ti_sysbios_family_arm_m3_Hwi_Instance_init__E)
                  000035a0    000000b1     rtsv7M4_T_le_v4SPD16_eabi.lib : _printfi.c.obj (.text:_ltostr)
                  00003651    00000001     --HOLE-- [fill = 0]
                  00003652    000000ac     drivers_msp432p401x.aem4f : I2CMSP432.oem4f (.text:I2CMSP432_cancel)
                  000036fe    00000002     rtsv7M4_T_le_v4SPD16_eabi.lib : _lock.c.obj (.text:_nop)
                  00003700    000000a8     sysbios.aem4f : BIOS.obj (.text:ti_sysbios_family_arm_msp432_Timer_periodicStub__E)
                  000037a8    000000a6                   : BIOS.obj (.text:xdc_runtime_Core_createObject__I)
                  0000384e    00000002     rtsv7M4_T_le_v4SPD16_eabi.lib : div0.asm.obj (.text)
                  00003850    000000a4     sysbios.aem4f : BIOS.obj (.text:ti_sysbios_knl_Task_setPri__E)
                  000038f4    000000a0     auto_init.aem4f : auto_init.oem4f (.text)
                  00003994    0000009c     drivers_msp432p401x.aem4f : PowerMSP432.oem4f (.text:Power_init)
                  00003a30    0000009c     rtsv7M4_T_le_v4SPD16_eabi.lib : memcpy_t2.asm.obj (.text)
                  00003acc    00000096                                   : ull_div_t2.asm.obj (.text)
                  00003b62    00000004                                   : printf.c.obj (.text:_outc)
                  00003b66    00000002     release_pem4f.oem4f (.text:ti_sysbios_BIOS_nullFunc__I)
                  00003b68    00000094     sysbios.aem4f : BIOS.obj (.text:_pthread_removeThreadKeys)
                  00003bfc    00000004     rtsv7M4_T_le_v4SPD16_eabi.lib : printf.c.obj (.text:_outs)
                  00003c00    00000094     sysbios.aem4f : BIOS.obj (.text:ti_sysbios_family_arm_m3_Hwi_initNVIC__E)
                  00003c94    00000004     release_pem4f.oem4f (.text:ti_sysbios_BIOS_RtsGateProxy_enter__E)
                  00003c98    00000094     sysbios.aem4f : BIOS.obj (.text:ti_sysbios_knl_Task_exit__E)
                  00003d2c    00000004     release_pem4f.oem4f (.text:ti_sysbios_BIOS_RtsGateProxy_leave__E)
                  00003d30    00000090     sysbios.aem4f : BIOS.obj (.text:ti_sysbios_knl_Task_Module_startup__E)
                  00003dc0    0000008c     rtsv7M4_T_le_v4SPD16_eabi.lib : fputc.c.obj (.text:fputc)
                  00003e4c    0000008c     sysbios.aem4f : m3_TaskSupport_asm.obj (.text:ti_sysbios_family_arm_m3_TaskSupport_buildTaskStack)
                  00003ed8    0000008c                   : BIOS.obj (.text:xdc_runtime_Memory_alloc__E)
                  00003f64    00000086     rtsv7M4_T_le_v4SPD16_eabi.lib : fd_cmp_t2.asm.obj (.text:__aeabi_cdcmple)
                  00003fea    00000086                                   : fd_cmp_t2.asm.obj (.text:__aeabi_cdrcmple)
                  00004070    00000086     sysbios.aem4f : BIOS.obj (.text:xdc_runtime_Core_constructObject__I)
                  000040f6    00000002     --HOLE-- [fill = 0]
                  000040f8    00000084     msp432p4xx_driverlib.lib : pcm.o (.text:PCM_gotoLPM3)
                  0000417c    00000084     drivers_msp432p401x.aem4f : PowerMSP432.oem4f (.text:restartHFXT)
                  00004200    00000084     sysbios.aem4f : BIOS.obj (.text:ti_sysbios_family_arm_m3_Hwi_postInit__I)
                  00004284    00000004     release_pem4f.oem4f (.text:ti_sysbios_family_arm_m3_Hwi_delete)
                  00004288    00000084     sysbios.aem4f : BIOS.obj (.text:ti_sysbios_heaps_HeapMem_free__E)
                  0000430c    00000004     release_pem4f.oem4f (.text:ti_sysbios_family_arm_m3_TaskSupport_Module__startupDone__S)
                  00004310    00000080     sysbios.aem4f : BIOS.obj (.text:ti_sysbios_knl_Clock_workFunc__E)
                  00004390    0000007a     rtsv7M4_T_le_v4SPD16_eabi.lib : memset_t2.asm.obj (.text)
                  0000440a    00000076     drivers_msp432p401x.aem4f : I2CMSP432.oem4f (.text:I2CMSP432_close)
                  00004480    00000074     rtsv7M4_T_le_v4SPD16_eabi.lib : fclose.c.obj (.text:__TI_closefile)
                  000044f4    00000074     accel.obj (.text:readAccelData)
                  00004568    00000074     I2C.obj (.text:writeI2C)
                  000045dc    00000004     release_pem4f.oem4f (.text:ti_sysbios_heaps_HeapMem_Module_GateProxy_enter__E)
                  000045e0    00000070     sysbios.aem4f : BIOS.obj (.text:ti_sysbios_heaps_HeapMem_initPrimary__I)
                  00004650    0000006e     rtsv7M4_T_le_v4SPD16_eabi.lib : _printfi.c.obj (.text:_mcpy)
                  000046be    00000002     --HOLE-- [fill = 0]
                  000046c0    0000006c     msp432p4xx_driverlib.lib : i2c.o (.text:I2C_masterSendMultiByteFinish)
                  0000472c    0000006c     I2C.obj (.text:readI2C)
                  00004798    0000006c     sysbios.aem4f : BIOS.obj (.text:ti_sysbios_knl_Swi_restoreHwi__E)
                  00004804    00000068     rtsv7M4_T_le_v4SPD16_eabi.lib : hostlseek.c.obj (.text:HOSTlseek)
                  0000486c    00000068                                   : hostrename.c.obj (.text:HOSTrename)
                  000048d4    00000068     drivers_msp432p401x.aem4f : PowerMSP432.oem4f (.text:PowerMSP432_getFreqs)
                  0000493c    00000068     rtsv7M4_T_le_v4SPD16_eabi.lib : copy_decompress_lzss.c.obj (.text:decompress:lzss:__TI_decompress_lzss)
                  000049a4    00000068     drivers_msp432p401x.aem4f : I2CMSP432.oem4f (.text:initHw)
                  00004a0c    00000068     rtsv7M4_T_le_v4SPD16_eabi.lib : printf.c.obj (.text:printf)
                  00004a74    00000004     release_pem4f.oem4f (.text:ti_sysbios_heaps_HeapMem_Module_GateProxy_leave__E)
                  00004a78    00000066     sysbios.aem4f : BIOS.obj (.text:xdc_runtime_Core_deleteObject__I)
                  00004ade    00000002     --HOLE-- [fill = 0]
                  00004ae0    00000064     rtsv7M4_T_le_v4SPD16_eabi.lib : s_frexp.c.obj (.text:frexp)
                  00004b44    00000064                                   : fseek.c.obj (.text:fseek)
                  00004ba8    00000064     main_tirtos.obj (.text:main)
                  00004c0c    00000004     release_pem4f.oem4f (.text:ti_sysbios_knl_Clock_TimerProxy_getMaxTicks__E)
                  00004c10    00000064     sysbios.aem4f : BIOS.obj (.text:pthread_exit)
                  00004c74    00000004     release_pem4f.oem4f (.text:ti_sysbios_knl_Semaphore_delete)
                  00004c78    00000064     sysbios.aem4f : BIOS.obj (.text:ti_sysbios_family_arm_m3_Hwi_dispatchC__I)
                  00004cdc    00000062     rtsv7M4_T_le_v4SPD16_eabi.lib : _io_perm.c.obj (.text:__TI_wrt_ok)
                  00004d3e    00000002     --HOLE-- [fill = 0]
                  00004d40    00000060                                   : hostopen.c.obj (.text:HOSTopen)
                  00004da0    00000060     sysbios.aem4f : BIOS.obj (.text:ti_sysbios_knl_Semaphore_post__E)
                  00004e00    00000060                   : BIOS.obj (.text:ti_sysbios_knl_Swi_run__I)
                  00004e60    0000005e     msp432p4xx_driverlib.lib : pcm.o (.text:PCM_getCoreVoltageLevel)
                  00004ebe    00000002     --HOLE-- [fill = 0]
                  00004ec0    0000005c     rtsv7M4_T_le_v4SPD16_eabi.lib : close.c.obj (.text:close)
                  00004f1c    00000004     release_pem4f.oem4f (.text:ti_sysbios_knl_Task_delete)
                  00004f20    0000005c     sysbios.aem4f : BIOS.obj (.text:ti_sysbios_knl_Swi_schedule__I)
                  00004f7c    00000004     release_pem4f.oem4f (.text:xdc_runtime_System_Module_GateProxy_enter__E)
                  00004f80    0000005c     sysbios.aem4f : BIOS.obj (.text:ti_sysbios_knl_Task_startCore__E)
                  00004fdc    00000004     release_pem4f.oem4f (.text:xdc_runtime_System_Module_GateProxy_leave__E)
                  00004fe0    0000005c     sysbios.aem4f : BIOS.obj (.text:xdc_runtime_Startup_exec__E)
                  0000503c    0000005a     msp432p4xx_driverlib.lib : pcm.o (.text:PCM_getPowerMode)
                  00005096    00000002     --HOLE-- [fill = 0]
                  00005098    00000058     rtsv7M4_T_le_v4SPD16_eabi.lib : hostread.c.obj (.text:HOSTread)
                  000050f0    00000058                                   : hostwrite.c.obj (.text:HOSTwrite)
                  00005148    00000058     boot.aem4f : boot.oem4f (.text)
                  000051a0    00000058     sysbios.aem4f : m3_Hwi_asm_switch.obj (.text:ti_sysbios_family_arm_m3_Hwi_initStacks__E)
                  000051f8    00000056     rtsv7M4_T_le_v4SPD16_eabi.lib : _printfi.c.obj (.text:_pconv_f)
                  0000524e    00000056     drivers_msp432p401x.aem4f : I2CMSP432.oem4f (.text:completeTransfer)
                  000052a4    00000054     msp432p4xx_driverlib.lib : pcm.o (.text:PCM_shutdownDevice)
                  000052f8    00000054     rtsv7M4_T_le_v4SPD16_eabi.lib : ltoa.c.obj (.text:ltoa)
                  0000534c    00000054     release_pem4f.oem4f (.text:ti_sysbios_family_arm_m3_Hwi_create)
                  000053a0    00000054     sysbios.aem4f : BIOS.obj (.text:ti_sysbios_family_arm_msp432_Timer_initDevice__I)
                  000053f4    00000004     --HOLE-- [fill = 0]
                  000053f8    00000054                   : BIOS.obj (.text:xdc_runtime_Core_assignLabel__I)
                  0000544c    00000052     rtsv7M4_T_le_v4SPD16_eabi.lib : _printfi.c.obj (.text:_ecpy)
                  0000549e    00000002     --HOLE-- [fill = 0]
                  000054a0    00000050     masterThread.obj (.text:delayMs)
                  000054f0    00000050     sysbios.aem4f : BIOS.obj (.text:ti_sysbios_family_arm_m3_Hwi_Module_startup__E)
                  00005540    00000050     release_pem4f.oem4f (.text:ti_sysbios_knl_Task_create)
                  00005590    0000004c     dpl_msp432p401x.aem4f : PowerMSP432_tirtos.oem4f (.text:PowerMSP432_sleepPolicy)
                  000055dc    0000004c     rtsv7M4_T_le_v4SPD16_eabi.lib : fflush.c.obj (.text:__TI_doflush)
                  00005628    0000004c                                   : atoi.c.obj (.text:atoi)
                  00005674    0000004c                                   : cpy_tbl.c.obj (.text:copy_in)
                  000056c0    0000004c     sysbios.aem4f : BIOS.obj (.text:ti_sysbios_family_arm_msp432_Timer_postInit__I)
                  0000570c    00000004     --HOLE-- [fill = 0]
                  00005710    0000004c                   : BIOS.obj (.text:ti_sysbios_family_arm_msp432_Timer_start__E)
                  0000575c    00000004     --HOLE-- [fill = 0]
                  00005760    0000004c                   : BIOS.obj (.text:ti_sysbios_heaps_HeapMem_getStats__E)
                  000057ac    00000004     --HOLE-- [fill = 0]
                  000057b0    0000004c                   : BIOS.obj (.text:ti_sysbios_knl_Swi_runLoop__I)
                  000057fc    00000004     --HOLE-- [fill = 0]
                  00005800    0000004c                   : BIOS.obj (.text:ti_sysbios_knl_Task_allBlockedFunction__I)
                  0000584c    00000004     --HOLE-- [fill = 0]
                  00005850    0000004c                   : BIOS.obj (.text:ti_sysbios_knl_Task_schedule__I)
                  0000589c    00000048     drivers_msp432p401x.aem4f : PowerMSP432.oem4f (.text:Power_releaseConstraint)
                  000058e4    00000048     rtsv7M4_T_le_v4SPD16_eabi.lib : fd_toi_t2.asm.obj (.text)
                  0000592c    00000004     --HOLE-- [fill = 0]
                  00005930    00000048     sysbios.aem4f : BIOS.obj (.text:ti_sysbios_family_arm_m3_Hwi_disableInterrupt__E)
                  00005978    00000048                   : BIOS.obj (.text:ti_sysbios_family_arm_m3_Hwi_enableInterrupt__E)
                  000059c0    00000048                   : BIOS.obj (.text:ti_sysbios_knl_Mailbox_Module_startup__E)
                  00005a08    00000048                   : BIOS.obj (.text:xdc_runtime_Core_assignParams__I)
                  00005a50    00000044     rtsv7M4_T_le_v4SPD16_eabi.lib : hostclose.c.obj (.text:HOSTclose)
                  00005a94    00000044                                   : hostunlink.c.obj (.text:HOSTunlink)
                  00005ad8    00000044     drivers_msp432p401x.aem4f : I2C.oem4f (.text:I2C_init)
                  00005b1c    00000044     rtsv7M4_T_le_v4SPD16_eabi.lib : getdevice.c.obj (.text:getdevice)
                  00005b60    00000044     drivers_msp432p401x.aem4f : I2CMSP432.oem4f (.text:perfChangeNotifyFxn)
                  00005ba4    00000004     --HOLE-- [fill = 0]
                  00005ba8    00000044     sysbios.aem4f : BIOS.obj (.text:ti_sysbios_family_arm_m3_Hwi_getStackInfo__E)
                  00005bec    00000004     --HOLE-- [fill = 0]
                  00005bf0    00000044                   : BIOS.obj (.text:ti_sysbios_knl_Swi_post__E)
                  00005c34    00000040     dpl_msp432p401x.aem4f : HwiP_tirtos.oem4f (.text:HwiP_create)
                  00005c74    00000040     drivers_msp432p401x.aem4f : I2C.oem4f (.text:I2C_open)
                  00005cb4    00000004     --HOLE-- [fill = 0]
                  00005cb8    00000040     sysbios.aem4f : BIOS.obj (.text:ti_sysbios_family_arm_msp432_Timer_Module_startup__E)
                  00005cf8    00000040                   : BIOS.obj (.text:ti_sysbios_family_arm_msp432_Timer_startup__E)
                  00005d38    00000040                   : BIOS.obj (.text:ti_sysbios_heaps_HeapMem_Instance_init__E)
                  00005d78    0000003e     rtsv7M4_T_le_v4SPD16_eabi.lib : _printfi.c.obj (.text:_fcpy)
                  00005db6    00000002     --HOLE-- [fill = 0]
                  00005db8    0000003c     dpl_msp432p401x.aem4f : SemaphoreP_tirtos.oem4f (.text:SemaphoreP_create)
                  00005df4    00000004     --HOLE-- [fill = 0]
                  00005df8    0000003c     sysbios.aem4f : BIOS.obj (.text:ti_sysbios_family_arm_m3_Hwi_Instance_finalize__E)
                  00005e34    00000004     --HOLE-- [fill = 0]
                  00005e38    0000003c                   : BIOS.obj (.text:ti_sysbios_family_arm_msp432_Seconds_Module_startup__E)
                  00005e74    00000004     --HOLE-- [fill = 0]
                  00005e78    0000003c                   : BIOS.obj (.text:ti_sysbios_knl_Swi_restore__E)
                  00005eb4    00000038     drivers_msp432p401x.aem4f : PowerMSP432.oem4f (.text:Power_setConstraint)
                  00005eec    00000038     rtsv7M4_T_le_v4SPD16_eabi.lib : trgmsg.c.obj (.text:__TI_writemsg)
                  00005f24    00000038     drivers_msp432p401x.aem4f : PowerMSP432.oem4f (.text:notify)
                  00005f5c    00000004     --HOLE-- [fill = 0]
                  00005f60    00000038     sysbios.aem4f : BIOS.obj (.text:xdc_runtime_System_atexit__E)
                  00005f98    00000036     rtsv7M4_T_le_v4SPD16_eabi.lib : strncpy.c.obj (.text:strncpy)
                  00005fce    00000002     --HOLE-- [fill = 0]
                  00005fd0    00000034                                   : fopen.c.obj (.text:__TI_cleanup)
                  00006004    00000034                                   : trgmsg.c.obj (.text:__TI_readmsg)
                  00006038    00000034     release_pem4f.oem4f (.text:ti_sysbios_knl_Semaphore_create)
                  0000606c    00000004     --HOLE-- [fill = 0]
                  00006070    00000032     sysbios.aem4f : BIOS.obj (.text:ti_sysbios_hal_Hwi_initStack)
                  000060a2    00000002     --HOLE-- [fill = 0]
                  000060a4    00000030     rtsv7M4_T_le_v4SPD16_eabi.lib : getdevice.c.obj (.text:finddevice)
                  000060d4    00000030     drivers_msp432p401x.aem4f : I2CMSP432.oem4f (.text:mapPin)
                  00006104    00000030     release_pem4f.oem4f (.text:ti_sysbios_BIOS_atExitFunc__I)
                  00006134    00000030     release_pem4f.oem4f (.text:ti_sysbios_BIOS_startFunc__I)
                  00006164    00000004     --HOLE-- [fill = 0]
                  00006168    00000030     sysbios.aem4f : BIOS.obj (.text:ti_sysbios_family_arm_m3_TaskSupport_start__E)
                  00006198    00000030     release_pem4f.oem4f (.text:ti_sysbios_gates_GateHwi_Object__create__S)
                  000061c8    00000030     release_pem4f.oem4f (.text:ti_sysbios_gates_GateMutex_Object__create__S)
                  000061f8    00000030     sysbios.aem4f : BIOS.obj (.text:ti_sysbios_gates_GateMutex_enter__E)
                  00006228    00000030     release_pem4f.oem4f (.text:ti_sysbios_heaps_HeapMem_Object__create__S)
                  00006258    00000030     sysbios.aem4f : BIOS.obj (.text:ti_sysbios_knl_Mailbox_postInit__I)
                  00006288    00000030     release_pem4f.oem4f (.text:ti_sysbios_knl_Semaphore_construct)
                  000062b8    00000030     sysbios.aem4f : BIOS.obj (.text:ti_sysbios_knl_Semaphore_pendTimeout__I)
                  000062e8    00000030                   : BIOS.obj (.text:ti_sysbios_knl_Task_processVitalTaskFlag__I)
                  00006318    00000030                   : BIOS.obj (.text:ti_sysbios_knl_Task_restore__E)
                  00006348    00000030                   : BIOS.obj (.text:ti_sysbios_knl_Task_unblockI__E)
                  00006378    00000030                   : BIOS.obj (.text:xdc_runtime_System_processAtExit__E)
                  000063a8    0000002e     rtsv7M4_T_le_v4SPD16_eabi.lib : i_tofd_t2.asm.obj (.text)
                  000063d6    0000002e     release_pem4f.oem4f (.text:ti_sysbios_rts_MemAlloc_alloc)
                  00006404    0000002c     dpl_msp432p401x.aem4f : PowerMSP432_tirtos.oem4f (.text:PowerMSP432_updateFreqs)
                  00006430    0000002c     msp432p4xx_driverlib.lib : rtc_c.o (.text:RTC_C_holdClock)
                  0000645c    00000004     --HOLE-- [fill = 0]
                  00006460    0000002c     sysbios.aem4f : BIOS.obj (.text:_pthread_cleanupFxn)
                  0000648c    00000004     --HOLE-- [fill = 0]
                  00006490    0000002c                   : BIOS.obj (.text:_pthread_delete$43)
                  000064bc    0000002c     release_pem4f.oem4f (.text:ti_sysbios_knl_Clock_doTick__I)
                  000064e8    0000002c     release_pem4f.oem4f (.text:ti_sysbios_knl_Queue_construct)
                  00006514    0000002c     rtsv7M4_T_le_v4SPD16_eabi.lib : unlink.c.obj (.text:unlink)
                  00006540    00000028     msp432p4xx_driverlib.lib : pcm.o (.text:PCM_gotoLPM0)
                  00006568    00000028     drivers_msp432p401x.aem4f : PowerMSP432.oem4f (.text:Power_registerNotify)
                  00006590    00000028                               : PowerMSP432.oem4f (.text:disableFaultCounter)
                  000065b8    00000028                               : PowerMSP432.oem4f (.text:disableHFXT)
                  000065e0    00000028     rtsv7M4_T_le_v4SPD16_eabi.lib : lseek.c.obj (.text:lseek)
                  00006608    00000028     sysbios.aem4f : m3_Hwi_asm.obj (.text:ti_sysbios_family_arm_m3_Hwi_excHandlerAsm__I)
                  00006630    00000028                   : BIOS.obj (.text:ti_sysbios_knl_Clock_addI__E)
                  00006658    00000028                   : BIOS.obj (.text:ti_sysbios_knl_Swi_Module_startup__E)
                  00006680    00000028     rtsv7M4_T_le_v4SPD16_eabi.lib : write.c.obj (.text:write)
                  000066a8    00000026     drivers_msp432p401x.aem4f : List.oem4f (.text:List_put)
                  000066ce    00000026                               : List.oem4f (.text:List_remove)
                  000066f4    00000026     sysbios.aem4f : m3_Hwi_asm.obj (.text:ti_sysbios_family_arm_m3_Hwi_pendSV__I)
                  0000671a    00000002     --HOLE-- [fill = 0]
                  0000671c    00000024     msp432p4xx_driverlib.lib : wdt_a.o (.text:WDT_A_holdTimer)
                  00006740    00000024     sysbios.aem4f : BIOS.obj (.text:pthread_attr_init)
                  00006764    00000024     release_pem4f.oem4f (.text:ti_sysbios_BIOS_registerRTSLock__I)
                  00006788    00000024     release_pem4f.oem4f (.text:ti_sysbios_BIOS_removeRTSLock__I)
                  000067ac    00000004     --HOLE-- [fill = 0]
                  000067b0    00000024     sysbios.aem4f : BIOS.obj (.text:ti_sysbios_family_arm_msp432_ClockFreqs_setFrequency__E)
                  000067d4    00000024     release_pem4f.oem4f (.text:ti_sysbios_gates_GateMutex_Object__delete__S)
                  000067f8    00000024     sysbios.aem4f : BIOS.obj (.text:ti_sysbios_knl_Clock_Module_startup__E)
                  0000681c    00000004     --HOLE-- [fill = 0]
                  00006820    00000024                   : BIOS.obj (.text:ti_sysbios_knl_Semaphore_Instance_init__E)
                  00006844    00000024     release_pem4f.oem4f (.text:ti_sysbios_knl_Semaphore_Object__delete__S)
                  00006868    00000024     sysbios.aem4f : BIOS.obj (.text:ti_sysbios_knl_Task_restoreHwi__E)
                  0000688c    00000004     --HOLE-- [fill = 0]
                  00006890    00000024                   : BIOS.obj (.text:xdc_runtime_Error_policyMin__E)
                  000068b4    00000020     msp432p4xx_driverlib.lib : cs.o (.text:CS_setExternalClockSourceFrequency)
                  000068d4    00000020     drivers_msp432p401x.aem4f : PowerMSP432.oem4f (.text:Power_unregisterNotify)
                  000068f4    00000020     rtsv7M4_T_le_v4SPD16_eabi.lib : memchr.c.obj (.text:memchr)
                  00006914    00000020     release_pem4f.oem4f (.text:ti_sysbios_BIOS_rtsLock__I)
                  00006934    00000020     release_pem4f.oem4f (.text:ti_sysbios_family_arm_m3_Hwi_Object__delete__S)
                  00006954    00000020     release_pem4f.oem4f (.text:ti_sysbios_gates_GateHwi_Object__delete__S)
                  00006974    00000020     release_pem4f.oem4f (.text:ti_sysbios_heaps_HeapMem_Object__delete__S)
                  00006994    00000004     --HOLE-- [fill = 0]
                  00006998    00000020     sysbios.aem4f : BIOS.obj (.text:ti_sysbios_knl_Idle_run__E)
                  000069b8    00000020     release_pem4f.oem4f (.text:ti_sysbios_knl_Semaphore_destruct)
                  000069d8    00000020     release_pem4f.oem4f (.text:ti_sysbios_knl_Task_Object__delete__S)
                  000069f8    0000001e     sysbios.aem4f : m3_Hwi_asm_switch.obj (.text:ti_sysbios_family_xxx_Hwi_switchAndRunFunc)
                  00006a16    0000001c     rtsv7M4_T_le_v4SPD16_eabi.lib : memccpy.c.obj (.text:memccpy)
                  00006a32    00000006     --HOLE-- [fill = 0]
                  00006a38    0000001c     sysbios.aem4f : BIOS.obj (.text:ti_sysbios_family_arm_m3_Hwi_excHandler__I)
                  00006a54    00000004     --HOLE-- [fill = 0]
                  00006a58    0000001c                   : BIOS.obj (.text:ti_sysbios_gates_GateMutex_Instance_init__E)
                  00006a74    0000001c     release_pem4f.oem4f (.text:ti_sysbios_knl_Queue_destruct)
                  00006a90    0000001c     sysbios.aem4f : BIOS.obj (.text:ti_sysbios_knl_Queue_put__E)
                  00006aac    00000004     --HOLE-- [fill = 0]
                  00006ab0    0000001c                   : BIOS.obj (.text:ti_sysbios_knl_Task_enter__I)
                  00006acc    00000004     --HOLE-- [fill = 0]
                  00006ad0    0000001c                   : BIOS.obj (.text:ti_sysbios_rts_ti_ReentSupport_getReent__F)
                  00006aec    00000004     --HOLE-- [fill = 0]
                  00006af0    0000001c                   : BIOS.obj (.text:xdc_runtime_Memory_valloc__E)
                  00006b0c    00000004     --HOLE-- [fill = 0]
                  00006b10    0000001c                   : BIOS.obj (.text:xdc_runtime_System_abort__E)
                  00006b2c    0000001a     rtsv7M4_T_le_v4SPD16_eabi.lib : s_copysign.c.obj (.text:copysign)
                  00006b46    0000001a     release_pem4f.oem4f (.text:free)
                  00006b60    00000018     release_pem4f.oem4f (.text:.bootCodeSection:ti_sysbios_family_arm_msp432_init_Boot_init__I)
                  00006b78    00000018     drivers_msp432p401x.aem4f : I2C.oem4f (.text:I2C_transfer)
                  00006b90    00000018     msp432p4xx_driverlib.lib : sysctl_a.o (.text:SysCtl_A_disableNMISource)
                  00006ba8    00000018                              : sysctl_a.o (.text:SysCtl_A_enableNMISource)
                  00006bc0    00000018     rtsv7M4_T_le_v4SPD16_eabi.lib : args_main.c.obj (.text:_args_main)
                  00006bd8    00000018                                   : strcmp.c.obj (.text:strcmp)
                  00006bf0    00000018     release_pem4f.oem4f (.text:ti_sysbios_BIOS_rtsUnlock__I)
                  00006c08    00000018     release_pem4f.oem4f (.text:ti_sysbios_family_arm_m3_Hwi_Module__startupDone__F)
                  00006c20    00000018     sysbios.aem4f : m3_TaskSupport_asm.obj (.text:ti_sysbios_family_arm_m3_TaskSupport_swap__E)
                  00006c38    00000018     release_pem4f.oem4f (.text:ti_sysbios_family_arm_msp432_Timer_Module__startupDone__F)
                  00006c50    00000018     release_pem4f.oem4f (.text:ti_sysbios_gates_GateHwi_Handle__label__S)
                  00006c68    00000018     release_pem4f.oem4f (.text:ti_sysbios_gates_GateMutex_Handle__label__S)
                  00006c80    00000018     sysbios.aem4f : BIOS.obj (.text:ti_sysbios_gates_GateMutex_leave__E)
                  00006c98    00000018     release_pem4f.oem4f (.text:ti_sysbios_heaps_HeapMem_Handle__label__S)
                  00006cb0    00000018     release_pem4f.oem4f (.text:ti_sysbios_rts_ti_ReentSupport_getTlsAddr__I)
                  00006cc8    00000018     sysbios.aem4f : BIOS.obj (.text:xdc_runtime_Error_init__E)
                  00006ce0    00000018                   : BIOS.obj (.text:xdc_runtime_System_exit__E)
                  00006cf8    00000016     rtsv7M4_T_le_v4SPD16_eabi.lib : strchr.c.obj (.text:strchr)
                  00006d0e    00000016     release_pem4f.oem4f (.text:ti_sysbios_BIOS_exitFunc__I)
                  00006d24    00000004     --HOLE-- [fill = 0]
                  00006d28    00000016     sysbios.aem4f : BIOS.obj (.text:ti_sysbios_knl_Task_unblock__E)
                  00006d3e    00000002     --HOLE-- [fill = 0]
                  00006d40    00000014     msp432p4xx_driverlib.lib : pcm.o (.text:PCM_getPowerState)
                  00006d54    00000014     drivers_msp432p401x.aem4f : PowerMSP432.oem4f (.text:Power_idleFunc)
                  00006d68    00000014     sysbios.aem4f : BIOS.obj (.text:pthread_attr_setschedparam)
                  00006d7c    00000014     rtsv7M4_T_le_v4SPD16_eabi.lib : strcpy.c.obj (.text:strcpy)
                  00006d90    00000014                                   : strlen.c.obj (.text:strlen)
                  00006da4    00000014     release_pem4f.oem4f (.text:ti_sysbios_family_arm_m3_Hwi_Object__get__S)
                  00006db8    00000014     sysbios.aem4f : BIOS.obj (.text:ti_sysbios_family_arm_m3_Hwi_switchFromBootStack__E)
                  00006dcc    00000014     release_pem4f.oem4f (.text:ti_sysbios_heaps_HeapMem_Object__get__S)
                  00006de0    00000014     release_pem4f.oem4f (.text:ti_sysbios_knl_Swi_Object__get__S)
                  00006df4    00000014     accel.obj (.text:writeByte)
                  00006e08    00000012     dpl_msp432p401x.aem4f : SemaphoreP_tirtos.oem4f (.text:SemaphoreP_pend)
                  00006e1a    00000006     --HOLE-- [fill = 0]
                  00006e20    00000012     sysbios.aem4f : BIOS.obj (.text:_pthread_cleanup_pop)
                  00006e32    00000006     --HOLE-- [fill = 0]
                  00006e38    00000012                   : BIOS.obj (.text:_pthread_runStub$43)
                  00006e4a    00000006     --HOLE-- [fill = 0]
                  00006e50    00000012                   : BIOS.obj (.text:ti_sysbios_hal_Hwi_Module_startup__E)
                  00006e62    00000012     rtsv7M4_T_le_v4SPD16_eabi.lib : wcslen.c.obj (.text:wcslen)
                  00006e74    00000012     release_pem4f.oem4f (.text:xdc_runtime_Startup_exec__I)
                  00006e86    00000010     dpl_msp432p401x.aem4f : HwiP_tirtos.oem4f (.text:HwiP_Params_init)
                  00006e96    00000002     --HOLE-- [fill = 0]
                  00006e98    00000010     drivers_msp432p401x.aem4f : I2C.oem4f (.text:I2C_Params_init)
                  00006ea8    00000010     msp432p4xx_driverlib.lib : pcm.o (.text:PCM_gotoLPM4)
                  00006eb8    00000010                              : pcm.o (.text:PCM_setPowerMode)
                  00006ec8    00000010                              : pcm.o (.text:PCM_setPowerState)
                  00006ed8    00000010     drivers_msp432p401x.aem4f : PowerMSP432.oem4f (.text:PowerMSP432_getNumPerfLevels)
                  00006ee8    00000010     msp432p4xx_driverlib.lib : sysctl_a.o (.text:SysCtl_A_getNMISourceStatus)
                  00006ef8    00000010                              : sysctl.o (.text:SysCtl_getNMISourceStatus)
                  00006f08    00000010     sysbios.aem4f : BIOS.obj (.text:ti_sysbios_BIOS_exit__E)
                  00006f18    00000010                   : BIOS.obj (.text:ti_sysbios_BIOS_setCpuFreq__E)
                  00006f28    00000010                   : BIOS.obj (.text:ti_sysbios_BIOS_setThreadType__E)
                  00006f38    00000010                   : BIOS.obj (.text:ti_sysbios_BIOS_start__E)
                  00006f48    00000010                   : m3_TaskSupport_asm.obj (.text:ti_sysbios_family_arm_m3_TaskSupport_glue)
                  00006f58    00000010                   : BIOS.obj (.text:ti_sysbios_family_arm_msp432_init_Boot_disableWatchdog)
                  00006f68    00000010                   : BIOS.obj (.text:ti_sysbios_gates_GateMutex_Instance_finalize__E)
                  00006f78    00000010     release_pem4f.oem4f (.text:ti_sysbios_knl_Mailbox_Object__get__S)
                  00006f88    00000010     sysbios.aem4f : BIOS.obj (.text:ti_sysbios_knl_Semaphore_Instance_finalize__E)
                  00006f98    00000010                   : BIOS.obj (.text:ti_sysbios_knl_Swi_disable__E)
                  00006fa8    00000010     release_pem4f.oem4f (.text:ti_sysbios_knl_Task_Object__get__S)
                  00006fb8    00000010     sysbios.aem4f : BIOS.obj (.text:ti_sysbios_knl_Task_disable__E)
                  00006fc8    00000010                   : BIOS.obj (.text:xdc_runtime_Gate_leaveSystem__E)
                  00006fd8    00000010                   : BIOS.obj (.text:xdc_runtime_Memory_free__E)
                  00006fe8    00000010                   : BIOS.obj (.text:xdc_runtime_SysCallback_abort__E)
                  00006ff8    00000010                   : BIOS.obj (.text:xdc_runtime_SysCallback_exit__E)
                  00007008    0000000e     rtsv7M4_T_le_v4SPD16_eabi.lib : copy_decompress_none.c.obj (.text:decompress:none:__TI_decompress_none)
                  00007016    00000002     --HOLE-- [fill = 0]
                  00007018    0000000e     sysbios.aem4f : BIOS.obj (.text:pthread_attr_setdetachstate)
                  00007026    00000002     --HOLE-- [fill = 0]
                  00007028    0000000e                   : BIOS.obj (.text:ti_sysbios_knl_Idle_loop__E)
                  00007036    00000002     --HOLE-- [fill = 0]
                  00007038    0000000e                   : BIOS.obj (.text:ti_sysbios_knl_Queue_empty__E)
                  00007046    0000000c     ti_drivers_config.obj (.text:Board_init)
                  00007052    0000000c     msp432p4xx_driverlib.lib : cpu.o (.text:CPU_cpsid)
                  0000705e    0000000c                              : cpu.o (.text:CPU_cpsie)
                  0000706a    0000000c     dpl_msp432p401x.aem4f : HwiP_tirtos.oem4f (.text:HwiP_delete)
                  00007076    00000002     --HOLE-- [fill = 0]
                  00007078    0000000c     drivers_msp432p401x.aem4f : PowerMSP432.oem4f (.text:Power_getConstraintMask)
                  00007084    0000000c                               : PowerMSP432.oem4f (.text:Power_getPerformanceLevel)
                  00007090    0000000c     dpl_msp432p401x.aem4f : SemaphoreP_tirtos.oem4f (.text:SemaphoreP_delete)
                  0000709c    0000000c     rtsv7M4_T_le_v4SPD16_eabi.lib : _lock.c.obj (.text:_register_lock)
                  000070a8    0000000c                                   : _lock.c.obj (.text:_register_unlock)
                  000070b4    0000000c                                   : copy_zero_init.c.obj (.text:decompress:ZI:__TI_zero_init)
                  000070c0    0000000c     sysbios.aem4f : BIOS.obj (.text:pthread_self)
                  000070cc    0000000c     release_pem4f.oem4f (.text:ti_sysbios_family_arm_m3_Hwi_Params__init__S)
                  000070d8    0000000c     sysbios.aem4f : BIOS.obj (.text:ti_sysbios_family_arm_m3_Hwi_disableFxn__E)
                  000070e4    00000004     --HOLE-- [fill = 0]
                  000070e8    0000000c                   : BIOS.obj (.text:ti_sysbios_family_arm_m3_TaskSupport_getStackAlignment__E)
                  000070f4    00000004     --HOLE-- [fill = 0]
                  000070f8    0000000c                   : BIOS.obj (.text:ti_sysbios_family_arm_msp432_Timer_getMaxTicks__E)
                  00007104    00000004     --HOLE-- [fill = 0]
                  00007108    0000000c                   : BIOS.obj (.text:ti_sysbios_gates_GateHwi_enter__E)
                  00007114    0000000c     release_pem4f.oem4f (.text:ti_sysbios_knl_Queue_Object__get__S)
                  00007120    0000000c     release_pem4f.oem4f (.text:ti_sysbios_knl_Semaphore_Params__init__S)
                  0000712c    0000000c     release_pem4f.oem4f (.text:ti_sysbios_knl_Task_Params__init__S)
                  00007138    0000000c     sysbios.aem4f : BIOS.obj (.text:ti_sysbios_knl_Task_self__E)
                  00007144    00000004     --HOLE-- [fill = 0]
                  00007148    0000000c                   : BIOS.obj (.text:ti_sysbios_rts_ti_ReentSupport_taskRegHook__I)
                  00007154    00000004     --HOLE-- [fill = 0]
                  00007158    0000000c                   : BIOS.obj (.text:xdc_runtime_Gate_enterSystem__E)
                  00007164    00000004     --HOLE-- [fill = 0]
                  00007168    0000000c                   : BIOS.obj (.text:xdc_runtime_Memory_calloc__E)
                  00007174    00000004     --HOLE-- [fill = 0]
                  00007178    0000000c                   : BIOS.obj (.text:xdc_runtime_Startup_rtsDone__E)
                  00007184    0000000a     release_pem4f.oem4f (.text:xdc_runtime_IHeap_alloc)
                  0000718e    0000000a     release_pem4f.oem4f (.text:xdc_runtime_IHeap_free)
                  00007198    00000008     dpl_msp432p401x.aem4f : SemaphoreP_tirtos.oem4f (.text:SemaphoreP_Params_init)
                  000071a0    00000008     drivers_msp432p401x.aem4f : I2CMSP432.oem4f (.text:blockingTransferCallback)
                  000071a8    00000008     sysbios.aem4f : BIOS.obj (.text:pthread_attr_setstacksize)
                  000071b0    00000008                   : BIOS.obj (.text:ti_sysbios_family_arm_m3_Hwi_doSwiRestore__I)
                  000071b8    00000008                   : BIOS.obj (.text:ti_sysbios_family_arm_m3_Hwi_startup__E)
                  000071c0    00000006                   : BIOS.obj (.text:ti_sysbios_family_arm_m3_Hwi_doTaskRestore__I)
                  000071c6    00000002     --HOLE-- [fill = 0]
                  000071c8    00000006                   : BIOS.obj (.text:ti_sysbios_family_arm_m3_Hwi_restoreFxn__E)
                  000071ce    00000002     --HOLE-- [fill = 0]
                  000071d0    00000006                   : BIOS.obj (.text:ti_sysbios_gates_GateHwi_leave__E)
                  000071d6    00000002     --HOLE-- [fill = 0]
                  000071d8    00000006                   : BIOS.obj (.text:ti_sysbios_heaps_HeapMem_isBlocking__E)
                  000071de    00000002     --HOLE-- [fill = 0]
                  000071e0    00000006                   : BIOS.obj (.text:ti_sysbios_knl_Queue_Instance_init__E)
                  000071e6    00000002     --HOLE-- [fill = 0]
                  000071e8    00000006                   : BIOS.obj (.text:ti_sysbios_knl_Swi_startup__E)
                  000071ee    00000002     --HOLE-- [fill = 0]
                  000071f0    00000006                   : BIOS.obj (.text:xdc_runtime_System_Module_startup__E)
                  000071f6    00000002     --HOLE-- [fill = 0]
                  000071f8    00000004                   : BIOS.obj (.text:__aeabi_errno_addr)
                  000071fc    00000004     --HOLE-- [fill = 0]
                  00007200    00000004                   : BIOS.obj (.text:ti_sysbios_gates_GateHwi_query__E)
                  00007204    00000004     --HOLE-- [fill = 0]
                  00007208    00000004                   : BIOS.obj (.text:ti_sysbios_gates_GateMutex_query__E)
                  0000720c    00000004     --HOLE-- [fill = 0]
                  00007210    00000004                   : BIOS.obj (.text:ti_sysbios_knl_Task_startup__E)
                  00007214    00000004     --HOLE-- [fill = 0]
                  00007218    00000002                   : BIOS.obj (.text:ti_sysbios_BIOS_linkedWithIncorrectBootLibrary__E)
                  0000721a    00000006     --HOLE-- [fill = 0]
                  00007220    00000002                   : BIOS.obj (.text:ti_sysbios_gates_GateHwi_Instance_init__E)
                  00007222    00000006     --HOLE-- [fill = 0]
                  00007228    00000002                   : BIOS.obj (.text:ti_sysbios_knl_Clock_logTick__E)
                  0000722a    00000006     --HOLE-- [fill = 0]
                  00007230    00000002                   : BIOS.obj (.text:xdc_runtime_SysCallback_defaultAbort)
                  00007232    00000006     --HOLE-- [fill = 0]
                  00007238    00000002                   : BIOS.obj (.text:xdc_runtime_SysCallback_defaultExit)
                  0000723a    00000006     --HOLE-- [fill = 0]
                  00007240    00000002                   : BIOS.obj (.text:xdc_runtime_System_abortSpin__E)
                  00007242    00000006     --HOLE-- [fill = 0]
                  00007248    00000002                   : BIOS.obj (.text:xdc_runtime_System_exitSpin__E)

.const     0    0000724c    0000058e     
                  0000724c    00000101     rtsv7M4_T_le_v4SPD16_eabi.lib : ctype.c.obj (.const:.string:_ctypes_)
                  0000734d    00000003     ti_drivers_config.obj (.const)
                  00007350    00000048     release_pem4f.oem4f (.const:.string)
                  00007398    0000003c     release_pem4f.oem4f (.const:ti_sysbios_knl_Task_Object__PARAMS__C)
                  000073d4    00000038     ti_drivers_config.obj (.const:PowerMSP432_config)
                  0000740c    00000030     release_pem4f.oem4f (.const:ti_sysbios_family_arm_m3_Hwi_Object__PARAMS__C)
                  0000743c    00000028     release_pem4f.oem4f (.const:ti_sysbios_heaps_HeapMem_Module__FXNS__C)
                  00007464    00000024     release_pem4f.oem4f (.const:ti_sysbios_gates_GateHwi_Module__FXNS__C)
                  00007488    00000024     release_pem4f.oem4f (.const:ti_sysbios_gates_GateMutex_Module__FXNS__C)
                  000074ac    00000024     release_pem4f.oem4f (.const:ti_sysbios_heaps_HeapMem_Object__PARAMS__C)
                  000074d0    00000024     release_pem4f.oem4f (.const:ti_sysbios_knl_Semaphore_Object__PARAMS__C)
                  000074f4    00000024     release_pem4f.oem4f (.const:xdc_runtime_Startup_sfxnTab__A)
                  00007518    00000020     release_pem4f.oem4f (.const:ti_sysbios_family_arm_m3_Hwi_Object__DESC__C)
                  00007538    00000020     release_pem4f.oem4f (.const:ti_sysbios_gates_GateHwi_Object__DESC__C)
                  00007558    00000020     release_pem4f.oem4f (.const:ti_sysbios_gates_GateMutex_Object__DESC__C)
                  00007578    00000020     release_pem4f.oem4f (.const:ti_sysbios_heaps_HeapMem_Object__DESC__C)
                  00007598    00000020     release_pem4f.oem4f (.const:ti_sysbios_knl_Queue_Object__DESC__C)
                  000075b8    00000020     release_pem4f.oem4f (.const:ti_sysbios_knl_Semaphore_Object__DESC__C)
                  000075d8    00000020     release_pem4f.oem4f (.const:ti_sysbios_knl_Task_Object__DESC__C)
                  000075f8    00000018     drivers_msp432p401x.aem4f : I2CMSP432.oem4f (.const:I2CMSP432_fxnTable)
                  00007610    00000018     release_pem4f.oem4f (.const:ti_sysbios_gates_GateHwi_Object__PARAMS__C)
                  00007628    00000018     release_pem4f.oem4f (.const:ti_sysbios_gates_GateMutex_Object__PARAMS__C)
                  00007640    00000018     release_pem4f.oem4f (.const:ti_sysbios_knl_Queue_Object__PARAMS__C)
                  00007658    00000018     release_pem4f.oem4f (.const:ti_sysbios_knl_Task_hooks__A)
                  00007670    00000014     ti_drivers_config.obj (.const:i2cMSP432HWAttrs)
                  00007684    00000012     release_pem4f.oem4f (.const:xdc_runtime_Startup_sfxnRts__A)
                  00007696    00000002     release_pem4f.oem4f (.const:ti_sysbios_family_arm_m3_Hwi_Module__id__C)
                  00007698    00000010     drivers_msp432p401x.aem4f : I2C.oem4f (.const:I2C_defaultParams)
                  000076a8    0000000c     ti_drivers_config.obj (.const:I2C_config)
                  000076b4    0000000c     drivers_msp432p401x.aem4f : I2CMSP432.oem4f (.const:bitRates)
                  000076c0    0000000c     release_pem4f.oem4f (.const:xdc_runtime_Startup_firstFxns__A)
                  000076cc    00000008     release_pem4f.oem4f (.const:ti_sysbios_knl_Idle_funcList__A)
                  000076d4    00000008     release_pem4f.oem4f (.const:ti_sysbios_knl_Idle_funcList__C)
                  000076dc    00000008     release_pem4f.oem4f (.const:ti_sysbios_knl_Task_hooks__C)
                  000076e4    00000008     release_pem4f.oem4f (.const:xdc_runtime_Startup_firstFxns__C)
                  000076ec    00000008     release_pem4f.oem4f (.const:xdc_runtime_Startup_lastFxns__C)
                  000076f4    00000004     release_pem4f.oem4f (.const:ti_sysbios_family_arm_m3_Hwi_E_alreadyDefined__C)
                  000076f8    00000004     release_pem4f.oem4f (.const:ti_sysbios_family_arm_m3_Hwi_E_badIntNum__C)
                  000076fc    00000004     release_pem4f.oem4f (.const:ti_sysbios_family_arm_m3_Hwi_NUM_INTERRUPTS__C)
                  00007700    00000004     release_pem4f.oem4f (.const:ti_sysbios_family_arm_m3_Hwi_Object__count__C)
                  00007704    00000004     release_pem4f.oem4f (.const:ti_sysbios_family_arm_m3_Hwi_ccr__C)
                  00007708    00000004     release_pem4f.oem4f (.const:ti_sysbios_family_arm_m3_Hwi_excHandlerFunc__C)
                  0000770c    00000004     release_pem4f.oem4f (.const:ti_sysbios_family_arm_m3_Hwi_nullIsrFunc__C)
                  00007710    00000004     release_pem4f.oem4f (.const:ti_sysbios_family_arm_m3_Hwi_priGroup__C)
                  00007714    00000004     release_pem4f.oem4f (.const:ti_sysbios_family_arm_m3_Hwi_swiDisable__C)
                  00007718    00000004     release_pem4f.oem4f (.const:ti_sysbios_family_arm_m3_Hwi_swiRestore__C)
                  0000771c    00000004     release_pem4f.oem4f (.const:ti_sysbios_family_arm_m3_TaskSupport_stackAlignment__C)
                  00007720    00000004     release_pem4f.oem4f (.const:ti_sysbios_family_arm_msp432_Timer_numTimerDevices__C)
                  00007724    00000004     release_pem4f.oem4f (.const:ti_sysbios_family_arm_msp432_Timer_startupNeeded__C)
                  00007728    00000004     release_pem4f.oem4f (.const:ti_sysbios_gates_GateMutex_Instance_State_sem__O)
                  0000772c    00000004     release_pem4f.oem4f (.const:ti_sysbios_heaps_HeapMem_E_memory__C)
                  00007730    00000004     release_pem4f.oem4f (.const:ti_sysbios_heaps_HeapMem_Module__gateObj__C)
                  00007734    00000004     release_pem4f.oem4f (.const:ti_sysbios_heaps_HeapMem_Object__count__C)
                  00007738    00000004     release_pem4f.oem4f (.const:ti_sysbios_heaps_HeapMem_primaryHeapBaseAddr__C)
                  0000773c    00000004     release_pem4f.oem4f (.const:ti_sysbios_heaps_HeapMem_primaryHeapEndAddr__C)
                  00007740    00000004     release_pem4f.oem4f (.const:ti_sysbios_heaps_HeapMem_reqAlign__C)
                  00007744    00000004     release_pem4f.oem4f (.const:ti_sysbios_knl_Clock_Module_State_clockQ__O)
                  00007748    00000004     release_pem4f.oem4f (.const:ti_sysbios_knl_Mailbox_Instance_State_freeQue__O)
                  0000774c    00000004     release_pem4f.oem4f (.const:ti_sysbios_knl_Mailbox_Object__count__C)
                  00007750    00000004     release_pem4f.oem4f (.const:ti_sysbios_knl_Mailbox_maxTypeAlign__C)
                  00007754    00000004     release_pem4f.oem4f (.const:ti_sysbios_knl_Semaphore_Instance_State_pendQ__O)
                  00007758    00000004     release_pem4f.oem4f (.const:ti_sysbios_knl_Swi_Object__count__C)
                  0000775c    00000004     release_pem4f.oem4f (.const:ti_sysbios_knl_Task_Module_State_inactiveQ__O)
                  00007760    00000004     release_pem4f.oem4f (.const:ti_sysbios_knl_Task_Object__count__C)
                  00007764    00000004     release_pem4f.oem4f (.const:ti_sysbios_knl_Task_Object__heap__C)
                  00007768    00000004     release_pem4f.oem4f (.const:ti_sysbios_knl_Task_allBlockedFunc__C)
                  0000776c    00000004     release_pem4f.oem4f (.const:ti_sysbios_knl_Task_defaultStackHeap__C)
                  00007770    00000004     release_pem4f.oem4f (.const:ti_sysbios_knl_Task_defaultStackSize__C)
                  00007774    00000004     release_pem4f.oem4f (.const:ti_sysbios_knl_Task_numConstructedTasks__C)
                  00007778    00000004     release_pem4f.oem4f (.const:xdc_runtime_Error_E_memory__C)
                  0000777c    00000004     release_pem4f.oem4f (.const:xdc_runtime_Error_policyFxn__C)
                  00007780    00000004     release_pem4f.oem4f (.const:xdc_runtime_IGateProvider_Interface__BASE__C)
                  00007784    00000004     release_pem4f.oem4f (.const:xdc_runtime_IHeap_Interface__BASE__C)
                  00007788    00000004     release_pem4f.oem4f (.const:xdc_runtime_IModule_Interface__BASE__C)
                  0000778c    00000004     release_pem4f.oem4f (.const:xdc_runtime_Memory_defaultHeapInstance__C)
                  00007790    00000004     release_pem4f.oem4f (.const:xdc_runtime_Startup_execImpl__C)
                  00007794    00000004     release_pem4f.oem4f (.const:xdc_runtime_Startup_maxPasses__C)
                  00007798    00000004     release_pem4f.oem4f (.const:xdc_runtime_Startup_sfxnRts__C)
                  0000779c    00000004     release_pem4f.oem4f (.const:xdc_runtime_Startup_sfxnTab__C)
                  000077a0    00000004     release_pem4f.oem4f (.const:xdc_runtime_SysCallback_abortFxn__C)
                  000077a4    00000004     release_pem4f.oem4f (.const:xdc_runtime_SysCallback_exitFxn__C)
                  000077a8    00000004     release_pem4f.oem4f (.const:xdc_runtime_System_Module__gateObj__C)
                  000077ac    00000004     release_pem4f.oem4f (.const:xdc_runtime_System_abortFxn__C)
                  000077b0    00000004     release_pem4f.oem4f (.const:xdc_runtime_System_exitFxn__C)
                  000077b4    00000004     release_pem4f.oem4f (.const:xdc_runtime_System_maxAtexitHandlers__C)
                  000077b8    00000004     release_pem4f.oem4f (.const:xdc_runtime_Text_charTab__C)
                  000077bc    00000004     release_pem4f.oem4f (.const:xdc_runtime_Text_nameEmpty__C)
                  000077c0    00000004     release_pem4f.oem4f (.const:xdc_runtime_Text_nameStatic__C)
                  000077c4    00000004     release_pem4f.oem4f (.const:xdc_runtime_Text_nameUnknown__C)
                  000077c8    00000002     release_pem4f.oem4f (.const:ti_sysbios_family_arm_msp432_init_Boot_bypassHFXT__C)
                  000077ca    00000002     release_pem4f.oem4f (.const:ti_sysbios_family_arm_msp432_init_Boot_bypassLFXT__C)
                  000077cc    00000002     release_pem4f.oem4f (.const:ti_sysbios_family_arm_msp432_init_Boot_enableHFXT__C)
                  000077ce    00000002     release_pem4f.oem4f (.const:ti_sysbios_family_arm_msp432_init_Boot_enableLFXT__C)
                  000077d0    00000002     release_pem4f.oem4f (.const:ti_sysbios_heaps_HeapMem_Module__id__C)
                  000077d2    00000002     release_pem4f.oem4f (.const:xdc_runtime_Memory_Module__id__C)
                  000077d4    00000002     release_pem4f.oem4f (.const:xdc_runtime_Text_charCnt__C)
                  000077d6    00000002     release_pem4f.oem4f (.const:xdc_runtime_Text_isLoaded__C)
                  000077d8    00000001     release_pem4f.oem4f (.const:xdc_runtime_Error_policy__C)
                  000077d9    00000001     release_pem4f.oem4f (.const:xdc_runtime_Text_charTab__A)

.cinit     0    000077e0    00000280     
                  000077e0    0000025b     (.cinit..data.load) [load image, compression = lzss]
                  00007a3b    00000001     --HOLE-- [fill = 0]
                  00007a3c    0000000c     (__TI_handler_table)
                  00007a48    00000008     (.cinit..bss.load) [load image, compression = zero_init]
                  00007a50    00000010     (__TI_cinit_table)

.init_array 
*          0    00000000    00000000     UNINITIALIZED

.data      0    20008140    000007d0     UNINITIALIZED
                  20008140    00000140     drivers_msp432p401x.aem4f : PowerMSP432.oem4f (.data:PowerMSP432_perfLevels)
                  20008280    000000f0     rtsv7M4_T_le_v4SPD16_eabi.lib : defs.c.obj (.data:_ftable)
                  20008370    00000088     sysbios.aem4f : BIOS.obj (.data:$O1$$)
                  200083f8    00000080     release_pem4f.oem4f (.data:ti_sysbios_knl_Swi_Module_State_0_readyQ__A)
                  20008478    00000080     release_pem4f.oem4f (.data:ti_sysbios_knl_Task_Module_State_0_readyQ__A)
                  200084f8    00000078     rtsv7M4_T_le_v4SPD16_eabi.lib : host_device.c.obj (.data:_device)
                  20008570    00000054     release_pem4f.oem4f (.data:ti_sysbios_gates_GateMutex_Object__table__V)
                  200085c4    00000050     rtsv7M4_T_le_v4SPD16_eabi.lib : host_device.c.obj (.data:_stream)
                  20008614    0000004c     release_pem4f.oem4f (.data:ti_sysbios_knl_Task_Object__table__V)
                  20008660    00000044     release_pem4f.oem4f (.data:ti_sysbios_family_arm_msp432_Timer_Object__table__V)
                  200086a4    00000044     release_pem4f.oem4f (.data:ti_sysbios_knl_Task_Module__state__V)
                  200086e8    00000034     release_pem4f.oem4f (.data:ti_sysbios_family_arm_m3_Hwi_Module__state__V)
                  2000871c    00000030     release_pem4f.oem4f (.data:ti_sysbios_knl_Swi_Object__table__V)
                  2000874c    0000002c     drivers_msp432p401x.aem4f : PowerMSP432.oem4f (.data:PowerMSP432_module)
                  20008778    0000002c     release_pem4f.oem4f (.data:ti_sysbios_knl_Clock_Module__state__V)
                  200087a4    00000024     release_pem4f.oem4f (.data:ti_sysbios_BIOS_Module__state__V)
                  200087c8    00000020     release_pem4f.oem4f (.data:ti_sysbios_family_arm_msp432_Timer_Module_State_0_device__A)
                  200087e8    00000020     release_pem4f.oem4f (.data:xdc_runtime_Error_IgnoreBlock)
                  20008808    0000001c     release_pem4f.oem4f (.data:ti_sysbios_knl_Swi_Module__state__V)
                  20008824    00000018     release_pem4f.oem4f (.data:ti_sysbios_family_arm_m3_Hwi_Object__table__V)
                  2000883c    00000018     release_pem4f.oem4f (.data:ti_sysbios_heaps_HeapMem_Object__table__V)
                  20008854    00000010     rtsv7M4_T_le_v4SPD16_eabi.lib : defs.c.obj (.data)
                  20008864    00000010     release_pem4f.oem4f (.data:ti_sysbios_family_arm_msp432_Timer_Module_State_0_handles__A)
                  20008874    0000000c     rtsv7M4_T_le_v4SPD16_eabi.lib : exit.c.obj (.data:$O1$$)
                  20008880    0000000c     release_pem4f.oem4f (.data:ti_sysbios_family_arm_msp432_ClockFreqs_Module__state__V)
                  2000888c    0000000c     release_pem4f.oem4f (.data:ti_sysbios_family_arm_msp432_Timer_Module__state__V)
                  20008898    00000008     rtsv7M4_T_le_v4SPD16_eabi.lib : _lock.c.obj (.data:$O1$$)
                  200088a0    00000008     release_pem4f.oem4f (.data:ti_sysbios_family_arm_m3_Hwi_Module__root__V)
                  200088a8    00000008     release_pem4f.oem4f (.data:ti_sysbios_gates_GateHwi_Module__root__V)
                  200088b0    00000008     release_pem4f.oem4f (.data:ti_sysbios_gates_GateMutex_Module__root__V)
                  200088b8    00000008     release_pem4f.oem4f (.data:ti_sysbios_heaps_HeapMem_Module__root__V)
                  200088c0    00000008     release_pem4f.oem4f (.data:ti_sysbios_knl_Queue_Module__root__V)
                  200088c8    00000008     release_pem4f.oem4f (.data:ti_sysbios_knl_Semaphore_Module__root__V)
                  200088d0    00000008     release_pem4f.oem4f (.data:ti_sysbios_knl_Task_Module__root__V)
                  200088d8    00000008     release_pem4f.oem4f (.data:xdc_runtime_Startup_Module__state__V)
                  200088e0    00000008     release_pem4f.oem4f (.data:xdc_runtime_System_Module_State_0_atexitHandlers__A)
                  200088e8    00000008     release_pem4f.oem4f (.data:xdc_runtime_System_Module__state__V)
                  200088f0    00000004     rtsv7M4_T_le_v4SPD16_eabi.lib : stkdepth_vars.c.obj (.data)
                  200088f4    00000004     release_pem4f.oem4f (.data:ti_sysbios_family_arm_m3_Hwi_Module_State_0_excContext__A)
                  200088f8    00000004     release_pem4f.oem4f (.data:ti_sysbios_family_arm_m3_Hwi_Module_State_0_excStack__A)
                  200088fc    00000004     release_pem4f.oem4f (.data:ti_sysbios_gates_GateHwi_Object__table__V)
                  20008900    00000004     release_pem4f.oem4f (.data:ti_sysbios_knl_Task_Module_State_0_idleTask__A)
                  20008904    00000004     release_pem4f.oem4f (.data:ti_sysbios_rts_ti_ReentSupport_Module__state__V)
                  20008908    00000004     release_pem4f.oem4f (.data:xdc_runtime_Memory_Module__state__V)
                  2000890c    00000002     release_pem4f.oem4f (.data:ti_sysbios_family_arm_m3_Hwi_Module_State_0_excActive__A)
                  2000890e    00000001     I2C.obj (.data)
                  2000890f    00000001     drivers_msp432p401x.aem4f : I2C.oem4f (.data)

.bss       0    20008910    000005b4     UNINITIALIZED
                  20008910    00000200     release_pem4f.oem4f (.bss:taskStackSection)
                  20008b10    00000140     (.common:ti_sysbios_family_arm_m3_Hwi_dispatchTable)
                  20008c50    00000120     rtsv7M4_T_le_v4SPD16_eabi.lib : trgmsg.c.obj (.bss:_CIOBUF_)
                  20008d70    000000a0     (.common:__TI_tmpnams)
                  20008e10    00000050     (.common:i2cMSP432Objects)
                  20008e60    0000001c     (.common:i2cTransaction)
                  20008e7c    00000010     (.common:i2cParams)
                  20008e8c    0000000c     (.common:rxBuffer)
                  20008e98    0000000c     (.common:txBuffer)
                  20008ea4    00000008     accel.obj (.bss:accelData$1)
                  20008eac    00000008     msp432p4xx_driverlib.lib : cs.o (.bss)
                  20008eb4    00000008     (.common:parmbuf)
                  20008ebc    00000004     (.common:i2c)
                  20008ec0    00000004     (.common:ti_sysbios_knl_Task_Instance_State_0_hookEnv__A)

.priheap   0    20000140    00008000     UNINITIALIZED
                  20000140    00008000     --HOLE--

.stack     0    2000fc00    00000400     UNINITIALIZED
                  2000fc00    00000400     --HOLE--

.bootVecs 
*          0    00000000    00000008     DSECT
                  00000000    00000008     boot.aem4f : boot.oem4f (.bootVecs)

.resetVecs 
*          0    00000000    0000003c     
                  00000000    0000003c     release_pem4f.oem4f (.resetVecs)

.vecs      0    20000000    00000140     NOLOAD SECTION
                  20000000    00000140     release_pem4f.oem4f (.vecs)

xdc.meta   0    00000000    000000fd     COPY SECTION
                  00000000    000000fd     release_pem4f.oem4f (xdc.meta)

xdc.noload 
*          0    00000000    00000000     COPY SECTION

.binit     0    00000000    00000000     

MODULE SUMMARY

       Module                       code    ro data   rw data
       ------                       ----    -------   -------
    .\
       masterThread.obj             420     0         32     
       I2C.obj                      224     0         106    
       accel.obj                    136     0         24     
       main_tirtos.obj              100     0         0      
    +--+----------------------------+-------+---------+---------+
       Total:                       880     0         162    
                                                             
    .\syscfg\
       ti_drivers_config.obj        14      91        160    
    +--+----------------------------+-------+---------+---------+
       Total:                       14      91        160    
                                                             
    C:\Users\hafiz\workspace_v9\tirtos_builds_MSP_EXP432P401R_release_ccs\Debug\configPkg\package\cfg\
       release_pem4f.oem4f          1466    1082      4348   
    +--+----------------------------+-------+---------+---------+
       Total:                       1466    1082      4348   
                                                             
    C:/ti/simplelink_msp432p4_sdk_3_30_00_13/kernel/tirtos/packages/ti/dpl/lib/dpl_msp432p401x.aem4f
       PowerMSP432_tirtos.oem4f     122     0         0      
       SemaphoreP_tirtos.oem4f      102     0         0      
       HwiP_tirtos.oem4f            96      0         0      
    +--+----------------------------+-------+---------+---------+
       Total:                       320     0         0      
                                                             
    C:/ti/simplelink_msp432p4_sdk_3_30_00_13/source/ti/devices/msp432p4xx/driverlib/ccs/msp432p4xx_driverlib.lib
       pcm.o                        1770    0         0      
       cs.o                         704     0         16     
       i2c.o                        108     0         0      
       sysctl_a.o                   64      0         0      
       rtc_c.o                      44      0         0      
       wdt_a.o                      36      0         0      
       cpu.o                        28      0         0      
       sysctl.o                     16      0         0      
    +--+----------------------------+-------+---------+---------+
       Total:                       2770    0         16     
                                                             
    C:/ti/simplelink_msp432p4_sdk_3_30_00_13/source/ti/drivers/lib/drivers_msp432p401x.aem4f
       PowerMSP432.oem4f            2196    0         728    
       I2CMSP432.oem4f              2028    36        0      
       I2C.oem4f                    172     16        2      
       List.oem4f                   76      0         0      
    +--+----------------------------+-------+---------+---------+
       Total:                       4472    52        730    
                                                             
    C:\Users\hafiz\workspace_v9\tirtos_builds_MSP_EXP432P401R_release_ccs\src\sysbios\sysbios.aem4f
       BIOS.obj                     8198    0         272    
       m3_Hwi_asm.obj               318     0         0      
       m3_TaskSupport_asm.obj       180     0         0      
       m3_Hwi_asm_switch.obj        118     0         0      
    +--+----------------------------+-------+---------+---------+
       Total:                       8814    0         272    
                                                             
    C:\ti\ccs\tools\compiler\ti-cgt-arm_18.12.2.LTS\lib\rtsv7M4_T_le_v4SPD16_eabi.lib
       _printfi.c.obj               4851    0         0      
       defs.c.obj                   0       0         832    
       trgmsg.c.obj                 108     0         576    
       fd_add_t2.asm.obj            438     0         0      
       host_device.c.obj            0       0         400    
       fd_div_t2.asm.obj            310     0         0      
       fputs.c.obj                  276     0         0      
       s_scalbn.c.obj               272     0         0      
       fd_cmp_t2.asm.obj            268     0         0      
       ctype.c.obj                  0       257       0      
       fd_mul_t2.asm.obj            252     0         0      
       setvbuf.c.obj                220     0         0      
       memcpy_t2.asm.obj            156     0         0      
       ull_div_t2.asm.obj           150     0         0      
       fputc.c.obj                  140     0         0      
       memset_t2.asm.obj            122     0         0      
       fclose.c.obj                 116     0         0      
       getdevice.c.obj              116     0         0      
       hostopen.c.obj               96      0         16     
       printf.c.obj                 112     0         0      
       copy_decompress_lzss.c.obj   104     0         0      
       hostlseek.c.obj              104     0         0      
       hostrename.c.obj             104     0         0      
       fseek.c.obj                  100     0         0      
       s_frexp.c.obj                100     0         0      
       _io_perm.c.obj               98      0         0      
       close.c.obj                  92      0         0      
       hostread.c.obj               88      0         0      
       hostwrite.c.obj              88      0         0      
       ltoa.c.obj                   84      0         0      
       atoi.c.obj                   76      0         0      
       cpy_tbl.c.obj                76      0         0      
       fflush.c.obj                 76      0         0      
       fd_toi_t2.asm.obj            72      0         0      
       hostclose.c.obj              68      0         0      
       hostunlink.c.obj             68      0         0      
       strncpy.c.obj                54      0         0      
       fopen.c.obj                  52      0         0      
       i_tofd_t2.asm.obj            46      0         0      
       unlink.c.obj                 44      0         0      
       _lock.c.obj                  26      0         16     
       lseek.c.obj                  40      0         0      
       write.c.obj                  40      0         0      
       memchr.c.obj                 32      0         0      
       memccpy.c.obj                28      0         0      
       s_copysign.c.obj             26      0         0      
       args_main.c.obj              24      0         0      
       exit.c.obj                   0       0         24     
       strcmp.c.obj                 24      0         0      
       strchr.c.obj                 22      0         0      
       strcpy.c.obj                 20      0         0      
       strlen.c.obj                 20      0         0      
       wcslen.c.obj                 18      0         0      
       copy_decompress_none.c.obj   14      0         0      
       copy_zero_init.c.obj         12      0         0      
       stkdepth_vars.c.obj          0       0         8      
       div0.asm.obj                 2       0         0      
    +--+----------------------------+-------+---------+---------+
       Total:                       9945    257       1872   
                                                             
    C:\ti\simplelink_msp432p4_sdk_3_30_00_13\kernel\tirtos\packages\ti\targets\arm\rtsarm\lib\auto_init.aem4f
       auto_init.oem4f              160     0         0      
    +--+----------------------------+-------+---------+---------+
       Total:                       160     0         0      
                                                             
    C:\ti\simplelink_msp432p4_sdk_3_30_00_13\kernel\tirtos\packages\ti\targets\arm\rtsarm\lib\boot.aem4f
       boot.oem4f                   88      0         0      
    +--+----------------------------+-------+---------+---------+
       Total:                       88      0         0      
                                                             
       Stack:                       0       0         2048   
       Linker Generated:            0       639       0      
    +--+----------------------------+-------+---------+---------+
       Grand Total:                 28929   2121      9608   


LINKER GENERATED COPY TABLES

__TI_cinit_table @ 00007a50 records: 2, size/record: 8, table size: 16
	.data: load addr=000077e0, load size=0000025b bytes, run addr=20008140, run size=000007d0 bytes, compression=lzss
	.bss: load addr=00007a48, load size=00000008 bytes, run addr=20008910, run size=000005b4 bytes, compression=zero_init


LINKER GENERATED HANDLER TABLE

__TI_handler_table @ 00007a3c records: 3, size/record: 4, table size: 12
	index: 0, handler: __TI_decompress_lzss
	index: 1, handler: __TI_decompress_none
	index: 2, handler: __TI_zero_init


GLOBAL SYMBOLS: SORTED ALPHABETICALLY BY Name 

address   name                                                            
-------   ----                                                            
00007047  Board_init                                                      
00000a8f  Board_initHook                                                  
00005f1b  C$$IO$$                                                         
00007053  CPU_cpsid                                                       
0000705f  CPU_cpsie                                                       
000027d5  CPU_wfi                                                         
000068b5  CS_setExternalClockSourceFrequency                              
00002fb1  CS_startHFXTWithTimeout                                         
0000317d  CS_startLFXTWithTimeout                                         
0000734d  Display_count                                                   
00008000  HEAPSIZE                                                        
00005a51  HOSTclose                                                       
00004805  HOSTlseek                                                       
00004d41  HOSTopen                                                        
00005099  HOSTread                                                        
0000486d  HOSTrename                                                      
00005a95  HOSTunlink                                                      
000050f1  HOSTwrite                                                       
00006e87  HwiP_Params_init                                                
00005c35  HwiP_create                                                     
0000706b  HwiP_delete                                                     
00003095  HwiP_disable                                                    
000071c9  HwiP_restore                                                    
00003653  I2CMSP432_cancel                                                
0000440b  I2CMSP432_close                                                 
00002133  I2CMSP432_control                                               
000075f8  I2CMSP432_fxnTable                                              
00001a8b  I2CMSP432_hwiIntFxn                                             
00001013  I2CMSP432_init                                                  
0000150d  I2CMSP432_open                                                  
00002ce1  I2CMSP432_transfer                                              
00006e99  I2C_Params_init                                                 
000076a8  I2C_config                                                      
0000734e  I2C_count                                                       
00007698  I2C_defaultParams                                               
00005ad9  I2C_init                                                        
000046c1  I2C_masterSendMultiByteFinish                                   
00005c75  I2C_open                                                        
00006b79  I2C_transfer                                                    
000066a9  List_put                                                        
000066cf  List_remove                                                     
00004e61  PCM_getCoreVoltageLevel                                         
0000503d  PCM_getPowerMode                                                
00006d41  PCM_getPowerState                                               
00006541  PCM_gotoLPM0                                                    
000040f9  PCM_gotoLPM3                                                    
00006ea9  PCM_gotoLPM4                                                    
00006eb9  PCM_setPowerMode                                                
00006ec9  PCM_setPowerState                                               
000052a5  PCM_shutdownDevice                                              
000073d4  PowerMSP432_config                                              
000048d5  PowerMSP432_getFreqs                                            
00006ed9  PowerMSP432_getNumPerfLevels                                    
00001c0f  PowerMSP432_initPolicy                                          
2000874c  PowerMSP432_module                                              
20008140  PowerMSP432_perfLevels                                          
00005591  PowerMSP432_sleepPolicy                                         
00006405  PowerMSP432_updateFreqs                                         
00007079  Power_getConstraintMask                                         
00007085  Power_getPerformanceLevel                                       
00006d55  Power_idleFunc                                                  
00003995  Power_init                                                      
00006569  Power_registerNotify                                            
0000589d  Power_releaseConstraint                                         
00005eb5  Power_setConstraint                                             
00000a91  Power_sleep                                                     
000068d5  Power_unregisterNotify                                          
00006431  RTC_C_holdClock                                                 
UNDEFED   SHT$$INIT_ARRAY$$Base                                           
UNDEFED   SHT$$INIT_ARRAY$$Limit                                          
00007199  SemaphoreP_Params_init                                          
00005db9  SemaphoreP_create                                               
00007091  SemaphoreP_delete                                               
00006e09  SemaphoreP_pend                                                 
00003415  SemaphoreP_post                                                 
00006b91  SysCtl_A_disableNMISource                                       
00006ba9  SysCtl_A_enableNMISource                                        
00006ee9  SysCtl_A_getNMISourceStatus                                     
00006ef9  SysCtl_getNMISourceStatus                                       
0000734f  UART_count                                                      
4000480c  WDTCTL_SYM                                                      
0000671d  WDT_A_holdTimer                                                 
00000000  __ASM__                                                         
20008c50  __CIOBUF_                                                       
0000007e  __ISA__                                                         
00000091  __PLAT__                                                        
20010000  __STACK_END                                                     
00000400  __STACK_SIZE                                                    
000000b4  __TARG__                                                        
00007a50  __TI_CINIT_Base                                                 
00007a60  __TI_CINIT_Limit                                                
00007a3c  __TI_Handler_Table_Base                                         
00007a48  __TI_Handler_Table_Limit                                        
000038f5  __TI_auto_init                                                  
00005fd1  __TI_cleanup                                                    
[...]
00006ee9  SysCtl_A_getNMISourceStatus                                     
00006ef9  SysCtl_getNMISourceStatus                                       
00006f09  ti_sysbios_BIOS_exit__E                                         
00006f19  ti_sysbios_BIOS_setCpuFreq__E                                   
00006f29  ti_sysbios_BIOS_setThreadType__E                                
00006f39  ti_sysbios_BIOS_start__E                                        
00006f49  ti_sysbios_family_arm_m3_TaskSupport_glue                       
00006f59  ti_sysbios_family_arm_msp432_init_Boot_disableWatchdog          
00006f69  ti_sysbios_gates_GateMutex_Instance_finalize__E                 
00006f79  ti_sysbios_knl_Mailbox_Object__get__S                           
00006f89  ti_sysbios_knl_Semaphore_Instance_finalize__E                   
00006f99  ti_sysbios_knl_Swi_disable__E                                   
00006fa9  ti_sysbios_knl_Task_Object__get__S                              
00006fb9  ti_sysbios_knl_Task_disable__E                                  
00006fc9  xdc_runtime_Gate_leaveSystem__E                                 
00006fd9  xdc_runtime_Memory_free__E                                      
00006fe9  xdc_runtime_SysCallback_abort__E                                
00006fe9  xdc_runtime_System_SupportProxy_abort__E                        
00006ff9  xdc_runtime_SysCallback_exit__E                                 
00006ff9  xdc_runtime_System_SupportProxy_exit__E                         
00007009  __TI_decompress_none                                            
00007019  pthread_attr_setdetachstate                                     
00007029  ti_sysbios_knl_Idle_loop__E                                     
00007039  ti_sysbios_knl_Queue_empty__E                                   
00007047  Board_init                                                      
00007053  CPU_cpsid                                                       
0000705f  CPU_cpsie                                                       
0000706b  HwiP_delete                                                     
00007079  Power_getConstraintMask                                         
00007085  Power_getPerformanceLevel                                       
00007091  SemaphoreP_delete                                               
0000709d  _register_lock                                                  
000070a9  _register_unlock                                                
000070b5  __TI_zero_init                                                  
000070c1  pthread_self                                                    
000070cd  ti_sysbios_family_arm_m3_Hwi_Params__init__S                    
000070cd  ti_sysbios_hal_Hwi_HwiProxy_Params__init__S                     
000070d9  ti_sysbios_family_arm_m3_Hwi_disableFxn__E                      
000070d9  ti_sysbios_hal_Hwi_HwiProxy_disable__E                          
000070e9  ti_sysbios_family_arm_m3_TaskSupport_getStackAlignment__E       
000070e9  ti_sysbios_knl_Task_SupportProxy_getStackAlignment__E           
000070f9  ti_sysbios_family_arm_msp432_Timer_getMaxTicks__E               
00007109  ti_sysbios_gates_GateHwi_enter__E                               
00007115  ti_sysbios_knl_Queue_Object__get__S                             
00007121  ti_sysbios_knl_Semaphore_Params__init__S                        
0000712d  ti_sysbios_knl_Task_Params__init__S                             
00007139  ti_sysbios_knl_Task_self__E                                     
00007149  ti_sysbios_rts_ti_ReentSupport_taskRegHook__I                   
00007159  xdc_runtime_Gate_enterSystem__E                                 
00007169  xdc_runtime_Memory_calloc__E                                    
00007179  xdc_runtime_Startup_rtsDone__E                                  
00007185  xdc_runtime_Memory_HeapProxy_alloc__E                           
0000718f  xdc_runtime_Memory_HeapProxy_free__E                            
00007199  SemaphoreP_Params_init                                          
000071a9  pthread_attr_setstacksize                                       
000071b1  ti_sysbios_family_arm_m3_Hwi_doSwiRestore__I                    
000071b9  ti_sysbios_family_arm_m3_Hwi_startup__E                         
000071b9  ti_sysbios_hal_Hwi_HwiProxy_startup__E                          
000071b9  ti_sysbios_hal_Hwi_startup__E                                   
000071c1  ti_sysbios_family_arm_m3_Hwi_doTaskRestore__I                   
000071c9  HwiP_restore                                                    
000071c9  ti_sysbios_family_arm_m3_Hwi_restoreFxn__E                      
000071c9  ti_sysbios_hal_Hwi_HwiProxy_restore__E                          
000071d1  ti_sysbios_gates_GateHwi_leave__E                               
000071d9  ti_sysbios_heaps_HeapMem_isBlocking__E                          
000071e1  ti_sysbios_knl_Queue_Instance_init__E                           
000071e9  ti_sysbios_knl_Swi_startup__E                                   
000071f1  xdc_runtime_System_Module_startup__E                            
000071f9  __aeabi_errno_addr                                              
00007201  ti_sysbios_gates_GateHwi_query__E                               
00007201  xdc_runtime_Main_Module_GateProxy_query__E                      
00007201  xdc_runtime_System_Module_GateProxy_query__E                    
00007209  ti_sysbios_BIOS_RtsGateProxy_query__E                           
00007209  ti_sysbios_gates_GateMutex_query__E                             
00007209  ti_sysbios_heaps_HeapMem_Module_GateProxy_query__E              
00007211  ti_sysbios_knl_Task_startup__E                                  
00007219  ti_sysbios_BIOS_linkedWithIncorrectBootLibrary__E               
00007221  ti_sysbios_gates_GateHwi_Instance_init__E                       
00007229  ti_sysbios_knl_Clock_logTick__E                                 
00007231  xdc_runtime_SysCallback_defaultAbort                            
00007239  xdc_runtime_SysCallback_defaultExit                             
00007241  xdc_runtime_System_abortSpin__E                                 
00007249  xdc_runtime_System_exitSpin__E                                  
0000724c  _ctypes_                                                        
0000734d  Display_count                                                   
0000734e  I2C_count                                                       
0000734f  UART_count                                                      
00007398  ti_sysbios_knl_Task_Object__PARAMS__C                           
000073d4  PowerMSP432_config                                              
0000740c  ti_sysbios_family_arm_m3_Hwi_Object__PARAMS__C                  
0000743c  ti_sysbios_heaps_HeapMem_Module__FXNS__C                        
00007464  ti_sysbios_gates_GateHwi_Module__FXNS__C                        
00007488  ti_sysbios_gates_GateMutex_Module__FXNS__C                      
000074ac  ti_sysbios_heaps_HeapMem_Object__PARAMS__C                      
000074d0  ti_sysbios_knl_Semaphore_Object__PARAMS__C                      
000074f4  xdc_runtime_Startup_sfxnTab__A                                  
00007518  ti_sysbios_family_arm_m3_Hwi_Object__DESC__C                    
00007538  ti_sysbios_gates_GateHwi_Object__DESC__C                        
00007558  ti_sysbios_gates_GateMutex_Object__DESC__C                      
00007578  ti_sysbios_heaps_HeapMem_Object__DESC__C                        
00007598  ti_sysbios_knl_Queue_Object__DESC__C                            
000075b8  ti_sysbios_knl_Semaphore_Object__DESC__C                        
000075d8  ti_sysbios_knl_Task_Object__DESC__C                             
000075f8  I2CMSP432_fxnTable                                              
00007610  ti_sysbios_gates_GateHwi_Object__PARAMS__C                      
00007628  ti_sysbios_gates_GateMutex_Object__PARAMS__C                    
00007640  ti_sysbios_knl_Queue_Object__PARAMS__C                          
00007658  ti_sysbios_knl_Task_hooks__A                                    
00007670  i2cMSP432HWAttrs                                                
00007684  xdc_runtime_Startup_sfxnRts__A                                  
00007696  ti_sysbios_family_arm_m3_Hwi_Module__id__C                      
00007698  I2C_defaultParams                                               
000076a8  I2C_config                                                      
000076c0  xdc_runtime_Startup_firstFxns__A                                
000076cc  ti_sysbios_knl_Idle_funcList__A                                 
000076d4  ti_sysbios_knl_Idle_funcList__C                                 
000076dc  ti_sysbios_knl_Task_hooks__C                                    
000076e4  xdc_runtime_Startup_firstFxns__C                                
000076ec  xdc_runtime_Startup_lastFxns__C                                 
000076f4  ti_sysbios_family_arm_m3_Hwi_E_alreadyDefined__C                
000076f8  ti_sysbios_family_arm_m3_Hwi_E_badIntNum__C                     
000076fc  ti_sysbios_family_arm_m3_Hwi_NUM_INTERRUPTS__C                  
00007700  ti_sysbios_family_arm_m3_Hwi_Object__count__C                   
00007704  ti_sysbios_family_arm_m3_Hwi_ccr__C                             
00007708  ti_sysbios_family_arm_m3_Hwi_excHandlerFunc__C                  
0000770c  ti_sysbios_family_arm_m3_Hwi_nullIsrFunc__C                     
00007710  ti_sysbios_family_arm_m3_Hwi_priGroup__C                        
00007714  ti_sysbios_family_arm_m3_Hwi_swiDisable__C                      
00007718  ti_sysbios_family_arm_m3_Hwi_swiRestore__C                      
0000771c  ti_sysbios_family_arm_m3_TaskSupport_stackAlignment__C          
00007720  ti_sysbios_family_arm_msp432_Timer_numTimerDevices__C           
00007724  ti_sysbios_family_arm_msp432_Timer_startupNeeded__C             
00007728  ti_sysbios_gates_GateMutex_Instance_State_sem__O                
0000772c  ti_sysbios_heaps_HeapMem_E_memory__C                            
00007730  ti_sysbios_heaps_HeapMem_Module__gateObj__C                     
00007734  ti_sysbios_heaps_HeapMem_Object__count__C                       
00007738  ti_sysbios_heaps_HeapMem_primaryHeapBaseAddr__C                 
0000773c  ti_sysbios_heaps_HeapMem_primaryHeapEndAddr__C                  
00007740  ti_sysbios_heaps_HeapMem_reqAlign__C                            
00007744  ti_sysbios_knl_Clock_Module_State_clockQ__O                     
00007748  ti_sysbios_knl_Mailbox_Instance_State_freeQue__O                
0000774c  ti_sysbios_knl_Mailbox_Object__count__C                         
00007750  ti_sysbios_knl_Mailbox_maxTypeAlign__C                          
00007754  ti_sysbios_knl_Semaphore_Instance_State_pendQ__O                
00007758  ti_sysbios_knl_Swi_Object__count__C                             
0000775c  ti_sysbios_knl_Task_Module_State_inactiveQ__O                   
00007760  ti_sysbios_knl_Task_Object__count__C                            
00007764  ti_sysbios_knl_Task_Object__heap__C                             
00007768  ti_sysbios_knl_Task_allBlockedFunc__C                           
0000776c  ti_sysbios_knl_Task_defaultStackHeap__C                         
00007770  ti_sysbios_knl_Task_defaultStackSize__C                         
00007774  ti_sysbios_knl_Task_numConstructedTasks__C                      
00007778  xdc_runtime_Error_E_memory__C                                   
0000777c  xdc_runtime_Error_policyFxn__C                                  
00007780  xdc_runtime_IGateProvider_Interface__BASE__C                    
00007784  xdc_runtime_IHeap_Interface__BASE__C                            
00007788  xdc_runtime_IModule_Interface__BASE__C                          
0000778c  xdc_runtime_Memory_defaultHeapInstance__C                       
00007790  xdc_runtime_Startup_execImpl__C                                 
00007794  xdc_runtime_Startup_maxPasses__C                                
00007798  xdc_runtime_Startup_sfxnRts__C                                  
0000779c  xdc_runtime_Startup_sfxnTab__C                                  
000077a0  xdc_runtime_SysCallback_abortFxn__C                             
000077a4  xdc_runtime_SysCallback_exitFxn__C                              
000077a8  xdc_runtime_System_Module__gateObj__C                           
000077ac  xdc_runtime_System_abortFxn__C                                  
000077b0  xdc_runtime_System_exitFxn__C                                   
000077b4  xdc_runtime_System_maxAtexitHandlers__C                         
000077b8  xdc_runtime_Text_charTab__C                                     
000077bc  xdc_runtime_Text_nameEmpty__C                                   
000077c0  xdc_runtime_Text_nameStatic__C                                  
000077c4  xdc_runtime_Text_nameUnknown__C                                 
000077c8  ti_sysbios_family_arm_msp432_init_Boot_bypassHFXT__C            
000077ca  ti_sysbios_family_arm_msp432_init_Boot_bypassLFXT__C            
000077cc  ti_sysbios_family_arm_msp432_init_Boot_enableHFXT__C            
000077ce  ti_sysbios_family_arm_msp432_init_Boot_enableLFXT__C            
000077d0  ti_sysbios_heaps_HeapMem_Module__id__C                          
000077d2  xdc_runtime_Memory_Module__id__C                                
000077d4  xdc_runtime_Text_charCnt__C                                     
000077d6  xdc_runtime_Text_isLoaded__C                                    
000077d8  xdc_runtime_Error_policy__C                                     
000077d9  xdc_runtime_Text_charTab__A                                     
000077e0  __TI_static_base__                                              
00007a3c  __TI_Handler_Table_Base                                         
00007a48  __TI_Handler_Table_Limit                                        
00007a50  __TI_CINIT_Base                                                 
00007a60  __TI_CINIT_Limit                                                
00008000  HEAPSIZE                                                        
20000000  ti_sysbios_family_arm_m3_Hwi_ramVectors                         
20000140  __primary_heap_start__                                          
20008140  PowerMSP432_perfLevels                                          
20008140  __primary_heap_end__                                            
20008280  _ftable                                                         
200083f8  ti_sysbios_knl_Swi_Module_State_0_readyQ__A                     
20008478  ti_sysbios_knl_Task_Module_State_0_readyQ__A                    
200084f8  _device                                                         
20008570  ti_sysbios_gates_GateMutex_Object__table__V                     
200085c4  _stream                                                         
20008614  ti_sysbios_knl_Task_Object__table__V                            
20008660  ti_sysbios_family_arm_msp432_Timer_Object__table__V             
200086a4  ti_sysbios_knl_Task_Module__state__V                            
200086e8  ti_sysbios_family_arm_m3_Hwi_Module__state__V                   
2000871c  ti_sysbios_knl_Swi_Object__table__V                             
2000874c  PowerMSP432_module                                              
20008778  ti_sysbios_knl_Clock_Module__state__V                           
200087a4  ti_sysbios_BIOS_Module__state__V                                
200087c8  ti_sysbios_family_arm_msp432_Timer_Module_State_0_device__A     
200087e8  xdc_runtime_Error_IgnoreBlock                                   
20008808  ti_sysbios_knl_Swi_Module__state__V                             
20008824  ti_sysbios_family_arm_m3_Hwi_Object__table__V                   
2000883c  ti_sysbios_heaps_HeapMem_Object__table__V                       
20008854  __TI_ft_end                                                     
20008858  __aeabi_stdin                                                   
2000885c  __aeabi_stdout                                                  
20008860  __aeabi_stderr                                                  
20008864  ti_sysbios_family_arm_msp432_Timer_Module_State_0_handles__A    
20008874  __TI_cleanup_ptr                                                
20008878  __TI_dtors_ptr                                                  
2000887c  __TI_enable_exit_profile_output                                 
20008880  ti_sysbios_family_arm_msp432_ClockFreqs_Module__state__V        
2000888c  ti_sysbios_family_arm_msp432_Timer_Module__state__V             
20008898  _lock                                                           
2000889c  _unlock                                                         
200088a0  ti_sysbios_family_arm_m3_Hwi_Module__root__V                    
200088a8  ti_sysbios_gates_GateHwi_Module__root__V                        
200088b0  ti_sysbios_gates_GateMutex_Module__root__V                      
200088b8  ti_sysbios_heaps_HeapMem_Module__root__V                        
200088c0  ti_sysbios_knl_Queue_Module__root__V                            
200088c8  ti_sysbios_knl_Semaphore_Module__root__V                        
200088d0  ti_sysbios_knl_Task_Module__root__V                             
200088d8  xdc_runtime_Startup_Module__state__V                            
200088e0  xdc_runtime_System_Module_State_0_atexitHandlers__A             
200088e8  xdc_runtime_System_Module__state__V                             
200088f0  main_func_sp                                                    
200088f4  ti_sysbios_family_arm_m3_Hwi_Module_State_0_excContext__A       
200088f8  ti_sysbios_family_arm_m3_Hwi_Module_State_0_excStack__A         
200088fc  ti_sysbios_gates_GateHwi_Object__table__V                       
20008900  ti_sysbios_knl_Task_Module_State_0_idleTask__A                  
20008904  ti_sysbios_rts_ti_ReentSupport_Module__state__V                 
20008908  xdc_runtime_Memory_Module__state__V                             
2000890c  ti_sysbios_family_arm_m3_Hwi_Module_State_0_excActive__A        
2000890e  retVal                                                          
20008910  ti_sysbios_knl_Task_Instance_State_0_stack__A                   
20008b10  ti_sysbios_family_arm_m3_Hwi_dispatchTable                      
20008c50  __CIOBUF_                                                       
20008d70  __TI_tmpnams                                                    
20008e10  i2cMSP432Objects                                                
20008e60  i2cTransaction                                                  
20008e7c  i2cParams                                                       
20008e8c  rxBuffer                                                        
20008e98  txBuffer                                                        
20008eb4  parmbuf                                                         
20008ebc  i2c                                                             
20008ec0  ti_sysbios_knl_Task_Instance_State_0_hookEnv__A                 
2000fc00  __stack                                                         
20010000  __STACK_END                                                     
4000480c  WDTCTL_SYM                                                      
e000e000  ti_sysbios_family_arm_m3_Hwi_nvic                               
ffffffff  __TI_pprof_out_hndl                                             
ffffffff  __TI_prof_data_size                                             
ffffffff  __TI_prof_data_start                                            
ffffffff  __binit__                                                       
ffffffff  __c_args__                                                      
ffffffff  binit                                                           
UNDEFED   SHT$$INIT_ARRAY$$Base                                           
UNDEFED   SHT$$INIT_ARRAY$$Limit                                          

[578 symbols]
