******************************************************************************
                  TI ARM Linker PC v18.12.1                    
******************************************************************************
>> Linked Wed Nov  6 14:55:00 2019

OUTPUT FILE NAME:   <SMARTlockProject.out>
ENTRY POINT SYMBOL: "_c_int00_noargs"  address: 0000143d


MEMORY CONFIGURATION

         name            origin    length      used     unused   attr    fill
----------------------  --------  ---------  --------  --------  ----  --------
  MAIN                  00000000   00040000  000014f8  0003eb08  R  X
  INFO                  00200000   00004000  00000000  00004000  R  X
  SRAM_CODE             01000000   00010000  0000122c  0000edd4  RW X
  SRAM_DATA             20000000   00010000  0000122c  0000edd4  RW  


SEGMENT ALLOCATION MAP

run origin  load origin   length   init length attrs members
----------  ----------- ---------- ----------- ----- -------
00000000    00000000    000014f8   000014f8    r-x
  00000000    00000000    000000e4   000000e4    r-- .intvecs
  000000e4    000000e4    000013d4   000013d4    r-x .text
  000014b8    000014b8    00000040   00000040    r-- .cinit
20000000    20000000    0000102c   00000000    rw-
  20000000    20000000    0000101c   00000000    rw- .bss
  2000101c    2000101c    00000010   00000000    rw- .data
2000fe00    2000fe00    00000200   00000000    rw-
  2000fe00    2000fe00    00000200   00000000    rw- .stack


SECTION ALLOCATION MAP

 output                                  attributes/
section   page    origin      length       input sections
--------  ----  ----------  ----------   ----------------
.intvecs   0    00000000    000000e4     
                  00000000    000000e4     startup_msp432p401r_ccs.obj (.intvecs:retain)

.text      0    000000e4    000013d4     
                  000000e4    000004e8     lcd16.obj (.text)
                  000005cc    00000350     UART_Driver.obj (.text)
                  0000091c    00000334     system_msp432p401r.obj (.text)
                  00000c50    00000284     keypad.obj (.text)
                  00000ed4    0000015c     GPIO_Driver.obj (.text)
                  00001030    0000011c     msp432p4xx_driverlib.lib : uart.o (.text:UART_initModule)
                  0000114c    0000009c     rtsv7M4_T_le_v4SPD16_eabi.lib : memcpy_t2.asm.obj (.text)
                  000011e8    0000007a                                   : memset_t2.asm.obj (.text)
                  00001262    00000068                                   : copy_decompress_lzss.c.obj (.text:decompress:lzss:__TI_decompress_lzss)
                  000012ca    00000064     msp432p4xx_driverlib.lib : uart.o (.text:UART_getEnabledInterruptStatus)
                  0000132e    00000002     --HOLE-- [fill = 0]
                  00001330    00000064     infrared.obj (.text)
                  00001394    00000064     main.obj (.text)
                  000013f8    00000044     rtsv7M4_T_le_v4SPD16_eabi.lib : autoinit.c.obj (.text:__TI_auto_init_nobinit_nopinit:__TI_auto_init_nobinit_nopinit)
                  0000143c    00000034                                   : boot_cortex_m.c.obj (.text:_c_int00_noargs:_c_int00_noargs)
                  00001470    00000018     msp432p4xx_driverlib.lib : uart.o (.text:UART_getInterruptStatus)
                  00001488    0000000e     rtsv7M4_T_le_v4SPD16_eabi.lib : copy_decompress_none.c.obj (.text:decompress:none:__TI_decompress_none)
                  00001496    0000000e     startup_msp432p401r_ccs.obj (.text)
                  000014a4    0000000c     rtsv7M4_T_le_v4SPD16_eabi.lib : copy_zero_init.c.obj (.text:decompress:ZI:__TI_zero_init)
                  000014b0    00000004                                   : pre_init.c.obj (.text:_system_pre_init)
                  000014b4    00000004                                   : exit.c.obj (.text:abort:abort)

.cinit     0    000014b8    00000040     
                  000014b8    00000016     (.cinit..data.load) [load image, compression = lzss]
                  000014ce    00000002     --HOLE-- [fill = 0]
                  000014d0    0000000c     (__TI_handler_table)
                  000014dc    00000004     --HOLE-- [fill = 0]
                  000014e0    00000008     (.cinit..bss.load) [load image, compression = zero_init]
                  000014e8    00000010     (__TI_cinit_table)

.init_array 
*          0    00000000    00000000     UNINITIALIZED

.binit     0    00000000    00000000     

.bss       0    20000000    0000101c     UNINITIALIZED
                  20000000    00000800     (.common:UARTA0Data)
                  20000800    00000800     (.common:UARTA2Data)
                  20001000    00000008     (.common:password)
                  20001008    00000004     (.common:GPIO_STATUS)
                  2000100c    00000004     (.common:UARTA0ReadIndex)
                  20001010    00000004     (.common:UARTA0WriteIndex)
                  20001014    00000004     (.common:UARTA2ReadIndex)
                  20001018    00000004     (.common:UARTA2WriteIndex)

.data      0    2000101c    00000010     UNINITIALIZED
                  2000101c    0000000c     keypad.obj (.data)
                  20001028    00000004     system_msp432p401r.obj (.data)

.stack     0    2000fe00    00000200     UNINITIALIZED
                  2000fe00    00000004     rtsv7M4_T_le_v4SPD16_eabi.lib : boot_cortex_m.c.obj (.stack)
                  2000fe04    000001fc     --HOLE--

MODULE SUMMARY

       Module                        code   ro data   rw data
       ------                        ----   -------   -------
    .\
       system_msp432p401r.obj        820    0         8      
       startup_msp432p401r_ccs.obj   14     228       0      
       main.obj                      100    0         24     
    +--+-----------------------------+------+---------+---------+
       Total:                        934    228       32     
                                                             
    .\Devices\
       lcd16.obj                     1256   0         0      
       keypad.obj                    644    0         24     
       infrared.obj                  100    0         0      
    +--+-----------------------------+------+---------+---------+
       Total:                        2000   0         24     
                                                             
    .\Hardware\
       UART_Driver.obj               848    0         8224   
       GPIO_Driver.obj               348    0         0      
    +--+-----------------------------+------+---------+---------+
       Total:                        1196   0         8224   
                                                             
    C:/ti/simplelink_msp432p4_sdk_3_30_00_13/source/ti/devices/msp432p4xx/driverlib/ccs/msp432p4xx_driverlib.lib
       uart.o                        408    0         0      
    +--+-----------------------------+------+---------+---------+
       Total:                        408    0         0      
                                                             
    C:\ti\ccs901\ccs\tools\compiler\ti-cgt-arm_18.12.1.LTS\lib\rtsv7M4_T_le_v4SPD16_eabi.lib
       memcpy_t2.asm.obj             156    0         0      
       memset_t2.asm.obj             122    0         0      
       copy_decompress_lzss.c.obj    104    0         0      
       autoinit.c.obj                68     0         0      
       boot_cortex_m.c.obj           52     0         0      
       copy_decompress_none.c.obj    14     0         0      
       copy_zero_init.c.obj          12     0         0      
       exit.c.obj                    4      0         0      
       pre_init.c.obj                4      0         0      
    +--+-----------------------------+------+---------+---------+
       Total:                        536    0         0      
                                                             
       Stack:                        0      0         1024   
       Linker Generated:             0      58        0      
    +--+-----------------------------+------+---------+---------+
       Grand Total:                  5074   286       9304   


LINKER GENERATED COPY TABLES

__TI_cinit_table @ 000014e8 records: 2, size/record: 8, table size: 16
	.data: load addr=000014b8, load size=00000016 bytes, run addr=2000101c, run size=00000010 bytes, compression=lzss
	.bss: load addr=000014e0, load size=00000008 bytes, run addr=20000000, run size=0000101c bytes, compression=zero_init


LINKER GENERATED HANDLER TABLE

__TI_handler_table @ 000014d0 records: 3, size/record: 4, table size: 12
	index: 0, handler: __TI_decompress_lzss
	index: 1, handler: __TI_decompress_none
	index: 2, handler: __TI_zero_init


GLOBAL SYMBOLS: SORTED ALPHABETICALLY BY Name 

address   name                          
-------   ----                          
000014a3  ADC14_IRQHandler              
000014a3  AES256_IRQHandler             
000014a3  BusFault_Handler              
000014b5  C$$EXIT                       
000014a3  COMP_E0_IRQHandler            
000014a3  COMP_E1_IRQHandler            
000014a3  CS_IRQHandler                 
000014a3  DMA_ERR_IRQHandler            
000014a3  DMA_INT0_IRQHandler           
000014a3  DMA_INT1_IRQHandler           
000014a3  DMA_INT2_IRQHandler           
000014a3  DMA_INT3_IRQHandler           
000014a3  DebugMon_Handler              
000014a3  Default_Handler               
00000815  EUSCIA0_IRQHandler            
00000815  EUSCIA0_IRQHandler            
000014a3  EUSCIA1_IRQHandler            
00000891  EUSCIA2_IRQHandler            
00000891  EUSCIA2_IRQHandler            
000014a3  EUSCIA3_IRQHandler            
000014a3  EUSCIB0_IRQHandler            
000014a3  EUSCIB1_IRQHandler            
000014a3  EUSCIB2_IRQHandler            
000014a3  EUSCIB3_IRQHandler            
000014a3  FLCTL_IRQHandler              
000014a3  FPU_IRQHandler                
00000fa9  GPIO_Clear_Interrupt_Flag     
00000f8f  GPIO_Interrupt_Disable        
00000f3d  GPIO_Interrupt_Edge_High      
00000f59  GPIO_Interrupt_Edge_Low       
00000f75  GPIO_Interrupt_Enable         
00000f09  GPIO_Output_High              
00000f23  GPIO_Output_Low               
20001008  GPIO_STATUS                   
00001011  GPIO_getInputPin_Value        
00000ff7  GPIO_getInterrupt_Status      
00000eef  GPIO_setAsInput               
00000fc3  GPIO_setAsInput_PullDown      
00000fdd  GPIO_setAsInput_PullUp        
00000ed5  GPIO_setAsOutput              
000014a3  HardFault_Handler             
000014a3  MemManage_Handler             
000014a3  NMI_Handler                   
000014a3  PCM_IRQHandler                
000014a3  PORT1_IRQHandler              
000014a3  PORT2_IRQHandler              
000014a3  PORT3_IRQHandler              
000014a3  PORT4_IRQHandler              
000013bb  PORT5_IRQHandler              
000013bb  PORT5_IRQHandler              
000014a3  PORT6_IRQHandler              
000014a3  PSS_IRQHandler                
000014a3  PendSV_Handler                
2000101c  R1C1                          
2000101d  R1C2                          
2000101e  R1C3                          
2000101f  R2C1                          
20001020  R2C2                          
20001021  R2C3                          
20001022  R3C1                          
20001023  R3C2                          
20001024  R3C3                          
20001025  R4C1                          
20001026  R4C2                          
20001027  R4C3                          
000014a3  RTC_C_IRQHandler              
00001497  Reset_Handler                 
000014a3  SVC_Handler                   
000014a3  SysTick_Handler               
20001028  SystemCoreClock               
0000091d  SystemCoreClockUpdate         
00000b95  SystemInit                    
000014a3  T32_INT1_IRQHandler           
000014a3  T32_INT2_IRQHandler           
000014a3  T32_INTC_IRQHandler           
000014a3  TA0_0_IRQHandler              
000014a3  TA0_N_IRQHandler              
000014a3  TA1_0_IRQHandler              
000014a3  TA1_N_IRQHandler              
000014a3  TA2_0_IRQHandler              
000014a3  TA2_N_IRQHandler              
000014a3  TA3_0_IRQHandler              
000014a3  TA3_N_IRQHandler              
20000000  UARTA0Data                    
2000100c  UARTA0ReadIndex               
20001010  UARTA0WriteIndex              
20000800  UARTA2Data                    
20001014  UARTA2ReadIndex               
20001018  UARTA2WriteIndex              
000007a9  UART_Available                
000007e1  UART_Flush                    
000005cd  UART_Init                     
000006b1  UART_Read                     
00000675  UART_Write                    
000012cb  UART_getEnabledInterruptStatus
00001471  UART_getInterruptStatus       
00001031  UART_initModule               
000014a3  UsageFault_Handler            
4000480c  WDTCTL_SYM                    
000014a3  WDT_A_IRQHandler              
20010000  __STACK_END                   
00000200  __STACK_SIZE                  
000014e8  __TI_CINIT_Base               
000014f8  __TI_CINIT_Limit              
000014d0  __TI_Handler_Table_Base       
000014dc  __TI_Handler_Table_Limit      
000013f9  __TI_auto_init_nobinit_nopinit
00001263  __TI_decompress_lzss          
00001489  __TI_decompress_none          
ffffffff  __TI_pprof_out_hndl           
ffffffff  __TI_prof_data_size           
ffffffff  __TI_prof_data_start          
00000000  __TI_static_base__            
000014a5  __TI_zero_init                
000011e9  __aeabi_memclr                
000011e9  __aeabi_memclr4               
000011e9  __aeabi_memclr8               
0000114d  __aeabi_memcpy                
0000114d  __aeabi_memcpy4               
0000114d  __aeabi_memcpy8               
000011eb  __aeabi_memset                
000011eb  __aeabi_memset4               
000011eb  __aeabi_memset8               
ffffffff  __binit__                     
ffffffff  __c_args__                    
UNDEFED   __mpu_init                    
2000fe00  __stack                       
0000143d  _c_int00_noargs               
UNDEFED   _system_post_cinit            
000014b1  _system_pre_init              
000014b5  abort                         
ffffffff  binit                         
00000c87  checkpassword                 
000004eb  gotoXy                        
0000135f  infrareddetect                
00001331  infraredinit                  
0000136b  infrarednodetect              
00000c51  insertpassword                
00000525  integerToLcd                  
00000000  interruptVectors              
00000d3d  keypadcolcheck                
00000ce5  keypadcolinit                 
00000ddf  keypadinit                    
00000deb  keypadpress                   
00000cc1  keypadrowinit                 
00000d19  keypadrowoutput               
00000219  lcdData                       
000000e5  lcdcmd                        
0000034d  lcdinit                       
00001395  main                          
0000114d  memcpy                        
000011f1  memset                        
20001000  password                      
000004cd  prints                        
00000495  waitlcd                       


GLOBAL SYMBOLS: SORTED BY Symbol Address 

address   name                          
-------   ----                          
00000000  __TI_static_base__            
00000000  interruptVectors              
000000e5  lcdcmd                        
00000200  __STACK_SIZE                  
00000219  lcdData                       
0000034d  lcdinit                       
00000495  waitlcd                       
000004cd  prints                        
000004eb  gotoXy                        
00000525  integerToLcd                  
000005cd  UART_Init                     
00000675  UART_Write                    
000006b1  UART_Read                     
000007a9  UART_Available                
000007e1  UART_Flush                    
00000815  EUSCIA0_IRQHandler            
00000815  EUSCIA0_IRQHandler            
00000891  EUSCIA2_IRQHandler            
00000891  EUSCIA2_IRQHandler            
0000091d  SystemCoreClockUpdate         
00000b95  SystemInit                    
00000c51  insertpassword                
00000c87  checkpassword                 
00000cc1  keypadrowinit                 
00000ce5  keypadcolinit                 
00000d19  keypadrowoutput               
00000d3d  keypadcolcheck                
00000ddf  keypadinit                    
00000deb  keypadpress                   
00000ed5  GPIO_setAsOutput              
00000eef  GPIO_setAsInput               
00000f09  GPIO_Output_High              
00000f23  GPIO_Output_Low               
00000f3d  GPIO_Interrupt_Edge_High      
00000f59  GPIO_Interrupt_Edge_Low       
00000f75  GPIO_Interrupt_Enable         
00000f8f  GPIO_Interrupt_Disable        
00000fa9  GPIO_Clear_Interrupt_Flag     
00000fc3  GPIO_setAsInput_PullDown      
00000fdd  GPIO_setAsInput_PullUp        
00000ff7  GPIO_getInterrupt_Status      
00001011  GPIO_getInputPin_Value        
00001031  UART_initModule               
0000114d  __aeabi_memcpy                
0000114d  __aeabi_memcpy4               
0000114d  __aeabi_memcpy8               
0000114d  memcpy                        
000011e9  __aeabi_memclr                
000011e9  __aeabi_memclr4               
000011e9  __aeabi_memclr8               
000011eb  __aeabi_memset                
000011eb  __aeabi_memset4               
000011eb  __aeabi_memset8               
000011f1  memset                        
00001263  __TI_decompress_lzss          
000012cb  UART_getEnabledInterruptStatus
00001331  infraredinit                  
0000135f  infrareddetect                
0000136b  infrarednodetect              
00001395  main                          
000013bb  PORT5_IRQHandler              
000013bb  PORT5_IRQHandler              
000013f9  __TI_auto_init_nobinit_nopinit
0000143d  _c_int00_noargs               
00001471  UART_getInterruptStatus       
00001489  __TI_decompress_none          
00001497  Reset_Handler                 
000014a3  ADC14_IRQHandler              
000014a3  AES256_IRQHandler             
000014a3  BusFault_Handler              
000014a3  COMP_E0_IRQHandler            
000014a3  COMP_E1_IRQHandler            
000014a3  CS_IRQHandler                 
000014a3  DMA_ERR_IRQHandler            
000014a3  DMA_INT0_IRQHandler           
000014a3  DMA_INT1_IRQHandler           
000014a3  DMA_INT2_IRQHandler           
000014a3  DMA_INT3_IRQHandler           
000014a3  DebugMon_Handler              
000014a3  Default_Handler               
000014a3  EUSCIA1_IRQHandler            
000014a3  EUSCIA3_IRQHandler            
000014a3  EUSCIB0_IRQHandler            
000014a3  EUSCIB1_IRQHandler            
000014a3  EUSCIB2_IRQHandler            
000014a3  EUSCIB3_IRQHandler            
000014a3  FLCTL_IRQHandler              
000014a3  FPU_IRQHandler                
000014a3  HardFault_Handler             
000014a3  MemManage_Handler             
000014a3  NMI_Handler                   
000014a3  PCM_IRQHandler                
000014a3  PORT1_IRQHandler              
000014a3  PORT2_IRQHandler              
000014a3  PORT3_IRQHandler              
000014a3  PORT4_IRQHandler              
000014a3  PORT6_IRQHandler              
000014a3  PSS_IRQHandler                
000014a3  PendSV_Handler                
000014a3  RTC_C_IRQHandler              
000014a3  SVC_Handler                   
000014a3  SysTick_Handler               
000014a3  T32_INT1_IRQHandler           
000014a3  T32_INT2_IRQHandler           
000014a3  T32_INTC_IRQHandler           
000014a3  TA0_0_IRQHandler              
000014a3  TA0_N_IRQHandler              
000014a3  TA1_0_IRQHandler              
000014a3  TA1_N_IRQHandler              
000014a3  TA2_0_IRQHandler              
000014a3  TA2_N_IRQHandler              
000014a3  TA3_0_IRQHandler              
000014a3  TA3_N_IRQHandler              
000014a3  UsageFault_Handler            
000014a3  WDT_A_IRQHandler              
000014a5  __TI_zero_init                
000014b1  _system_pre_init              
000014b5  C$$EXIT                       
000014b5  abort                         
000014d0  __TI_Handler_Table_Base       
000014dc  __TI_Handler_Table_Limit      
000014e8  __TI_CINIT_Base               
000014f8  __TI_CINIT_Limit              
20000000  UARTA0Data                    
20000800  UARTA2Data                    
20001000  password                      
20001008  GPIO_STATUS                   
2000100c  UARTA0ReadIndex               
20001010  UARTA0WriteIndex              
20001014  UARTA2ReadIndex               
20001018  UARTA2WriteIndex              
2000101c  R1C1                          
2000101d  R1C2                          
2000101e  R1C3                          
2000101f  R2C1                          
20001020  R2C2                          
20001021  R2C3                          
20001022  R3C1                          
20001023  R3C2                          
20001024  R3C3                          
20001025  R4C1                          
20001026  R4C2                          
20001027  R4C3                          
20001028  SystemCoreClock               
2000fe00  __stack                       
20010000  __STACK_END                   
4000480c  WDTCTL_SYM                    
ffffffff  __TI_pprof_out_hndl           
ffffffff  __TI_prof_data_size           
ffffffff  __TI_prof_data_start          
ffffffff  __binit__                     
ffffffff  __c_args__                    
ffffffff  binit                         
UNDEFED   __mpu_init                    
UNDEFED   _system_post_cinit            

[155 symbols]
